
=== X / est_err / stage 1  weights=(1.0, 0.7, 7.0, 1.0, 0.3, 0.0, 0.0) ===
    N=1000 dt=1.0 ns  trunc_list=[20]  [eigh + analytic adjoint]
    start  c1=0.85415  c2=0.45305  c3=0.12295  c4=0  cerr=0.86491  c5=0.0013211  c6=5198.5   [F1=0.14585  F_ET=0.54695  F_err=0.13509]
    end    c1=0.025614  c2=0.26127  c3=0.010468  c4=0.00014047  cerr=0.067821  c5=0.0003361  c6=12169   [F1=0.97439  F_ET=0.73873  F_err=0.93218]
    STOP: TOTAL NO. of ITERATIONS REACHED LIMIT
    nit=2000 nfev=2159 cost=3.022628e-01 (1619.4s)
    -> /Users/ziyi_dong_mac/Documents/GitHub/Qubit-Drive-GRAPE/pulses/est/u_X_est_err_seed6_stage1.npy
    -> /Users/ziyi_dong_mac/Documents/GitHub/Qubit-Drive-GRAPE/pulses/est/x_X_est_err_seed6_stage1.npy

=== X / est_err / stage 2  weights=(1.0, 0.1, 0.0, 1.0, 0.3, 0.0, 0.0) ===
    N=1000 dt=1.0 ns  trunc_list=[20]  [eigh + analytic adjoint]
    start  c1=0.025614  c2=0.26127  c3=0.010468  c4=0.00014047  cerr=0.067821  c5=0.0003361  c6=12169   [F1=0.97439  F_ET=0.73873  F_err=0.93218]
    end    c1=0.00050144  c2=0.25041  c3=0.11562  c4=5.8232e-06  cerr=0.0036919  c5=0.00075176  c6=11059   [F1=0.99950  F_ET=0.74959  F_err=0.99631]
    STOP: TOTAL NO. of ITERATIONS REACHED LIMIT
    nit=2000 nfev=2196 cost=2.665590e-02 (1631.5s)
    -> /Users/ziyi_dong_mac/Documents/GitHub/Qubit-Drive-GRAPE/pulses/est/u_X_est_err_seed6_stage2.npy
    -> /Users/ziyi_dong_mac/Documents/GitHub/Qubit-Drive-GRAPE/pulses/est/x_X_est_err_seed6_stage2.npy

--- constraints on the saved pulse ---
  max_eps_cavity_rad_per_us: 25.14260383705273
  max_eps_transmon_rad_per_us: 25.155191643616718
  eps_max_rad_per_us: 25.132741228718345
  amplitude_cap_satisfied: True
  out_of_band_fraction: {'cavity': 0.000938643248768552, 'transmon': 0.00432694706176959}
  endpoint_rel_to_mid: [0.017173640834903005, 0.015853456521040123]

saved /Users/ziyi_dong_mac/Documents/GitHub/Qubit-Drive-GRAPE/pulses/est/u_X_est_err_seed6.npy
      /Users/ziyi_dong_mac/Documents/GitHub/Qubit-Drive-GRAPE/pulses/est/x_X_est_err_seed6.npy
      /Users/ziyi_dong_mac/Documents/GitHub/Qubit-Drive-GRAPE/logs/est_X_est_err_seed6.json
