
=== X / est_err_dn / stage 1  weights=(1.0, 0.7, 7.0, 1.0, 0.3, 30.0, 0.0) ===
    N=1000 dt=1.0 ns  trunc_list=[20]  [eigh + analytic adjoint]
    start  c1=0.85415  c2=0.45305  c3=0.12295  c4=0  cerr=0.86491  c5=0.0013211  c6=5198.5   [F1=0.14585  F_ET=0.54695  F_err=0.13509]
    end    c1=0.028244  c2=0.29946  c3=0.010289  c4=2.9577e-05  cerr=0.15669  c5=0.00010056  c6=16937   [F1=0.97176  F_ET=0.70054  F_err=0.84331]
    STOP: TOTAL NO. of ITERATIONS REACHED LIMIT
    nit=2000 nfev=2153 cost=3.599465e-01 (1615.2s)
    -> /Users/ziyi_dong_mac/Documents/GitHub/Qubit-Drive-GRAPE/pulses/est/u_X_est_err_dn_seed6_stage1.npy
    -> /Users/ziyi_dong_mac/Documents/GitHub/Qubit-Drive-GRAPE/pulses/est/x_X_est_err_dn_seed6_stage1.npy

=== X / est_err_dn / stage 2  weights=(1.0, 0.1, 0.0, 1.0, 0.3, 30.0, 0.0) ===
    N=1000 dt=1.0 ns  trunc_list=[20]  [eigh + analytic adjoint]
    start  c1=0.028244  c2=0.29946  c3=0.010289  c4=2.9577e-05  cerr=0.15669  c5=0.00010056  c6=16937   [F1=0.97176  F_ET=0.70054  F_err=0.84331]
    end    c1=0.0029174  c2=0.39822  c3=0.082913  c4=7.2555e-06  cerr=0.018231  c5=4.3254e-05  c6=12822   [F1=0.99708  F_ET=0.60178  F_err=0.98177]
    STOP: TOTAL NO. of ITERATIONS REACHED LIMIT
    nit=2000 nfev=2144 cost=4.951388e-02 (1596.8s)
    -> /Users/ziyi_dong_mac/Documents/GitHub/Qubit-Drive-GRAPE/pulses/est/u_X_est_err_dn_seed6_stage2.npy
    -> /Users/ziyi_dong_mac/Documents/GitHub/Qubit-Drive-GRAPE/pulses/est/x_X_est_err_dn_seed6_stage2.npy

--- constraints on the saved pulse ---
  max_eps_cavity_rad_per_us: 25.14791817568272
  max_eps_transmon_rad_per_us: 25.154220141366796
  eps_max_rad_per_us: 25.132741228718345
  amplitude_cap_satisfied: True
  out_of_band_fraction: {'cavity': 0.00016525751448872566, 'transmon': 0.004188981117177953}
  endpoint_rel_to_mid: [0.015966796143264635, 0.015566123075057121]

saved /Users/ziyi_dong_mac/Documents/GitHub/Qubit-Drive-GRAPE/pulses/est/u_X_est_err_dn_seed6.npy
      /Users/ziyi_dong_mac/Documents/GitHub/Qubit-Drive-GRAPE/pulses/est/x_X_est_err_dn_seed6.npy
      /Users/ziyi_dong_mac/Documents/GitHub/Qubit-Drive-GRAPE/logs/est_X_est_err_dn_seed6.json
