
=== X / est_all / stage 1  weights=(1.0, 0.7, 7.0, 1.0, 0.3, 30.0, 5e-06) ===
    N=1000 dt=1.0 ns  trunc_list=[20]  [eigh + analytic adjoint]
    start  c1=0.85415  c2=0.45305  c3=0.12295  c4=0  cerr=0.86491  c5=0.0013211  c6=5198.5   [F1=0.14585  F_ET=0.54695  F_err=0.13509]
    end    c1=0.024612  c2=0.3116  c3=0.011966  c4=1.0063e-05  cerr=0.11704  c5=0.00015154  c6=5411.3   [F1=0.97539  F_ET=0.68840  F_err=0.88296]
    STOP: TOTAL NO. of ITERATIONS REACHED LIMIT
    nit=2000 nfev=2131 cost=3.932121e-01 (1597.7s)
    -> /Users/ziyi_dong_mac/Documents/GitHub/Qubit-Drive-GRAPE/pulses/est/u_X_est_all_seed6_stage1.npy
    -> /Users/ziyi_dong_mac/Documents/GitHub/Qubit-Drive-GRAPE/pulses/est/x_X_est_all_seed6_stage1.npy

=== X / est_all / stage 2  weights=(1.0, 0.1, 0.0, 1.0, 0.3, 30.0, 5e-06) ===
    N=1000 dt=1.0 ns  trunc_list=[20]  [eigh + analytic adjoint]
    start  c1=0.024612  c2=0.3116  c3=0.011966  c4=1.0063e-05  cerr=0.11704  c5=0.00015154  c6=5411.3   [F1=0.97539  F_ET=0.68840  F_err=0.88296]
    end    c1=0.0022629  c2=0.38637  c3=0.15088  c4=9.9211e-07  cerr=0.01803  c5=2.9644e-05  c6=2394.6   [F1=0.99774  F_ET=0.61363  F_err=0.98197]
    STOP: TOTAL NO. of ITERATIONS REACHED LIMIT
    nit=2000 nfev=2126 cost=5.917232e-02 (1581.9s)
    -> /Users/ziyi_dong_mac/Documents/GitHub/Qubit-Drive-GRAPE/pulses/est/u_X_est_all_seed6_stage2.npy
    -> /Users/ziyi_dong_mac/Documents/GitHub/Qubit-Drive-GRAPE/pulses/est/x_X_est_all_seed6_stage2.npy

--- constraints on the saved pulse ---
  max_eps_cavity_rad_per_us: 25.140311923621375
  max_eps_transmon_rad_per_us: 25.143454365717506
  eps_max_rad_per_us: 25.132741228718345
  amplitude_cap_satisfied: True
  out_of_band_fraction: {'cavity': 7.770913992569311e-05, 'transmon': 0.0002139890524587996}
  endpoint_rel_to_mid: [0.011347833219857436, 0.013400954913715]

saved /Users/ziyi_dong_mac/Documents/GitHub/Qubit-Drive-GRAPE/pulses/est/u_X_est_all_seed6.npy
      /Users/ziyi_dong_mac/Documents/GitHub/Qubit-Drive-GRAPE/pulses/est/x_X_est_all_seed6.npy
      /Users/ziyi_dong_mac/Documents/GitHub/Qubit-Drive-GRAPE/logs/est_X_est_all_seed6.json
