
=== X / est_dn / stage 1  weights=(1.0, 0.7, 7.0, 1.0, 0.0, 30.0, 0.0) ===
    N=1000 dt=1.0 ns  trunc_list=[20]  [eigh + analytic adjoint]
    start  c1=0.85415  c2=0.45305  c3=0.12295  c4=0  cerr=0.86491  c5=0.0013211  c6=5198.5   [F1=0.14585  F_ET=0.54695  F_err=0.13509]
    end    c1=0.030484  c2=0.29285  c3=0.0081824  c4=3.7754e-05  cerr=0.67417  c5=0.00011686  c6=11015   [F1=0.96952  F_ET=0.70715  F_err=0.32583]
    STOP: TOTAL NO. of ITERATIONS REACHED LIMIT
    nit=2000 nfev=2127 cost=2.962981e-01 (1594.3s)
    -> /Users/ziyi_dong_mac/Documents/GitHub/Qubit-Drive-GRAPE/pulses/est/u_X_est_dn_seed6_stage1.npy
    -> /Users/ziyi_dong_mac/Documents/GitHub/Qubit-Drive-GRAPE/pulses/est/x_X_est_dn_seed6_stage1.npy

=== X / est_dn / stage 2  weights=(1.0, 0.1, 0.0, 1.0, 0.0, 30.0, 0.0) ===
    N=1000 dt=1.0 ns  trunc_list=[20]  [eigh + analytic adjoint]
    start  c1=0.030484  c2=0.29285  c3=0.0081824  c4=3.7754e-05  cerr=0.67417  c5=0.00011686  c6=11015   [F1=0.96952  F_ET=0.70715  F_err=0.32583]
    end    c1=0.00090894  c2=0.28228  c3=0.10624  c4=2.7875e-06  cerr=0.66314  c5=1.0715e-05  c6=11451   [F1=0.99909  F_ET=0.71772  F_err=0.33686]
    STOP: TOTAL NO. of ITERATIONS REACHED LIMIT
    nit=2000 nfev=2146 cost=2.946117e-02 (1598.3s)
    -> /Users/ziyi_dong_mac/Documents/GitHub/Qubit-Drive-GRAPE/pulses/est/u_X_est_dn_seed6_stage2.npy
    -> /Users/ziyi_dong_mac/Documents/GitHub/Qubit-Drive-GRAPE/pulses/est/x_X_est_dn_seed6_stage2.npy

--- constraints on the saved pulse ---
  max_eps_cavity_rad_per_us: 25.147698550894543
  max_eps_transmon_rad_per_us: 25.147500169500596
  eps_max_rad_per_us: 25.132741228718345
  amplitude_cap_satisfied: True
  out_of_band_fraction: {'cavity': 0.0010212737896904312, 'transmon': 0.0020943492601459986}
  endpoint_rel_to_mid: [0.017304026536002534, 0.015230897638185279]

saved /Users/ziyi_dong_mac/Documents/GitHub/Qubit-Drive-GRAPE/pulses/est/u_X_est_dn_seed6.npy
      /Users/ziyi_dong_mac/Documents/GitHub/Qubit-Drive-GRAPE/pulses/est/x_X_est_dn_seed6.npy
      /Users/ziyi_dong_mac/Documents/GitHub/Qubit-Drive-GRAPE/logs/est_X_est_dn_seed6.json
