
=== X / est_err / stage 1  weights=(1.0, 0.7, 7.0, 1.0, 0.01, 0.0, 0.0) ===
    N=1000 dt=1.0 ns  trunc_list=[20]  [eigh + analytic adjoint]
    start  c1=0.89149  c2=0.53871  c3=0.20517  c4=0  cerr=0.92807  c5=0.00094702  c6=4781.2   [F1=0.10851  F_ET=0.46129  F_err=0.07193]
    end    c1=0.069421  c2=0.27395  c3=0.0095065  c4=5.2422e-05  cerr=0.73643  c5=0.0068321  c6=11659   [F1=0.93058  F_ET=0.72605  F_err=0.26357]
    STOP: TOTAL NO. of ITERATIONS REACHED LIMIT
    nit=500 nfev=532 cost=3.351490e-01 (480.1s)
    -> /Users/ziyi_dong_mac/Documents/GitHub/Qubit-Drive-GRAPE/pulses/est/u_X_est_err_smoke500_seed2_w0.01_stage1.npy
    -> /Users/ziyi_dong_mac/Documents/GitHub/Qubit-Drive-GRAPE/pulses/est/x_X_est_err_smoke500_seed2_w0.01_stage1.npy

=== X / est_err / stage 2  weights=(1.0, 0.1, 0.0, 1.0, 0.01, 0.0, 0.0) ===
    N=1000 dt=1.0 ns  trunc_list=[20]  [eigh + analytic adjoint]
    start  c1=0.069421  c2=0.27395  c3=0.0095065  c4=5.2422e-05  cerr=0.73643  c5=0.0068321  c6=11659   [F1=0.93058  F_ET=0.72605  F_err=0.26357]
    end    c1=0.0010119  c2=0.35315  c3=0.099477  c4=5.5812e-06  cerr=0.47853  c5=0.0019618  c6=9738.4   [F1=0.99899  F_ET=0.64685  F_err=0.52147]
    STOP: TOTAL NO. of ITERATIONS REACHED LIMIT
    nit=500 nfev=544 cost=4.111778e-02 (490.5s)
    -> /Users/ziyi_dong_mac/Documents/GitHub/Qubit-Drive-GRAPE/pulses/est/u_X_est_err_smoke500_seed2_w0.01_stage2.npy
    -> /Users/ziyi_dong_mac/Documents/GitHub/Qubit-Drive-GRAPE/pulses/est/x_X_est_err_smoke500_seed2_w0.01_stage2.npy

--- constraints on the saved pulse ---
  max_eps_cavity_rad_per_us: 25.17918195773951
  max_eps_transmon_rad_per_us: 25.17880784530964
  eps_max_rad_per_us: 25.132741228718345
  amplitude_cap_satisfied: True
  out_of_band_fraction: {'cavity': 0.0034267334117419547, 'transmon': 0.0009439656385091592}
  endpoint_rel_to_mid: [0.02034858935520373, 0.02061246459503656]

saved /Users/ziyi_dong_mac/Documents/GitHub/Qubit-Drive-GRAPE/pulses/est/u_X_est_err_smoke500_seed2_w0.01.npy
      /Users/ziyi_dong_mac/Documents/GitHub/Qubit-Drive-GRAPE/pulses/est/x_X_est_err_smoke500_seed2_w0.01.npy
      /Users/ziyi_dong_mac/Documents/GitHub/Qubit-Drive-GRAPE/logs/est_X_est_err_smoke500_seed2_w0.01.json
