
=== X / est_err / stage 1  weights=(1.0, 0.7, 7.0, 1.0, 0.01, 0.0, 0.0) ===
    N=1000 dt=1.0 ns  trunc_list=[20]  [eigh + analytic adjoint]
    start  c1=0.83748  c2=0.52205  c3=0.11597  c4=0  cerr=0.84807  c5=0.00037359  c6=5343.4   [F1=0.16252  F_ET=0.47795  F_err=0.15193]
    end    c1=0.049528  c2=0.29715  c3=0.0086851  c4=2.1872e-05  cerr=0.81564  c5=0.0073049  c6=11037   [F1=0.95047  F_ET=0.70285  F_err=0.18436]
    STOP: TOTAL NO. of ITERATIONS REACHED LIMIT
    nit=500 nfev=534 cost=3.265054e-01 (495.8s)
    -> /Users/ziyi_dong_mac/Documents/GitHub/Qubit-Drive-GRAPE/pulses/est/u_X_est_err_smoke500_seed8_w0.01_stage1.npy
    -> /Users/ziyi_dong_mac/Documents/GitHub/Qubit-Drive-GRAPE/pulses/est/x_X_est_err_smoke500_seed8_w0.01_stage1.npy

=== X / est_err / stage 2  weights=(1.0, 0.1, 0.0, 1.0, 0.01, 0.0, 0.0) ===
    N=1000 dt=1.0 ns  trunc_list=[20]  [eigh + analytic adjoint]
    start  c1=0.049528  c2=0.29715  c3=0.0086851  c4=2.1872e-05  cerr=0.81564  c5=0.0073049  c6=11037   [F1=0.95047  F_ET=0.70285  F_err=0.18436]
    end    c1=0.0012641  c2=0.35337  c3=0.11592  c4=2.7049e-06  cerr=0.66016  c5=0.0076154  c6=8859.2   [F1=0.99874  F_ET=0.64663  F_err=0.33984]
    STOP: TOTAL NO. of ITERATIONS REACHED LIMIT
    nit=500 nfev=551 cost=4.320547e-02 (505.4s)
    -> /Users/ziyi_dong_mac/Documents/GitHub/Qubit-Drive-GRAPE/pulses/est/u_X_est_err_smoke500_seed8_w0.01_stage2.npy
    -> /Users/ziyi_dong_mac/Documents/GitHub/Qubit-Drive-GRAPE/pulses/est/x_X_est_err_smoke500_seed8_w0.01_stage2.npy

--- constraints on the saved pulse ---
  max_eps_cavity_rad_per_us: 25.140718430475864
  max_eps_transmon_rad_per_us: 25.178887795914275
  eps_max_rad_per_us: 25.132741228718345
  amplitude_cap_satisfied: True
  out_of_band_fraction: {'cavity': 0.009888451518679718, 'transmon': 0.0005330320536392811}
  endpoint_rel_to_mid: [0.018447826763567574, 0.014933166230052015]

saved /Users/ziyi_dong_mac/Documents/GitHub/Qubit-Drive-GRAPE/pulses/est/u_X_est_err_smoke500_seed8_w0.01.npy
      /Users/ziyi_dong_mac/Documents/GitHub/Qubit-Drive-GRAPE/pulses/est/x_X_est_err_smoke500_seed8_w0.01.npy
      /Users/ziyi_dong_mac/Documents/GitHub/Qubit-Drive-GRAPE/logs/est_X_est_err_smoke500_seed8_w0.01.json
