
=== X / est_dn / stage 1  weights=(1.0, 0.7, 7.0, 1.0, 0.0, 3.0, 0.0) ===
    N=1000 dt=1.0 ns  trunc_list=[20]  [eigh + analytic adjoint]
    start  c1=0.89149  c2=0.53871  c3=0.20517  c4=0  cerr=0.92807  c5=0.00094702  c6=4781.2   [F1=0.10851  F_ET=0.46129  F_err=0.07193]
    end    c1=0.074559  c2=0.27892  c3=0.010447  c4=2.2179e-05  cerr=0.85627  c5=0.00077494  c6=13313   [F1=0.92544  F_ET=0.72108  F_err=0.14373]
    STOP: TOTAL NO. of ITERATIONS REACHED LIMIT
    nit=500 nfev=548 cost=3.452852e-01 (508.5s)
    -> /Users/ziyi_dong_mac/Documents/GitHub/Qubit-Drive-GRAPE/pulses/est/u_X_est_dn_smoke500_seed2_w3_stage1.npy
    -> /Users/ziyi_dong_mac/Documents/GitHub/Qubit-Drive-GRAPE/pulses/est/x_X_est_dn_smoke500_seed2_w3_stage1.npy

=== X / est_dn / stage 2  weights=(1.0, 0.1, 0.0, 1.0, 0.0, 3.0, 0.0) ===
    N=1000 dt=1.0 ns  trunc_list=[20]  [eigh + analytic adjoint]
    start  c1=0.074559  c2=0.27892  c3=0.010447  c4=2.2179e-05  cerr=0.85627  c5=0.00077494  c6=13313   [F1=0.92544  F_ET=0.72108  F_err=0.14373]
    end    c1=0.0013853  c2=0.3419  c3=0.16922  c4=2.3251e-06  cerr=0.80882  c5=0.00027002  c6=9792   [F1=0.99861  F_ET=0.65810  F_err=0.19118]
    STOP: TOTAL NO. of ITERATIONS REACHED LIMIT
    nit=500 nfev=548 cost=3.638785e-02 (498.2s)
    -> /Users/ziyi_dong_mac/Documents/GitHub/Qubit-Drive-GRAPE/pulses/est/u_X_est_dn_smoke500_seed2_w3_stage2.npy
    -> /Users/ziyi_dong_mac/Documents/GitHub/Qubit-Drive-GRAPE/pulses/est/x_X_est_dn_smoke500_seed2_w3_stage2.npy

--- constraints on the saved pulse ---
  max_eps_cavity_rad_per_us: 25.154176597863152
  max_eps_transmon_rad_per_us: 25.153829251669013
  eps_max_rad_per_us: 25.132741228718345
  amplitude_cap_satisfied: True
  out_of_band_fraction: {'cavity': 0.004208804498979107, 'transmon': 0.0064301697284901834}
  endpoint_rel_to_mid: [0.0239543766163716, 0.01946563569010553]

saved /Users/ziyi_dong_mac/Documents/GitHub/Qubit-Drive-GRAPE/pulses/est/u_X_est_dn_smoke500_seed2_w3.npy
      /Users/ziyi_dong_mac/Documents/GitHub/Qubit-Drive-GRAPE/pulses/est/x_X_est_dn_smoke500_seed2_w3.npy
      /Users/ziyi_dong_mac/Documents/GitHub/Qubit-Drive-GRAPE/logs/est_X_est_dn_smoke500_seed2_w3.json
