
=== X / est_dn / stage 1  weights=(1.0, 0.7, 7.0, 1.0, 0.0, 1.0, 0.0) ===
    N=1000 dt=1.0 ns  trunc_list=[20]  [eigh + analytic adjoint]
    start  c1=0.93806  c2=0.50723  c3=0.11152  c4=0  cerr=0.94229  c5=0.0017263  c6=5852   [F1=0.06194  F_ET=0.49277  F_err=0.05771]
    end    c1=0.046056  c2=0.32765  c3=0.0088514  c4=4.6763e-05  cerr=0.7395  c5=0.0050202  c6=8523.6   [F1=0.95394  F_ET=0.67235  F_err=0.26050]
    STOP: TOTAL NO. of ITERATIONS REACHED LIMIT
    nit=500 nfev=533 cost=3.424373e-01 (490.6s)
    -> /Users/ziyi_dong_mac/Documents/GitHub/Qubit-Drive-GRAPE/pulses/est/u_X_est_dn_smoke500_seed5_w1_stage1.npy
    -> /Users/ziyi_dong_mac/Documents/GitHub/Qubit-Drive-GRAPE/pulses/est/x_X_est_dn_smoke500_seed5_w1_stage1.npy

=== X / est_dn / stage 2  weights=(1.0, 0.1, 0.0, 1.0, 0.0, 1.0, 0.0) ===
    N=1000 dt=1.0 ns  trunc_list=[20]  [eigh + analytic adjoint]
    start  c1=0.046056  c2=0.32765  c3=0.0088514  c4=4.6763e-05  cerr=0.7395  c5=0.0050202  c6=8523.6   [F1=0.95394  F_ET=0.67235  F_err=0.26050]
    end    c1=0.0011176  c2=0.33511  c3=0.11871  c4=5.3654e-06  cerr=0.79113  c5=0.00079626  c6=8752.3   [F1=0.99888  F_ET=0.66489  F_err=0.20887]
    STOP: TOTAL NO. of ITERATIONS REACHED LIMIT
    nit=500 nfev=542 cost=3.543020e-02 (496.7s)
    -> /Users/ziyi_dong_mac/Documents/GitHub/Qubit-Drive-GRAPE/pulses/est/u_X_est_dn_smoke500_seed5_w1_stage2.npy
    -> /Users/ziyi_dong_mac/Documents/GitHub/Qubit-Drive-GRAPE/pulses/est/x_X_est_dn_smoke500_seed5_w1_stage2.npy

--- constraints on the saved pulse ---
  max_eps_cavity_rad_per_us: 25.153188118087083
  max_eps_transmon_rad_per_us: 25.168816813246693
  eps_max_rad_per_us: 25.132741228718345
  amplitude_cap_satisfied: True
  out_of_band_fraction: {'cavity': 0.004702716256762142, 'transmon': 0.0005244281234445945}
  endpoint_rel_to_mid: [0.012394705379847921, 0.00850214240475981]

saved /Users/ziyi_dong_mac/Documents/GitHub/Qubit-Drive-GRAPE/pulses/est/u_X_est_dn_smoke500_seed5_w1.npy
      /Users/ziyi_dong_mac/Documents/GitHub/Qubit-Drive-GRAPE/pulses/est/x_X_est_dn_smoke500_seed5_w1.npy
      /Users/ziyi_dong_mac/Documents/GitHub/Qubit-Drive-GRAPE/logs/est_X_est_dn_smoke500_seed5_w1.json
