
=== X / est_dn / stage 1  weights=(1.0, 0.7, 7.0, 1.0, 0.0, 10.0, 0.0) ===
    N=1000 dt=1.0 ns  trunc_list=[20]  [eigh + analytic adjoint]
    start  c1=0.83748  c2=0.52205  c3=0.11597  c4=0  cerr=0.84807  c5=0.00037359  c6=5343.4   [F1=0.16252  F_ET=0.47795  F_err=0.15193]
    end    c1=0.068246  c2=0.28928  c3=0.010448  c4=1.7156e-05  cerr=0.79562  c5=0.00090238  c6=9997.8   [F1=0.93175  F_ET=0.71072  F_err=0.20438]
    STOP: TOTAL NO. of ITERATIONS REACHED LIMIT
    nit=500 nfev=533 cost=3.529215e-01 (483.1s)
    -> /Users/ziyi_dong_mac/Documents/GitHub/Qubit-Drive-GRAPE/pulses/est/u_X_est_dn_smoke500_seed8_w10_stage1.npy
    -> /Users/ziyi_dong_mac/Documents/GitHub/Qubit-Drive-GRAPE/pulses/est/x_X_est_dn_smoke500_seed8_w10_stage1.npy

=== X / est_dn / stage 2  weights=(1.0, 0.1, 0.0, 1.0, 0.0, 10.0, 0.0) ===
    N=1000 dt=1.0 ns  trunc_list=[20]  [eigh + analytic adjoint]
    start  c1=0.068246  c2=0.28928  c3=0.010448  c4=1.7156e-05  cerr=0.79562  c5=0.00090238  c6=9997.8   [F1=0.93175  F_ET=0.71072  F_err=0.20438]
    end    c1=0.0014909  c2=0.34934  c3=0.13322  c4=1.0224e-06  cerr=0.65427  c5=8.7083e-05  c6=9416.2   [F1=0.99851  F_ET=0.65066  F_err=0.34573]
    STOP: TOTAL NO. of ITERATIONS REACHED LIMIT
    nit=500 nfev=548 cost=3.729669e-02 (498.3s)
    -> /Users/ziyi_dong_mac/Documents/GitHub/Qubit-Drive-GRAPE/pulses/est/u_X_est_dn_smoke500_seed8_w10_stage2.npy
    -> /Users/ziyi_dong_mac/Documents/GitHub/Qubit-Drive-GRAPE/pulses/est/x_X_est_dn_smoke500_seed8_w10_stage2.npy

--- constraints on the saved pulse ---
  max_eps_cavity_rad_per_us: 25.13931940392678
  max_eps_transmon_rad_per_us: 25.15442046190355
  eps_max_rad_per_us: 25.132741228718345
  amplitude_cap_satisfied: True
  out_of_band_fraction: {'cavity': 0.00322008497075302, 'transmon': 0.001498228559392832}
  endpoint_rel_to_mid: [0.021290815649386514, 0.01977664451338634]

saved /Users/ziyi_dong_mac/Documents/GitHub/Qubit-Drive-GRAPE/pulses/est/u_X_est_dn_smoke500_seed8_w10.npy
      /Users/ziyi_dong_mac/Documents/GitHub/Qubit-Drive-GRAPE/pulses/est/x_X_est_dn_smoke500_seed8_w10.npy
      /Users/ziyi_dong_mac/Documents/GitHub/Qubit-Drive-GRAPE/logs/est_X_est_dn_smoke500_seed8_w10.json
