
=== X / est_err / stage 1  weights=(1.0, 0.7, 7.0, 1.0, 0.3, 0.0, 0.0) ===
    N=1000 dt=1.0 ns  trunc_list=[20]  [eigh + analytic adjoint]
    start  c1=0.83748  c2=0.52205  c3=0.11597  c4=0  cerr=0.84807  c5=0.00037359  c6=5343.4   [F1=0.16252  F_ET=0.47795  F_err=0.15193]
    end    c1=0.034033  c2=0.28542  c3=0.013047  c4=0.00027609  cerr=0.13397  c5=0.0033903  c6=10447   [F1=0.96597  F_ET=0.71458  F_err=0.86603]
    STOP: TOTAL NO. of ITERATIONS REACHED LIMIT
    nit=500 nfev=529 cost=3.656193e-01 (483.2s)
    -> /Users/ziyi_dong_mac/Documents/GitHub/Qubit-Drive-GRAPE/pulses/est/u_X_est_err_smoke500_seed8_w0.3_stage1.npy
    -> /Users/ziyi_dong_mac/Documents/GitHub/Qubit-Drive-GRAPE/pulses/est/x_X_est_err_smoke500_seed8_w0.3_stage1.npy

=== X / est_err / stage 2  weights=(1.0, 0.1, 0.0, 1.0, 0.3, 0.0, 0.0) ===
    N=1000 dt=1.0 ns  trunc_list=[20]  [eigh + analytic adjoint]
    start  c1=0.034033  c2=0.28542  c3=0.013047  c4=0.00027609  cerr=0.13397  c5=0.0033903  c6=10447   [F1=0.96597  F_ET=0.71458  F_err=0.86603]
    end    c1=0.0032529  c2=0.3442  c3=0.077956  c4=2.4171e-05  cerr=0.018884  c5=0.0043469  c6=9346.4   [F1=0.99675  F_ET=0.65580  F_err=0.98112]
    STOP: TOTAL NO. of ITERATIONS REACHED LIMIT
    nit=500 nfev=539 cost=4.336215e-02 (493.0s)
    -> /Users/ziyi_dong_mac/Documents/GitHub/Qubit-Drive-GRAPE/pulses/est/u_X_est_err_smoke500_seed8_w0.3_stage2.npy
    -> /Users/ziyi_dong_mac/Documents/GitHub/Qubit-Drive-GRAPE/pulses/est/x_X_est_err_smoke500_seed8_w0.3_stage2.npy

--- constraints on the saved pulse ---
  max_eps_cavity_rad_per_us: 25.152782807584813
  max_eps_transmon_rad_per_us: 25.20822578584839
  eps_max_rad_per_us: 25.132741228718345
  amplitude_cap_satisfied: True
  out_of_band_fraction: {'cavity': 0.0005367823176660772, 'transmon': 0.0006347673072349544}
  endpoint_rel_to_mid: [0.01892482114150244, 0.018931389333296477]

saved /Users/ziyi_dong_mac/Documents/GitHub/Qubit-Drive-GRAPE/pulses/est/u_X_est_err_smoke500_seed8_w0.3.npy
      /Users/ziyi_dong_mac/Documents/GitHub/Qubit-Drive-GRAPE/pulses/est/x_X_est_err_smoke500_seed8_w0.3.npy
      /Users/ziyi_dong_mac/Documents/GitHub/Qubit-Drive-GRAPE/logs/est_X_est_err_smoke500_seed8_w0.3.json
