
=== X / est_dn / stage 1  weights=(1.0, 0.7, 7.0, 1.0, 0.0, 15.0, 0.0) ===
    N=1000 dt=1.0 ns  trunc_list=[20]  [eigh + analytic adjoint]
    start  c1=0.81432  c2=0.50909  c3=0.11317  c4=0  cerr=0.91682  c5=0.0005741  c6=4915.1   [F1=0.18568  F_ET=0.49091  F_err=0.08318]
    end    c1=0.03746  c2=0.31749  c3=0.010967  c4=8.8623e-05  cerr=0.76607  c5=0.00025941  c6=8866.8   [F1=0.96254  F_ET=0.68251  F_err=0.23393]
    STOP: TOTAL NO. of ITERATIONS REACHED LIMIT
    nit=500 nfev=532 cost=3.404522e-01 (486.4s)
    -> /Users/ziyi_dong_mac/Documents/GitHub/Qubit-Drive-GRAPE/pulses/est/u_X_est_dn_smoke500_seed4_w15_stage1.npy
    -> /Users/ziyi_dong_mac/Documents/GitHub/Qubit-Drive-GRAPE/pulses/est/x_X_est_dn_smoke500_seed4_w15_stage1.npy

=== X / est_dn / stage 2  weights=(1.0, 0.1, 0.0, 1.0, 0.0, 15.0, 0.0) ===
    N=1000 dt=1.0 ns  trunc_list=[20]  [eigh + analytic adjoint]
    start  c1=0.03746  c2=0.31749  c3=0.010967  c4=8.8623e-05  cerr=0.76607  c5=0.00025941  c6=8866.8   [F1=0.96254  F_ET=0.68251  F_err=0.23393]
    end    c1=0.00076897  c2=0.34191  c3=0.076507  c4=5.6969e-06  cerr=0.72354  c5=3.2433e-05  c6=8340.2   [F1=0.99923  F_ET=0.65809  F_err=0.27646]
    STOP: TOTAL NO. of ITERATIONS REACHED LIMIT
    nit=500 nfev=535 cost=3.545241e-02 (491.0s)
    -> /Users/ziyi_dong_mac/Documents/GitHub/Qubit-Drive-GRAPE/pulses/est/u_X_est_dn_smoke500_seed4_w15_stage2.npy
    -> /Users/ziyi_dong_mac/Documents/GitHub/Qubit-Drive-GRAPE/pulses/est/x_X_est_dn_smoke500_seed4_w15_stage2.npy

--- constraints on the saved pulse ---
  max_eps_cavity_rad_per_us: 25.061494917258972
  max_eps_transmon_rad_per_us: 25.17682752672605
  eps_max_rad_per_us: 25.132741228718345
  amplitude_cap_satisfied: True
  out_of_band_fraction: {'cavity': 0.005862580592317139, 'transmon': 0.0005239553832917862}
  endpoint_rel_to_mid: [0.01610726173565091, 0.011312779272395039]

saved /Users/ziyi_dong_mac/Documents/GitHub/Qubit-Drive-GRAPE/pulses/est/u_X_est_dn_smoke500_seed4_w15.npy
      /Users/ziyi_dong_mac/Documents/GitHub/Qubit-Drive-GRAPE/pulses/est/x_X_est_dn_smoke500_seed4_w15.npy
      /Users/ziyi_dong_mac/Documents/GitHub/Qubit-Drive-GRAPE/logs/est_X_est_dn_smoke500_seed4_w15.json
