
=== X / est_err / stage 1  weights=(1.0, 0.7, 7.0, 1.0, 0.3, 0.0, 0.0) ===
    N=1000 dt=1.0 ns  trunc_list=[20]  [eigh + analytic adjoint]
    start  c1=0.89628  c2=0.59604  c3=0.13522  c4=0.023581  cerr=0.86036  c5=0.0067087  c6=5261.2   [F1=0.10372  F_ET=0.40396  F_err=0.13964]
    end    c1=0.057001  c2=0.37848  c3=0.013062  c4=0.00042862  cerr=0.38046  c5=0.00074763  c6=11283   [F1=0.94300  F_ET=0.62152  F_err=0.61954]
    STOP: TOTAL NO. of ITERATIONS REACHED LIMIT
    nit=500 nfev=545 cost=5.279422e-01 (498.3s)
    -> /Users/ziyi_dong_mac/Documents/GitHub/Qubit-Drive-GRAPE/pulses/est/u_X_est_err_smoke500_seed0_w0.3_stage1.npy
    -> /Users/ziyi_dong_mac/Documents/GitHub/Qubit-Drive-GRAPE/pulses/est/x_X_est_err_smoke500_seed0_w0.3_stage1.npy

=== X / est_err / stage 2  weights=(1.0, 0.1, 0.0, 1.0, 0.3, 0.0, 0.0) ===
    N=1000 dt=1.0 ns  trunc_list=[20]  [eigh + analytic adjoint]
    start  c1=0.057001  c2=0.37848  c3=0.013062  c4=0.00042862  cerr=0.38046  c5=0.00074763  c6=11283   [F1=0.94300  F_ET=0.62152  F_err=0.61954]
    end    c1=0.0015677  c2=0.38528  c3=0.1378  c4=1.1112e-05  cerr=0.014848  c5=0.00088081  c6=8195.1   [F1=0.99843  F_ET=0.61472  F_err=0.98515]
    STOP: TOTAL NO. of ITERATIONS REACHED LIMIT
    nit=500 nfev=534 cost=4.456125e-02 (486.1s)
    -> /Users/ziyi_dong_mac/Documents/GitHub/Qubit-Drive-GRAPE/pulses/est/u_X_est_err_smoke500_seed0_w0.3_stage2.npy
    -> /Users/ziyi_dong_mac/Documents/GitHub/Qubit-Drive-GRAPE/pulses/est/x_X_est_err_smoke500_seed0_w0.3_stage2.npy

--- constraints on the saved pulse ---
  max_eps_cavity_rad_per_us: 25.180735991707238
  max_eps_transmon_rad_per_us: 25.167295342735827
  eps_max_rad_per_us: 25.132741228718345
  amplitude_cap_satisfied: True
  out_of_band_fraction: {'cavity': 0.005388611741895436, 'transmon': 0.0015269642688611523}
  endpoint_rel_to_mid: [0.018289687983358026, 0.013507511031573096]

saved /Users/ziyi_dong_mac/Documents/GitHub/Qubit-Drive-GRAPE/pulses/est/u_X_est_err_smoke500_seed0_w0.3.npy
      /Users/ziyi_dong_mac/Documents/GitHub/Qubit-Drive-GRAPE/pulses/est/x_X_est_err_smoke500_seed0_w0.3.npy
      /Users/ziyi_dong_mac/Documents/GitHub/Qubit-Drive-GRAPE/logs/est_X_est_err_smoke500_seed0_w0.3.json
