
=== X / est_err / stage 1  weights=(1.0, 0.7, 7.0, 1.0, 0.5, 0.0, 0.0) ===
    N=1000 dt=1.0 ns  trunc_list=[20]  [eigh + analytic adjoint]
    start  c1=0.85415  c2=0.45305  c3=0.12295  c4=0  cerr=0.86491  c5=0.0013211  c6=5198.5   [F1=0.14585  F_ET=0.54695  F_err=0.13509]
    end    c1=0.034434  c2=0.34022  c3=0.011559  c4=0.00017404  cerr=0.062057  c5=0.0021542  c6=7809.3   [F1=0.96557  F_ET=0.65978  F_err=0.93794]
    STOP: TOTAL NO. of ITERATIONS REACHED LIMIT
    nit=500 nfev=539 cost=3.847053e-01 (501.6s)
    -> /Users/ziyi_dong_mac/Documents/GitHub/Qubit-Drive-GRAPE/pulses/est/u_X_est_err_smoke500_seed6_w0.5_stage1.npy
    -> /Users/ziyi_dong_mac/Documents/GitHub/Qubit-Drive-GRAPE/pulses/est/x_X_est_err_smoke500_seed6_w0.5_stage1.npy

=== X / est_err / stage 2  weights=(1.0, 0.1, 0.0, 1.0, 0.5, 0.0, 0.0) ===
    N=1000 dt=1.0 ns  trunc_list=[20]  [eigh + analytic adjoint]
    start  c1=0.034434  c2=0.34022  c3=0.011559  c4=0.00017404  cerr=0.062057  c5=0.0021542  c6=7809.3   [F1=0.96557  F_ET=0.65978  F_err=0.93794]
    end    c1=0.0025445  c2=0.37413  c3=0.083834  c4=1.5088e-05  cerr=0.0069959  c5=0.0028986  c6=9143.8   [F1=0.99746  F_ET=0.62587  F_err=0.99300]
    STOP: TOTAL NO. of ITERATIONS REACHED LIMIT
    nit=500 nfev=539 cost=4.347067e-02 (495.9s)
    -> /Users/ziyi_dong_mac/Documents/GitHub/Qubit-Drive-GRAPE/pulses/est/u_X_est_err_smoke500_seed6_w0.5_stage2.npy
    -> /Users/ziyi_dong_mac/Documents/GitHub/Qubit-Drive-GRAPE/pulses/est/x_X_est_err_smoke500_seed6_w0.5_stage2.npy

--- constraints on the saved pulse ---
  max_eps_cavity_rad_per_us: 25.171506159448082
  max_eps_transmon_rad_per_us: 25.16849986888362
  eps_max_rad_per_us: 25.132741228718345
  amplitude_cap_satisfied: True
  out_of_band_fraction: {'cavity': 0.0011329608085878036, 'transmon': 0.0006927733661789685}
  endpoint_rel_to_mid: [0.019317320669046692, 0.018943252184923848]

saved /Users/ziyi_dong_mac/Documents/GitHub/Qubit-Drive-GRAPE/pulses/est/u_X_est_err_smoke500_seed6_w0.5.npy
      /Users/ziyi_dong_mac/Documents/GitHub/Qubit-Drive-GRAPE/pulses/est/x_X_est_err_smoke500_seed6_w0.5.npy
      /Users/ziyi_dong_mac/Documents/GitHub/Qubit-Drive-GRAPE/logs/est_X_est_err_smoke500_seed6_w0.5.json
