
=== X / est_dn / stage 1  weights=(1.0, 0.7, 7.0, 1.0, 0.0, 3.0, 0.0) ===
    N=1000 dt=1.0 ns  trunc_list=[20]  [eigh + analytic adjoint]
    start  c1=0.89628  c2=0.59604  c3=0.13522  c4=0.023581  cerr=0.86036  c5=0.0067087  c6=5261.2   [F1=0.10372  F_ET=0.40396  F_err=0.13964]
    end    c1=0.66783  c2=0.00687  c3=0.0030998  c4=0  cerr=0.6683  c5=4.8362e-08  c6=386.88   [F1=0.33217  F_ET=0.99313  F_err=0.33170]
    STOP: TOTAL NO. of ITERATIONS REACHED LIMIT
    nit=500 nfev=529 cost=6.943424e-01 (478.4s)
    -> /Users/ziyi_dong_mac/Documents/GitHub/Qubit-Drive-GRAPE/pulses/est/u_X_est_dn_smoke500_seed0_w3_stage1.npy
    -> /Users/ziyi_dong_mac/Documents/GitHub/Qubit-Drive-GRAPE/pulses/est/x_X_est_dn_smoke500_seed0_w3_stage1.npy

=== X / est_dn / stage 2  weights=(1.0, 0.1, 0.0, 1.0, 0.0, 3.0, 0.0) ===
    N=1000 dt=1.0 ns  trunc_list=[20]  [eigh + analytic adjoint]
    start  c1=0.66783  c2=0.00687  c3=0.0030998  c4=0  cerr=0.6683  c5=4.8362e-08  c6=386.88   [F1=0.33217  F_ET=0.99313  F_err=0.33170]
    end    c1=0.66667  c2=0.0029481  c3=0.17952  c4=0  cerr=0.66698  c5=9.0445e-12  c6=315.81   [F1=0.33333  F_ET=0.99705  F_err=0.33302]
    STOP: TOTAL NO. of ITERATIONS REACHED LIMIT
    nit=500 nfev=552 cost=6.669620e-01 (498.4s)
    -> /Users/ziyi_dong_mac/Documents/GitHub/Qubit-Drive-GRAPE/pulses/est/u_X_est_dn_smoke500_seed0_w3_stage2.npy
    -> /Users/ziyi_dong_mac/Documents/GitHub/Qubit-Drive-GRAPE/pulses/est/x_X_est_dn_smoke500_seed0_w3_stage2.npy

--- constraints on the saved pulse ---
  max_eps_cavity_rad_per_us: 2.7273868100290035
  max_eps_transmon_rad_per_us: 13.11513009021476
  eps_max_rad_per_us: 25.132741228718345
  amplitude_cap_satisfied: True
  out_of_band_fraction: {'cavity': 0.16415793721111993, 'transmon': 0.0034251679016354683}
  endpoint_rel_to_mid: [0.07596811559511919, 0.07578624179766724]

saved /Users/ziyi_dong_mac/Documents/GitHub/Qubit-Drive-GRAPE/pulses/est/u_X_est_dn_smoke500_seed0_w3.npy
      /Users/ziyi_dong_mac/Documents/GitHub/Qubit-Drive-GRAPE/pulses/est/x_X_est_dn_smoke500_seed0_w3.npy
      /Users/ziyi_dong_mac/Documents/GitHub/Qubit-Drive-GRAPE/logs/est_X_est_dn_smoke500_seed0_w3.json
