
=== X / est_dn / stage 1  weights=(1.0, 0.7, 7.0, 1.0, 0.0, 6.0, 0.0) ===
    N=1000 dt=1.0 ns  trunc_list=[20]  [eigh + analytic adjoint]
    start  c1=0.93806  c2=0.50723  c3=0.11152  c4=0  cerr=0.94229  c5=0.0017263  c6=5852   [F1=0.06194  F_ET=0.49277  F_err=0.05771]
    end    c1=0.045838  c2=0.33961  c3=0.0079353  c4=5.4333e-05  cerr=0.87289  c5=0.0002899  c6=7893.6   [F1=0.95416  F_ET=0.66039  F_err=0.12711]
    STOP: TOTAL NO. of ITERATIONS REACHED LIMIT
    nit=500 nfev=539 cost=3.409064e-01 (497.2s)
    -> /Users/ziyi_dong_mac/Documents/GitHub/Qubit-Drive-GRAPE/pulses/est/u_X_est_dn_smoke500_seed5_w6_stage1.npy
    -> /Users/ziyi_dong_mac/Documents/GitHub/Qubit-Drive-GRAPE/pulses/est/x_X_est_dn_smoke500_seed5_w6_stage1.npy

=== X / est_dn / stage 2  weights=(1.0, 0.1, 0.0, 1.0, 0.0, 6.0, 0.0) ===
    N=1000 dt=1.0 ns  trunc_list=[20]  [eigh + analytic adjoint]
    start  c1=0.045838  c2=0.33961  c3=0.0079353  c4=5.4333e-05  cerr=0.87289  c5=0.0002899  c6=7893.6   [F1=0.95416  F_ET=0.66039  F_err=0.12711]
    end    c1=0.00084038  c2=0.3743  c3=0.14614  c4=3.8786e-06  cerr=0.84441  c5=9.8929e-05  c6=7256.4   [F1=0.99916  F_ET=0.62570  F_err=0.15559]
    STOP: TOTAL NO. of ITERATIONS REACHED LIMIT
    nit=500 nfev=547 cost=3.886795e-02 (498.9s)
    -> /Users/ziyi_dong_mac/Documents/GitHub/Qubit-Drive-GRAPE/pulses/est/u_X_est_dn_smoke500_seed5_w6_stage2.npy
    -> /Users/ziyi_dong_mac/Documents/GitHub/Qubit-Drive-GRAPE/pulses/est/x_X_est_dn_smoke500_seed5_w6_stage2.npy

--- constraints on the saved pulse ---
  max_eps_cavity_rad_per_us: 25.15440420042515
  max_eps_transmon_rad_per_us: 25.172226463958477
  eps_max_rad_per_us: 25.132741228718345
  amplitude_cap_satisfied: True
  out_of_band_fraction: {'cavity': 0.006437887089206187, 'transmon': 0.0007336413068850051}
  endpoint_rel_to_mid: [0.014997879839379454, 0.01427801143511756]

saved /Users/ziyi_dong_mac/Documents/GitHub/Qubit-Drive-GRAPE/pulses/est/u_X_est_dn_smoke500_seed5_w6.npy
      /Users/ziyi_dong_mac/Documents/GitHub/Qubit-Drive-GRAPE/pulses/est/x_X_est_dn_smoke500_seed5_w6.npy
      /Users/ziyi_dong_mac/Documents/GitHub/Qubit-Drive-GRAPE/logs/est_X_est_dn_smoke500_seed5_w6.json
