
=== X / est_dn / stage 1  weights=(1.0, 0.7, 7.0, 1.0, 0.0, 15.0, 0.0) ===
    N=1000 dt=1.0 ns  trunc_list=[20]  [eigh + analytic adjoint]
    start  c1=0.83748  c2=0.52205  c3=0.11597  c4=0  cerr=0.84807  c5=0.00037359  c6=5343.4   [F1=0.16252  F_ET=0.47795  F_err=0.15193]
    end    c1=0.06921  c2=0.29395  c3=0.011286  c4=9.7328e-05  cerr=0.82716  c5=0.00021222  c6=11856   [F1=0.93079  F_ET=0.70605  F_err=0.17284]
    STOP: TOTAL NO. of ITERATIONS REACHED LIMIT
    nit=500 nfev=542 cost=3.572555e-01 (490.3s)
    -> /Users/ziyi_dong_mac/Documents/GitHub/Qubit-Drive-GRAPE/pulses/est/u_X_est_dn_smoke500_seed8_w15_stage1.npy
    -> /Users/ziyi_dong_mac/Documents/GitHub/Qubit-Drive-GRAPE/pulses/est/x_X_est_dn_smoke500_seed8_w15_stage1.npy

=== X / est_dn / stage 2  weights=(1.0, 0.1, 0.0, 1.0, 0.0, 15.0, 0.0) ===
    N=1000 dt=1.0 ns  trunc_list=[20]  [eigh + analytic adjoint]
    start  c1=0.06921  c2=0.29395  c3=0.011286  c4=9.7328e-05  cerr=0.82716  c5=0.00021222  c6=11856   [F1=0.93079  F_ET=0.70605  F_err=0.17284]
    end    c1=0.0022725  c2=0.37027  c3=0.10575  c4=8.3834e-06  cerr=0.78762  c5=4.0238e-05  c6=9901.4   [F1=0.99773  F_ET=0.62973  F_err=0.21238]
    STOP: TOTAL NO. of ITERATIONS REACHED LIMIT
    nit=500 nfev=542 cost=3.991192e-02 (492.2s)
    -> /Users/ziyi_dong_mac/Documents/GitHub/Qubit-Drive-GRAPE/pulses/est/u_X_est_dn_smoke500_seed8_w15_stage2.npy
    -> /Users/ziyi_dong_mac/Documents/GitHub/Qubit-Drive-GRAPE/pulses/est/x_X_est_dn_smoke500_seed8_w15_stage2.npy

--- constraints on the saved pulse ---
  max_eps_cavity_rad_per_us: 25.169214917142426
  max_eps_transmon_rad_per_us: 25.164495382961178
  eps_max_rad_per_us: 25.132741228718345
  amplitude_cap_satisfied: True
  out_of_band_fraction: {'cavity': 0.0030645687058289653, 'transmon': 0.0012661648676972645}
  endpoint_rel_to_mid: [0.021327026465097668, 0.02034461915240668]

saved /Users/ziyi_dong_mac/Documents/GitHub/Qubit-Drive-GRAPE/pulses/est/u_X_est_dn_smoke500_seed8_w15.npy
      /Users/ziyi_dong_mac/Documents/GitHub/Qubit-Drive-GRAPE/pulses/est/x_X_est_dn_smoke500_seed8_w15.npy
      /Users/ziyi_dong_mac/Documents/GitHub/Qubit-Drive-GRAPE/logs/est_X_est_dn_smoke500_seed8_w15.json
