
=== X / est_dn / stage 1  weights=(1.0, 0.7, 7.0, 1.0, 0.0, 10.0, 0.0) ===
    N=1000 dt=1.0 ns  trunc_list=[20]  [eigh + analytic adjoint]
    start  c1=0.89628  c2=0.59604  c3=0.13522  c4=0.023581  cerr=0.86036  c5=0.0067087  c6=5261.2   [F1=0.10372  F_ET=0.40396  F_err=0.13964]
    end    c1=0.032753  c2=0.34059  c3=0.012205  c4=0.00020506  cerr=0.47595  c5=0.00020023  c6=12823   [F1=0.96725  F_ET=0.65941  F_err=0.52405]
    STOP: TOTAL NO. of ITERATIONS REACHED LIMIT
    nit=500 nfev=528 cost=3.588114e-01 (492.3s)
    -> /Users/ziyi_dong_mac/Documents/GitHub/Qubit-Drive-GRAPE/pulses/est/u_X_est_dn_smoke500_seed0_w10_stage1.npy
    -> /Users/ziyi_dong_mac/Documents/GitHub/Qubit-Drive-GRAPE/pulses/est/x_X_est_dn_smoke500_seed0_w10_stage1.npy

=== X / est_dn / stage 2  weights=(1.0, 0.1, 0.0, 1.0, 0.0, 10.0, 0.0) ===
    N=1000 dt=1.0 ns  trunc_list=[20]  [eigh + analytic adjoint]
    start  c1=0.032753  c2=0.34059  c3=0.012205  c4=0.00020506  cerr=0.47595  c5=0.00020023  c6=12823   [F1=0.96725  F_ET=0.65941  F_err=0.52405]
    end    c1=0.0009817  c2=0.35779  c3=0.075017  c4=1.5472e-05  cerr=0.33106  c5=7.7296e-05  c6=13082   [F1=0.99902  F_ET=0.64221  F_err=0.66894]
    STOP: TOTAL NO. of ITERATIONS REACHED LIMIT
    nit=500 nfev=539 cost=3.754961e-02 (501.1s)
    -> /Users/ziyi_dong_mac/Documents/GitHub/Qubit-Drive-GRAPE/pulses/est/u_X_est_dn_smoke500_seed0_w10_stage2.npy
    -> /Users/ziyi_dong_mac/Documents/GitHub/Qubit-Drive-GRAPE/pulses/est/x_X_est_dn_smoke500_seed0_w10_stage2.npy

--- constraints on the saved pulse ---
  max_eps_cavity_rad_per_us: 25.161369218015594
  max_eps_transmon_rad_per_us: 25.17100144702632
  eps_max_rad_per_us: 25.132741228718345
  amplitude_cap_satisfied: True
  out_of_band_fraction: {'cavity': 0.009458060334154963, 'transmon': 0.001535395988718035}
  endpoint_rel_to_mid: [0.01388798234894654, 0.012691250043594714]

saved /Users/ziyi_dong_mac/Documents/GitHub/Qubit-Drive-GRAPE/pulses/est/u_X_est_dn_smoke500_seed0_w10.npy
      /Users/ziyi_dong_mac/Documents/GitHub/Qubit-Drive-GRAPE/pulses/est/x_X_est_dn_smoke500_seed0_w10.npy
      /Users/ziyi_dong_mac/Documents/GitHub/Qubit-Drive-GRAPE/logs/est_X_est_dn_smoke500_seed0_w10.json
