
=== X / est_dn / stage 1  weights=(1.0, 0.7, 7.0, 1.0, 0.0, 1.0, 0.0) ===
    N=1000 dt=1.0 ns  trunc_list=[20]  [eigh + analytic adjoint]
    start  c1=0.83748  c2=0.52205  c3=0.11597  c4=0  cerr=0.84807  c5=0.00037359  c6=5343.4   [F1=0.16252  F_ET=0.47795  F_err=0.15193]
    end    c1=0.050422  c2=0.29878  c3=0.0087375  c4=1.4809e-05  cerr=0.82349  c5=0.0049171  c6=11932   [F1=0.94958  F_ET=0.70122  F_err=0.17651]
    STOP: TOTAL NO. of ITERATIONS REACHED LIMIT
    nit=500 nfev=537 cost=3.256602e-01 (486.1s)
    -> /Users/ziyi_dong_mac/Documents/GitHub/Qubit-Drive-GRAPE/pulses/est/u_X_est_dn_smoke500_seed8_w1_stage1.npy
    -> /Users/ziyi_dong_mac/Documents/GitHub/Qubit-Drive-GRAPE/pulses/est/x_X_est_dn_smoke500_seed8_w1_stage1.npy

=== X / est_dn / stage 2  weights=(1.0, 0.1, 0.0, 1.0, 0.0, 1.0, 0.0) ===
    N=1000 dt=1.0 ns  trunc_list=[20]  [eigh + analytic adjoint]
    start  c1=0.050422  c2=0.29878  c3=0.0087375  c4=1.4809e-05  cerr=0.82349  c5=0.0049171  c6=11932   [F1=0.94958  F_ET=0.70122  F_err=0.17651]
    end    c1=0.0014474  c2=0.35027  c3=0.19474  c4=1.0366e-06  cerr=0.81432  c5=0.0006159  c6=10537   [F1=0.99855  F_ET=0.64973  F_err=0.18568]
    STOP: TOTAL NO. of ITERATIONS REACHED LIMIT
    nit=500 nfev=544 cost=3.709153e-02 (494.5s)
    -> /Users/ziyi_dong_mac/Documents/GitHub/Qubit-Drive-GRAPE/pulses/est/u_X_est_dn_smoke500_seed8_w1_stage2.npy
    -> /Users/ziyi_dong_mac/Documents/GitHub/Qubit-Drive-GRAPE/pulses/est/x_X_est_dn_smoke500_seed8_w1_stage2.npy

--- constraints on the saved pulse ---
  max_eps_cavity_rad_per_us: 25.145846092205755
  max_eps_transmon_rad_per_us: 25.15744936669883
  eps_max_rad_per_us: 25.132741228718345
  amplitude_cap_satisfied: True
  out_of_band_fraction: {'cavity': 0.011184865516285902, 'transmon': 0.0005721754871724528}
  endpoint_rel_to_mid: [0.016840711130365376, 0.013254108957730475]

saved /Users/ziyi_dong_mac/Documents/GitHub/Qubit-Drive-GRAPE/pulses/est/u_X_est_dn_smoke500_seed8_w1.npy
      /Users/ziyi_dong_mac/Documents/GitHub/Qubit-Drive-GRAPE/pulses/est/x_X_est_dn_smoke500_seed8_w1.npy
      /Users/ziyi_dong_mac/Documents/GitHub/Qubit-Drive-GRAPE/logs/est_X_est_dn_smoke500_seed8_w1.json
