
=== X / est_dn / stage 1  weights=(1.0, 0.7, 7.0, 1.0, 0.0, 6.0, 0.0) ===
    N=1000 dt=1.0 ns  trunc_list=[20]  [eigh + analytic adjoint]
    start  c1=0.89149  c2=0.53871  c3=0.20517  c4=0  cerr=0.92807  c5=0.00094702  c6=4781.2   [F1=0.10851  F_ET=0.46129  F_err=0.07193]
    end    c1=0.05588  c2=0.34119  c3=0.011846  c4=8.4152e-05  cerr=0.96643  c5=0.0011308  c6=11434   [F1=0.94412  F_ET=0.65881  F_err=0.03357]
    STOP: TOTAL NO. of ITERATIONS REACHED LIMIT
    nit=500 nfev=537 cost=3.845071e-01 (497.7s)
    -> /Users/ziyi_dong_mac/Documents/GitHub/Qubit-Drive-GRAPE/pulses/est/u_X_est_dn_smoke500_seed2_w6_stage1.npy
    -> /Users/ziyi_dong_mac/Documents/GitHub/Qubit-Drive-GRAPE/pulses/est/x_X_est_dn_smoke500_seed2_w6_stage1.npy

=== X / est_dn / stage 2  weights=(1.0, 0.1, 0.0, 1.0, 0.0, 6.0, 0.0) ===
    N=1000 dt=1.0 ns  trunc_list=[20]  [eigh + analytic adjoint]
    start  c1=0.05588  c2=0.34119  c3=0.011846  c4=8.4152e-05  cerr=0.96643  c5=0.0011308  c6=11434   [F1=0.94412  F_ET=0.65881  F_err=0.03357]
    end    c1=0.0020278  c2=0.30047  c3=0.16819  c4=2.7828e-06  cerr=0.9634  c5=8.3855e-05  c6=10452   [F1=0.99797  F_ET=0.69953  F_err=0.03660]
    STOP: TOTAL NO. of ITERATIONS REACHED LIMIT
    nit=500 nfev=538 cost=3.258024e-02 (494.3s)
    -> /Users/ziyi_dong_mac/Documents/GitHub/Qubit-Drive-GRAPE/pulses/est/u_X_est_dn_smoke500_seed2_w6_stage2.npy
    -> /Users/ziyi_dong_mac/Documents/GitHub/Qubit-Drive-GRAPE/pulses/est/x_X_est_dn_smoke500_seed2_w6_stage2.npy

--- constraints on the saved pulse ---
  max_eps_cavity_rad_per_us: 25.156703111408543
  max_eps_transmon_rad_per_us: 25.158497305565277
  eps_max_rad_per_us: 25.132741228718345
  amplitude_cap_satisfied: True
  out_of_band_fraction: {'cavity': 0.006950311883697918, 'transmon': 0.0030852297902107407}
  endpoint_rel_to_mid: [0.02317014280070813, 0.020156096917289344]

saved /Users/ziyi_dong_mac/Documents/GitHub/Qubit-Drive-GRAPE/pulses/est/u_X_est_dn_smoke500_seed2_w6.npy
      /Users/ziyi_dong_mac/Documents/GitHub/Qubit-Drive-GRAPE/pulses/est/x_X_est_dn_smoke500_seed2_w6.npy
      /Users/ziyi_dong_mac/Documents/GitHub/Qubit-Drive-GRAPE/logs/est_X_est_dn_smoke500_seed2_w6.json
