
=== X / est_dn / stage 1  weights=(1.0, 0.7, 7.0, 1.0, 0.0, 15.0, 0.0) ===
    N=1000 dt=1.0 ns  trunc_list=[20]  [eigh + analytic adjoint]
    start  c1=0.85415  c2=0.45305  c3=0.12295  c4=0  cerr=0.86491  c5=0.0013211  c6=5198.5   [F1=0.14585  F_ET=0.54695  F_err=0.13509]
    end    c1=0.05517  c2=0.24284  c3=0.0097954  c4=8.1843e-05  cerr=0.78554  c5=0.00014944  c6=13093   [F1=0.94483  F_ET=0.75716  F_err=0.21446]
    STOP: TOTAL NO. of ITERATIONS REACHED LIMIT
    nit=500 nfev=539 cost=2.960515e-01 (493.7s)
    -> /Users/ziyi_dong_mac/Documents/GitHub/Qubit-Drive-GRAPE/pulses/est/u_X_est_dn_smoke500_seed6_w15_stage1.npy
    -> /Users/ziyi_dong_mac/Documents/GitHub/Qubit-Drive-GRAPE/pulses/est/x_X_est_dn_smoke500_seed6_w15_stage1.npy

=== X / est_dn / stage 2  weights=(1.0, 0.1, 0.0, 1.0, 0.0, 15.0, 0.0) ===
    N=1000 dt=1.0 ns  trunc_list=[20]  [eigh + analytic adjoint]
    start  c1=0.05517  c2=0.24284  c3=0.0097954  c4=8.1843e-05  cerr=0.78554  c5=0.00014944  c6=13093   [F1=0.94483  F_ET=0.75716  F_err=0.21446]
    end    c1=0.0015563  c2=0.31061  c3=0.099706  c4=6.2699e-06  cerr=0.80613  c5=2.1074e-05  c6=10567   [F1=0.99844  F_ET=0.68939  F_err=0.19387]
    STOP: TOTAL NO. of ITERATIONS REACHED LIMIT
    nit=500 nfev=552 cost=3.293953e-02 (500.1s)
    -> /Users/ziyi_dong_mac/Documents/GitHub/Qubit-Drive-GRAPE/pulses/est/u_X_est_dn_smoke500_seed6_w15_stage2.npy
    -> /Users/ziyi_dong_mac/Documents/GitHub/Qubit-Drive-GRAPE/pulses/est/x_X_est_dn_smoke500_seed6_w15_stage2.npy

--- constraints on the saved pulse ---
  max_eps_cavity_rad_per_us: 25.173049842421804
  max_eps_transmon_rad_per_us: 25.1557424870499
  eps_max_rad_per_us: 25.132741228718345
  amplitude_cap_satisfied: True
  out_of_band_fraction: {'cavity': 0.004027605129455582, 'transmon': 0.0011908989469855123}
  endpoint_rel_to_mid: [0.020261701680629875, 0.020133835226275633]

saved /Users/ziyi_dong_mac/Documents/GitHub/Qubit-Drive-GRAPE/pulses/est/u_X_est_dn_smoke500_seed6_w15.npy
      /Users/ziyi_dong_mac/Documents/GitHub/Qubit-Drive-GRAPE/pulses/est/x_X_est_dn_smoke500_seed6_w15.npy
      /Users/ziyi_dong_mac/Documents/GitHub/Qubit-Drive-GRAPE/logs/est_X_est_dn_smoke500_seed6_w15.json
