
=== X / est_dn / stage 1  weights=(1.0, 0.7, 7.0, 1.0, 0.0, 6.0, 0.0) ===
    N=1000 dt=1.0 ns  trunc_list=[20]  [eigh + analytic adjoint]
    start  c1=0.81432  c2=0.50909  c3=0.11317  c4=0  cerr=0.91682  c5=0.0005741  c6=4915.1   [F1=0.18568  F_ET=0.49091  F_err=0.08318]
    end    c1=0.042503  c2=0.34735  c3=0.010145  c4=3.6514e-05  cerr=0.41452  c5=0.0011482  c6=8079.4   [F1=0.95750  F_ET=0.65265  F_err=0.58548]
    STOP: TOTAL NO. of ITERATIONS REACHED LIMIT
    nit=500 nfev=532 cost=3.635879e-01 (486.0s)
    -> /Users/ziyi_dong_mac/Documents/GitHub/Qubit-Drive-GRAPE/pulses/est/u_X_est_dn_smoke500_seed4_w6_stage1.npy
    -> /Users/ziyi_dong_mac/Documents/GitHub/Qubit-Drive-GRAPE/pulses/est/x_X_est_dn_smoke500_seed4_w6_stage1.npy

=== X / est_dn / stage 2  weights=(1.0, 0.1, 0.0, 1.0, 0.0, 6.0, 0.0) ===
    N=1000 dt=1.0 ns  trunc_list=[20]  [eigh + analytic adjoint]
    start  c1=0.042503  c2=0.34735  c3=0.010145  c4=3.6514e-05  cerr=0.41452  c5=0.0011482  c6=8079.4   [F1=0.95750  F_ET=0.65265  F_err=0.58548]
    end    c1=0.00048365  c2=0.36223  c3=0.094262  c4=5.1226e-06  cerr=0.26951  c5=0.00012499  c6=8888.3   [F1=0.99952  F_ET=0.63777  F_err=0.73049]
    STOP: TOTAL NO. of ITERATIONS REACHED LIMIT
    nit=500 nfev=551 cost=3.746179e-02 (501.7s)
    -> /Users/ziyi_dong_mac/Documents/GitHub/Qubit-Drive-GRAPE/pulses/est/u_X_est_dn_smoke500_seed4_w6_stage2.npy
    -> /Users/ziyi_dong_mac/Documents/GitHub/Qubit-Drive-GRAPE/pulses/est/x_X_est_dn_smoke500_seed4_w6_stage2.npy

--- constraints on the saved pulse ---
  max_eps_cavity_rad_per_us: 25.140930536271796
  max_eps_transmon_rad_per_us: 25.17732221671214
  eps_max_rad_per_us: 25.132741228718345
  amplitude_cap_satisfied: True
  out_of_band_fraction: {'cavity': 0.0019008772175497304, 'transmon': 0.002215986370870419}
  endpoint_rel_to_mid: [0.009967025561757546, 0.007409104859930263]

saved /Users/ziyi_dong_mac/Documents/GitHub/Qubit-Drive-GRAPE/pulses/est/u_X_est_dn_smoke500_seed4_w6.npy
      /Users/ziyi_dong_mac/Documents/GitHub/Qubit-Drive-GRAPE/pulses/est/x_X_est_dn_smoke500_seed4_w6.npy
      /Users/ziyi_dong_mac/Documents/GitHub/Qubit-Drive-GRAPE/logs/est_X_est_dn_smoke500_seed4_w6.json
