
=== X / est_err / stage 1  weights=(1.0, 0.7, 7.0, 1.0, 1.0, 0.0, 0.0) ===
    N=1000 dt=1.0 ns  trunc_list=[20]  [eigh + analytic adjoint]
    start  c1=0.85415  c2=0.45305  c3=0.12295  c4=0  cerr=0.86491  c5=0.0013211  c6=5198.5   [F1=0.14585  F_ET=0.54695  F_err=0.13509]
    end    c1=0.034088  c2=0.38979  c3=0.011318  c4=0.00011304  cerr=0.024767  c5=0.0028125  c6=9184.1   [F1=0.96591  F_ET=0.61021  F_err=0.97523]
    STOP: TOTAL NO. of ITERATIONS REACHED LIMIT
    nit=500 nfev=529 cost=4.110485e-01 (508.4s)
    -> /Users/ziyi_dong_mac/Documents/GitHub/Qubit-Drive-GRAPE/pulses/est/u_X_est_err_smoke500_w1_stage1.npy
    -> /Users/ziyi_dong_mac/Documents/GitHub/Qubit-Drive-GRAPE/pulses/est/x_X_est_err_smoke500_w1_stage1.npy

=== X / est_err / stage 2  weights=(1.0, 0.1, 0.0, 1.0, 1.0, 0.0, 0.0) ===
    N=1000 dt=1.0 ns  trunc_list=[20]  [eigh + analytic adjoint]
    start  c1=0.034088  c2=0.38979  c3=0.011318  c4=0.00011304  cerr=0.024767  c5=0.0028125  c6=9184.1   [F1=0.96591  F_ET=0.61021  F_err=0.97523]
    end    c1=0.0037367  c2=0.40817  c3=0.084121  c4=2.5362e-05  cerr=0.0029637  c5=0.00094147  c6=9046.2   [F1=0.99626  F_ET=0.59183  F_err=0.99704]
    STOP: TOTAL NO. of ITERATIONS REACHED LIMIT
    nit=500 nfev=540 cost=4.754288e-02 (523.6s)
    -> /Users/ziyi_dong_mac/Documents/GitHub/Qubit-Drive-GRAPE/pulses/est/u_X_est_err_smoke500_w1_stage2.npy
    -> /Users/ziyi_dong_mac/Documents/GitHub/Qubit-Drive-GRAPE/pulses/est/x_X_est_err_smoke500_w1_stage2.npy

--- constraints on the saved pulse ---
  max_eps_cavity_rad_per_us: 25.169778088558587
  max_eps_transmon_rad_per_us: 25.195766282711812
  eps_max_rad_per_us: 25.132741228718345
  amplitude_cap_satisfied: True
  out_of_band_fraction: {'cavity': 0.001704753989542463, 'transmon': 0.0034181661958335085}
  endpoint_rel_to_mid: [0.00972701070199482, 0.0063349361831770735]

saved /Users/ziyi_dong_mac/Documents/GitHub/Qubit-Drive-GRAPE/pulses/est/u_X_est_err_smoke500_w1.npy
      /Users/ziyi_dong_mac/Documents/GitHub/Qubit-Drive-GRAPE/pulses/est/x_X_est_err_smoke500_w1.npy
      /Users/ziyi_dong_mac/Documents/GitHub/Qubit-Drive-GRAPE/logs/est_X_est_err_smoke500_w1.json
