
=== X / est_err / stage 1  weights=(1.0, 0.7, 7.0, 1.0, 0.3, 0.0, 0.0) ===
    N=1000 dt=1.0 ns  trunc_list=[20]  [eigh + analytic adjoint]
    start  c1=0.81432  c2=0.50909  c3=0.11317  c4=0  cerr=0.91682  c5=0.0005741  c6=4915.1   [F1=0.18568  F_ET=0.49091  F_err=0.08318]
    end    c1=0.054224  c2=0.34862  c3=0.015107  c4=0.00019824  cerr=0.39963  c5=0.010449  c6=12418   [F1=0.94578  F_ET=0.65138  F_err=0.60037]
    STOP: TOTAL NO. of ITERATIONS REACHED LIMIT
    nit=500 nfev=529 cost=5.240943e-01 (483.5s)
    -> /Users/ziyi_dong_mac/Documents/GitHub/Qubit-Drive-GRAPE/pulses/est/u_X_est_err_smoke500_seed4_w0.3_stage1.npy
    -> /Users/ziyi_dong_mac/Documents/GitHub/Qubit-Drive-GRAPE/pulses/est/x_X_est_err_smoke500_seed4_w0.3_stage1.npy

=== X / est_err / stage 2  weights=(1.0, 0.1, 0.0, 1.0, 0.3, 0.0, 0.0) ===
    N=1000 dt=1.0 ns  trunc_list=[20]  [eigh + analytic adjoint]
    start  c1=0.054224  c2=0.34862  c3=0.015107  c4=0.00019824  cerr=0.39963  c5=0.010449  c6=12418   [F1=0.94578  F_ET=0.65138  F_err=0.60037]
    end    c1=0.0012082  c2=0.45559  c3=0.077021  c4=1.7246e-06  cerr=0.0072693  c5=0.0063117  c6=10149   [F1=0.99879  F_ET=0.54441  F_err=0.99273]
    STOP: TOTAL NO. of ITERATIONS REACHED LIMIT
    nit=500 nfev=538 cost=4.894944e-02 (492.4s)
    -> /Users/ziyi_dong_mac/Documents/GitHub/Qubit-Drive-GRAPE/pulses/est/u_X_est_err_smoke500_seed4_w0.3_stage2.npy
    -> /Users/ziyi_dong_mac/Documents/GitHub/Qubit-Drive-GRAPE/pulses/est/x_X_est_err_smoke500_seed4_w0.3_stage2.npy

--- constraints on the saved pulse ---
  max_eps_cavity_rad_per_us: 25.1396748294029
  max_eps_transmon_rad_per_us: 25.159331348724166
  eps_max_rad_per_us: 25.132741228718345
  amplitude_cap_satisfied: True
  out_of_band_fraction: {'cavity': 0.0012272632318570832, 'transmon': 0.0008751051196702043}
  endpoint_rel_to_mid: [0.013011418330146808, 0.010749425467443955]

saved /Users/ziyi_dong_mac/Documents/GitHub/Qubit-Drive-GRAPE/pulses/est/u_X_est_err_smoke500_seed4_w0.3.npy
      /Users/ziyi_dong_mac/Documents/GitHub/Qubit-Drive-GRAPE/pulses/est/x_X_est_err_smoke500_seed4_w0.3.npy
      /Users/ziyi_dong_mac/Documents/GitHub/Qubit-Drive-GRAPE/logs/est_X_est_err_smoke500_seed4_w0.3.json
