
=== X / est_dn / stage 1  weights=(1.0, 0.7, 7.0, 1.0, 0.0, 10.0, 0.0) ===
    N=1000 dt=1.0 ns  trunc_list=[20]  [eigh + analytic adjoint]
    start  c1=0.93806  c2=0.50723  c3=0.11152  c4=0  cerr=0.94229  c5=0.0017263  c6=5852   [F1=0.06194  F_ET=0.49277  F_err=0.05771]
    end    c1=0.038131  c2=0.36048  c3=0.0077007  c4=2.0546e-05  cerr=0.88241  c5=0.0001906  c6=7250.1   [F1=0.96187  F_ET=0.63952  F_err=0.11759]
    STOP: TOTAL NO. of ITERATIONS REACHED LIMIT
    nit=500 nfev=534 cost=3.462956e-01 (491.3s)
    -> /Users/ziyi_dong_mac/Documents/GitHub/Qubit-Drive-GRAPE/pulses/est/u_X_est_dn_smoke500_seed5_w10_stage1.npy
    -> /Users/ziyi_dong_mac/Documents/GitHub/Qubit-Drive-GRAPE/pulses/est/x_X_est_dn_smoke500_seed5_w10_stage1.npy

=== X / est_dn / stage 2  weights=(1.0, 0.1, 0.0, 1.0, 0.0, 10.0, 0.0) ===
    N=1000 dt=1.0 ns  trunc_list=[20]  [eigh + analytic adjoint]
    start  c1=0.038131  c2=0.36048  c3=0.0077007  c4=2.0546e-05  cerr=0.88241  c5=0.0001906  c6=7250.1   [F1=0.96187  F_ET=0.63952  F_err=0.11759]
    end    c1=0.00065605  c2=0.35353  c3=0.13131  c4=7.0083e-06  cerr=0.81476  c5=5.9351e-05  c6=8135.5   [F1=0.99934  F_ET=0.64647  F_err=0.18524]
    STOP: TOTAL NO. of ITERATIONS REACHED LIMIT
    nit=500 nfev=539 cost=3.660908e-02 (494.0s)
    -> /Users/ziyi_dong_mac/Documents/GitHub/Qubit-Drive-GRAPE/pulses/est/u_X_est_dn_smoke500_seed5_w10_stage2.npy
    -> /Users/ziyi_dong_mac/Documents/GitHub/Qubit-Drive-GRAPE/pulses/est/x_X_est_dn_smoke500_seed5_w10_stage2.npy

--- constraints on the saved pulse ---
  max_eps_cavity_rad_per_us: 25.183959318813905
  max_eps_transmon_rad_per_us: 25.173075817793094
  eps_max_rad_per_us: 25.132741228718345
  amplitude_cap_satisfied: True
  out_of_band_fraction: {'cavity': 0.004628885470114046, 'transmon': 0.000659723122727132}
  endpoint_rel_to_mid: [0.01554811015728423, 0.014913536039812679]

saved /Users/ziyi_dong_mac/Documents/GitHub/Qubit-Drive-GRAPE/pulses/est/u_X_est_dn_smoke500_seed5_w10.npy
      /Users/ziyi_dong_mac/Documents/GitHub/Qubit-Drive-GRAPE/pulses/est/x_X_est_dn_smoke500_seed5_w10.npy
      /Users/ziyi_dong_mac/Documents/GitHub/Qubit-Drive-GRAPE/logs/est_X_est_dn_smoke500_seed5_w10.json
