
=== X / est_dn / stage 1  weights=(1.0, 0.7, 7.0, 1.0, 0.0, 30.0, 0.0) ===
    N=1000 dt=1.0 ns  trunc_list=[20]  [eigh + analytic adjoint]
    start  c1=0.81432  c2=0.50909  c3=0.11317  c4=0  cerr=0.91682  c5=0.0005741  c6=4915.1   [F1=0.18568  F_ET=0.49091  F_err=0.08318]
    end    c1=0.033762  c2=0.34213  c3=0.012595  c4=5.2412e-05  cerr=0.78114  c5=9.511e-05  c6=12109   [F1=0.96624  F_ET=0.65787  F_err=0.21886]
    STOP: TOTAL NO. of ITERATIONS REACHED LIMIT
    nit=500 nfev=534 cost=3.643178e-01 (488.2s)
    -> /Users/ziyi_dong_mac/Documents/GitHub/Qubit-Drive-GRAPE/pulses/est/u_X_est_dn_smoke500_seed4_w30_stage1.npy
    -> /Users/ziyi_dong_mac/Documents/GitHub/Qubit-Drive-GRAPE/pulses/est/x_X_est_dn_smoke500_seed4_w30_stage1.npy

=== X / est_dn / stage 2  weights=(1.0, 0.1, 0.0, 1.0, 0.0, 30.0, 0.0) ===
    N=1000 dt=1.0 ns  trunc_list=[20]  [eigh + analytic adjoint]
    start  c1=0.033762  c2=0.34213  c3=0.012595  c4=5.2412e-05  cerr=0.78114  c5=9.511e-05  c6=12109   [F1=0.96624  F_ET=0.65787  F_err=0.21886]
    end    c1=0.0012719  c2=0.35922  c3=0.08209  c4=3.2982e-06  cerr=0.75118  c5=1.366e-05  c6=9497.1   [F1=0.99873  F_ET=0.64078  F_err=0.24882]
    STOP: TOTAL NO. of ITERATIONS REACHED LIMIT
    nit=500 nfev=535 cost=3.760686e-02 (490.4s)
    -> /Users/ziyi_dong_mac/Documents/GitHub/Qubit-Drive-GRAPE/pulses/est/u_X_est_dn_smoke500_seed4_w30_stage2.npy
    -> /Users/ziyi_dong_mac/Documents/GitHub/Qubit-Drive-GRAPE/pulses/est/x_X_est_dn_smoke500_seed4_w30_stage2.npy

--- constraints on the saved pulse ---
  max_eps_cavity_rad_per_us: 25.15870701630044
  max_eps_transmon_rad_per_us: 25.17062624689278
  eps_max_rad_per_us: 25.132741228718345
  amplitude_cap_satisfied: True
  out_of_band_fraction: {'cavity': 0.002731767168942876, 'transmon': 0.0005915876186573111}
  endpoint_rel_to_mid: [0.01364101448562068, 0.00993801950529447]

saved /Users/ziyi_dong_mac/Documents/GitHub/Qubit-Drive-GRAPE/pulses/est/u_X_est_dn_smoke500_seed4_w30.npy
      /Users/ziyi_dong_mac/Documents/GitHub/Qubit-Drive-GRAPE/pulses/est/x_X_est_dn_smoke500_seed4_w30.npy
      /Users/ziyi_dong_mac/Documents/GitHub/Qubit-Drive-GRAPE/logs/est_X_est_dn_smoke500_seed4_w30.json
