
=== X / est_err / stage 1  weights=(1.0, 0.7, 7.0, 1.0, 1.0, 0.0, 0.0) ===
    N=1000 dt=1.0 ns  trunc_list=[20]  [eigh + analytic adjoint]
    start  c1=0.89149  c2=0.53871  c3=0.20517  c4=0  cerr=0.92807  c5=0.00094702  c6=4781.2   [F1=0.10851  F_ET=0.46129  F_err=0.07193]
    end    c1=0.033094  c2=0.56687  c3=0.01058  c4=7.6793e-05  cerr=0.018773  c5=0.0006875  c6=12515   [F1=0.96691  F_ET=0.43313  F_err=0.98123]
    STOP: TOTAL NO. of ITERATIONS REACHED LIMIT
    nit=500 nfev=527 cost=5.228126e-01 (491.6s)
    -> /Users/ziyi_dong_mac/Documents/GitHub/Qubit-Drive-GRAPE/pulses/est/u_X_est_err_smoke500_seed2_w1_stage1.npy
    -> /Users/ziyi_dong_mac/Documents/GitHub/Qubit-Drive-GRAPE/pulses/est/x_X_est_err_smoke500_seed2_w1_stage1.npy

=== X / est_err / stage 2  weights=(1.0, 0.1, 0.0, 1.0, 1.0, 0.0, 0.0) ===
    N=1000 dt=1.0 ns  trunc_list=[20]  [eigh + analytic adjoint]
    start  c1=0.033094  c2=0.56687  c3=0.01058  c4=7.6793e-05  cerr=0.018773  c5=0.0006875  c6=12515   [F1=0.96691  F_ET=0.43313  F_err=0.98123]
    end    c1=0.003925  c2=0.58194  c3=0.07357  c4=1.522e-05  cerr=0.0041493  c5=0.001171  c6=11761   [F1=0.99608  F_ET=0.41806  F_err=0.99585]
    STOP: TOTAL NO. of ITERATIONS REACHED LIMIT
    nit=500 nfev=532 cost=6.628338e-02 (494.4s)
    -> /Users/ziyi_dong_mac/Documents/GitHub/Qubit-Drive-GRAPE/pulses/est/u_X_est_err_smoke500_seed2_w1_stage2.npy
    -> /Users/ziyi_dong_mac/Documents/GitHub/Qubit-Drive-GRAPE/pulses/est/x_X_est_err_smoke500_seed2_w1_stage2.npy

--- constraints on the saved pulse ---
  max_eps_cavity_rad_per_us: 25.152023520581363
  max_eps_transmon_rad_per_us: 25.171893691441653
  eps_max_rad_per_us: 25.132741228718345
  amplitude_cap_satisfied: True
  out_of_band_fraction: {'cavity': 0.002188434924720935, 'transmon': 0.0022091793739403257}
  endpoint_rel_to_mid: [0.012259339452531957, 0.009662429972563944]

saved /Users/ziyi_dong_mac/Documents/GitHub/Qubit-Drive-GRAPE/pulses/est/u_X_est_err_smoke500_seed2_w1.npy
      /Users/ziyi_dong_mac/Documents/GitHub/Qubit-Drive-GRAPE/pulses/est/x_X_est_err_smoke500_seed2_w1.npy
      /Users/ziyi_dong_mac/Documents/GitHub/Qubit-Drive-GRAPE/logs/est_X_est_err_smoke500_seed2_w1.json
