
=== X / est_dn / stage 1  weights=(1.0, 0.7, 7.0, 1.0, 0.0, 3.0, 0.0) ===
    N=1000 dt=1.0 ns  trunc_list=[20]  [eigh + analytic adjoint]
    start  c1=0.81432  c2=0.50909  c3=0.11317  c4=0  cerr=0.91682  c5=0.0005741  c6=4915.1   [F1=0.18568  F_ET=0.49091  F_err=0.08318]
    end    c1=0.036711  c2=0.341  c3=0.0099949  c4=6.3164e-05  cerr=0.37214  c5=0.0017935  c6=9496.1   [F1=0.96329  F_ET=0.65900  F_err=0.62786]
    STOP: TOTAL NO. of ITERATIONS REACHED LIMIT
    nit=500 nfev=530 cost=3.508171e-01 (484.6s)
    -> /Users/ziyi_dong_mac/Documents/GitHub/Qubit-Drive-GRAPE/pulses/est/u_X_est_dn_smoke500_seed4_w3_stage1.npy
    -> /Users/ziyi_dong_mac/Documents/GitHub/Qubit-Drive-GRAPE/pulses/est/x_X_est_dn_smoke500_seed4_w3_stage1.npy

=== X / est_dn / stage 2  weights=(1.0, 0.1, 0.0, 1.0, 0.0, 3.0, 0.0) ===
    N=1000 dt=1.0 ns  trunc_list=[20]  [eigh + analytic adjoint]
    start  c1=0.036711  c2=0.341  c3=0.0099949  c4=6.3164e-05  cerr=0.37214  c5=0.0017935  c6=9496.1   [F1=0.96329  F_ET=0.65900  F_err=0.62786]
    end    c1=0.0013326  c2=0.32622  c3=0.094418  c4=2.4217e-06  cerr=0.18297  c5=0.00022236  c6=7963.3   [F1=0.99867  F_ET=0.67378  F_err=0.81703]
    STOP: TOTAL NO. of ITERATIONS REACHED LIMIT
    nit=500 nfev=538 cost=3.462391e-02 (492.4s)
    -> /Users/ziyi_dong_mac/Documents/GitHub/Qubit-Drive-GRAPE/pulses/est/u_X_est_dn_smoke500_seed4_w3_stage2.npy
    -> /Users/ziyi_dong_mac/Documents/GitHub/Qubit-Drive-GRAPE/pulses/est/x_X_est_dn_smoke500_seed4_w3_stage2.npy

--- constraints on the saved pulse ---
  max_eps_cavity_rad_per_us: 25.14443854055866
  max_eps_transmon_rad_per_us: 25.161636880513083
  eps_max_rad_per_us: 25.132741228718345
  amplitude_cap_satisfied: True
  out_of_band_fraction: {'cavity': 0.004615036846059393, 'transmon': 0.0008218487000179904}
  endpoint_rel_to_mid: [0.013123644846793191, 0.009427071194140999]

saved /Users/ziyi_dong_mac/Documents/GitHub/Qubit-Drive-GRAPE/pulses/est/u_X_est_dn_smoke500_seed4_w3.npy
      /Users/ziyi_dong_mac/Documents/GitHub/Qubit-Drive-GRAPE/pulses/est/x_X_est_dn_smoke500_seed4_w3.npy
      /Users/ziyi_dong_mac/Documents/GitHub/Qubit-Drive-GRAPE/logs/est_X_est_dn_smoke500_seed4_w3.json
