
=== X / est_dn / stage 1  weights=(1.0, 0.7, 7.0, 1.0, 0.0, 15.0, 0.0) ===
    N=1000 dt=1.0 ns  trunc_list=[20]  [eigh + analytic adjoint]
    start  c1=0.89628  c2=0.59604  c3=0.13522  c4=0.023581  cerr=0.86036  c5=0.0067087  c6=5261.2   [F1=0.10372  F_ET=0.40396  F_err=0.13964]
    end    c1=0.047034  c2=0.46041  c3=0.0096303  c4=6.1068e-05  cerr=0.79823  c5=0.00018841  c6=10268   [F1=0.95297  F_ET=0.53959  F_err=0.20177]
    STOP: TOTAL NO. of ITERATIONS REACHED LIMIT
    nit=500 nfev=526 cost=4.396183e-01 (491.2s)
    -> /Users/ziyi_dong_mac/Documents/GitHub/Qubit-Drive-GRAPE/pulses/est/u_X_est_dn_smoke500_seed0_w15_stage1.npy
    -> /Users/ziyi_dong_mac/Documents/GitHub/Qubit-Drive-GRAPE/pulses/est/x_X_est_dn_smoke500_seed0_w15_stage1.npy

=== X / est_dn / stage 2  weights=(1.0, 0.1, 0.0, 1.0, 0.0, 15.0, 0.0) ===
    N=1000 dt=1.0 ns  trunc_list=[20]  [eigh + analytic adjoint]
    start  c1=0.047034  c2=0.46041  c3=0.0096303  c4=6.1068e-05  cerr=0.79823  c5=0.00018841  c6=10268   [F1=0.95297  F_ET=0.53959  F_err=0.20177]
    end    c1=0.0019438  c2=0.47867  c3=0.084185  c4=4.4742e-06  cerr=0.90842  c5=1.6129e-05  c6=8593.6   [F1=0.99806  F_ET=0.52133  F_err=0.09158]
    STOP: TOTAL NO. of ITERATIONS REACHED LIMIT
    nit=500 nfev=554 cost=5.005725e-02 (512.4s)
    -> /Users/ziyi_dong_mac/Documents/GitHub/Qubit-Drive-GRAPE/pulses/est/u_X_est_dn_smoke500_seed0_w15_stage2.npy
    -> /Users/ziyi_dong_mac/Documents/GitHub/Qubit-Drive-GRAPE/pulses/est/x_X_est_dn_smoke500_seed0_w15_stage2.npy

--- constraints on the saved pulse ---
  max_eps_cavity_rad_per_us: 25.04428159488162
  max_eps_transmon_rad_per_us: 25.17461052134133
  eps_max_rad_per_us: 25.132741228718345
  amplitude_cap_satisfied: True
  out_of_band_fraction: {'cavity': 0.002591795243073817, 'transmon': 0.0025929086548668024}
  endpoint_rel_to_mid: [0.014059419469157444, 0.009829201030649859]

saved /Users/ziyi_dong_mac/Documents/GitHub/Qubit-Drive-GRAPE/pulses/est/u_X_est_dn_smoke500_seed0_w15.npy
      /Users/ziyi_dong_mac/Documents/GitHub/Qubit-Drive-GRAPE/pulses/est/x_X_est_dn_smoke500_seed0_w15.npy
      /Users/ziyi_dong_mac/Documents/GitHub/Qubit-Drive-GRAPE/logs/est_X_est_dn_smoke500_seed0_w15.json
