
=== X / est_err / stage 1  weights=(1.0, 0.7, 7.0, 1.0, 3.0, 0.0, 0.0) ===
    N=1000 dt=1.0 ns  trunc_list=[20]  [eigh + analytic adjoint]
    start  c1=0.89628  c2=0.59604  c3=0.13522  c4=0.023581  cerr=0.86036  c5=0.0067087  c6=5261.2   [F1=0.10372  F_ET=0.40396  F_err=0.13964]
    end    c1=0.036263  c2=0.52657  c3=0.012459  c4=0.00032073  cerr=0.0067445  c5=0.0038246  c6=8559.8   [F1=0.96374  F_ET=0.47343  F_err=0.99326]
    STOP: TOTAL NO. of ITERATIONS REACHED LIMIT
    nit=500 nfev=535 cost=5.126323e-01 (488.0s)
    -> /Users/ziyi_dong_mac/Documents/GitHub/Qubit-Drive-GRAPE/pulses/est/u_X_est_err_smoke500_seed0_w3_stage1.npy
    -> /Users/ziyi_dong_mac/Documents/GitHub/Qubit-Drive-GRAPE/pulses/est/x_X_est_err_smoke500_seed0_w3_stage1.npy

=== X / est_err / stage 2  weights=(1.0, 0.1, 0.0, 1.0, 3.0, 0.0, 0.0) ===
    N=1000 dt=1.0 ns  trunc_list=[20]  [eigh + analytic adjoint]
    start  c1=0.036263  c2=0.52657  c3=0.012459  c4=0.00032073  cerr=0.0067445  c5=0.0038246  c6=8559.8   [F1=0.96374  F_ET=0.47343  F_err=0.99326]
    end    c1=0.0027319  c2=0.53105  c3=0.070766  c4=2.1817e-05  cerr=0.00066117  c5=0.0037205  c6=10175   [F1=0.99727  F_ET=0.46895  F_err=0.99934]
    STOP: TOTAL NO. of ITERATIONS REACHED LIMIT
    nit=500 nfev=529 cost=5.784193e-02 (483.8s)
    -> /Users/ziyi_dong_mac/Documents/GitHub/Qubit-Drive-GRAPE/pulses/est/u_X_est_err_smoke500_seed0_w3_stage2.npy
    -> /Users/ziyi_dong_mac/Documents/GitHub/Qubit-Drive-GRAPE/pulses/est/x_X_est_err_smoke500_seed0_w3_stage2.npy

--- constraints on the saved pulse ---
  max_eps_cavity_rad_per_us: 25.164593829938102
  max_eps_transmon_rad_per_us: 25.228048067197548
  eps_max_rad_per_us: 25.132741228718345
  amplitude_cap_satisfied: True
  out_of_band_fraction: {'cavity': 0.009104633235765006, 'transmon': 0.0001366812252543855}
  endpoint_rel_to_mid: [0.015985466996083594, 0.015542654826555112]

saved /Users/ziyi_dong_mac/Documents/GitHub/Qubit-Drive-GRAPE/pulses/est/u_X_est_err_smoke500_seed0_w3.npy
      /Users/ziyi_dong_mac/Documents/GitHub/Qubit-Drive-GRAPE/pulses/est/x_X_est_err_smoke500_seed0_w3.npy
      /Users/ziyi_dong_mac/Documents/GitHub/Qubit-Drive-GRAPE/logs/est_X_est_err_smoke500_seed0_w3.json
