
=== X / est_err / stage 1  weights=(1.0, 0.7, 7.0, 1.0, 3.0, 0.0, 0.0) ===
    N=1000 dt=1.0 ns  trunc_list=[20]  [eigh + analytic adjoint]
    start  c1=0.93806  c2=0.50723  c3=0.11152  c4=0  cerr=0.94229  c5=0.0017263  c6=5852   [F1=0.06194  F_ET=0.49277  F_err=0.05771]
    end    c1=0.063494  c2=0.4253  c3=0.014157  c4=0.00018264  cerr=0.0066212  c5=0.0016573  c6=11184   [F1=0.93651  F_ET=0.57470  F_err=0.99338]
    STOP: TOTAL NO. of ITERATIONS REACHED LIMIT
    nit=500 nfev=543 cost=4.803478e-01 (496.1s)
    -> /Users/ziyi_dong_mac/Documents/GitHub/Qubit-Drive-GRAPE/pulses/est/u_X_est_err_smoke500_seed5_w3_stage1.npy
    -> /Users/ziyi_dong_mac/Documents/GitHub/Qubit-Drive-GRAPE/pulses/est/x_X_est_err_smoke500_seed5_w3_stage1.npy

=== X / est_err / stage 2  weights=(1.0, 0.1, 0.0, 1.0, 3.0, 0.0, 0.0) ===
    N=1000 dt=1.0 ns  trunc_list=[20]  [eigh + analytic adjoint]
    start  c1=0.063494  c2=0.4253  c3=0.014157  c4=0.00018264  cerr=0.0066212  c5=0.0016573  c6=11184   [F1=0.93651  F_ET=0.57470  F_err=0.99338]
    end    c1=0.0073273  c2=0.4501  c3=0.091371  c4=1.7154e-05  cerr=0.0015607  c5=0.0022818  c6=11802   [F1=0.99267  F_ET=0.54990  F_err=0.99844]
    STOP: TOTAL NO. of ITERATIONS REACHED LIMIT
    nit=500 nfev=533 cost=5.703685e-02 (487.9s)
    -> /Users/ziyi_dong_mac/Documents/GitHub/Qubit-Drive-GRAPE/pulses/est/u_X_est_err_smoke500_seed5_w3_stage2.npy
    -> /Users/ziyi_dong_mac/Documents/GitHub/Qubit-Drive-GRAPE/pulses/est/x_X_est_err_smoke500_seed5_w3_stage2.npy

--- constraints on the saved pulse ---
  max_eps_cavity_rad_per_us: 25.19174833134296
  max_eps_transmon_rad_per_us: 25.18632389936885
  eps_max_rad_per_us: 25.132741228718345
  amplitude_cap_satisfied: True
  out_of_band_fraction: {'cavity': 0.0026481455406401847, 'transmon': 0.00013038710958674773}
  endpoint_rel_to_mid: [0.011421312747044264, 0.010023242386501324]

saved /Users/ziyi_dong_mac/Documents/GitHub/Qubit-Drive-GRAPE/pulses/est/u_X_est_err_smoke500_seed5_w3.npy
      /Users/ziyi_dong_mac/Documents/GitHub/Qubit-Drive-GRAPE/pulses/est/x_X_est_err_smoke500_seed5_w3.npy
      /Users/ziyi_dong_mac/Documents/GitHub/Qubit-Drive-GRAPE/logs/est_X_est_err_smoke500_seed5_w3.json
