
=== X / est_dn / stage 1  weights=(1.0, 0.7, 7.0, 1.0, 0.0, 15.0, 0.0) ===
    N=1000 dt=1.0 ns  trunc_list=[20]  [eigh + analytic adjoint]
    start  c1=0.89149  c2=0.53871  c3=0.20517  c4=0  cerr=0.92807  c5=0.00094702  c6=4781.2   [F1=0.10851  F_ET=0.46129  F_err=0.07193]
    end    c1=0.66737  c2=0.0083953  c3=0.0025218  c4=0  cerr=0.66782  c5=2.4489e-08  c6=91.936   [F1=0.33263  F_ET=0.99160  F_err=0.33218]
    STOP: TOTAL NO. of ITERATIONS REACHED LIMIT
    nit=500 nfev=531 cost=6.909014e-01 (486.7s)
    -> /Users/ziyi_dong_mac/Documents/GitHub/Qubit-Drive-GRAPE/pulses/est/u_X_est_dn_smoke500_seed2_w15_stage1.npy
    -> /Users/ziyi_dong_mac/Documents/GitHub/Qubit-Drive-GRAPE/pulses/est/x_X_est_dn_smoke500_seed2_w15_stage1.npy

=== X / est_dn / stage 2  weights=(1.0, 0.1, 0.0, 1.0, 0.0, 15.0, 0.0) ===
    N=1000 dt=1.0 ns  trunc_list=[20]  [eigh + analytic adjoint]
    start  c1=0.66737  c2=0.0083953  c3=0.0025218  c4=0  cerr=0.66782  c5=2.4489e-08  c6=91.936   [F1=0.33263  F_ET=0.99160  F_err=0.33218]
    end    c1=0.66667  c2=0.0029553  c3=0.26985  c4=0  cerr=0.66723  c5=3.9478e-12  c6=94.103   [F1=0.33333  F_ET=0.99704  F_err=0.33277]
    STOP: TOTAL NO. of ITERATIONS REACHED LIMIT
    nit=500 nfev=557 cost=6.669624e-01 (504.4s)
    -> /Users/ziyi_dong_mac/Documents/GitHub/Qubit-Drive-GRAPE/pulses/est/u_X_est_dn_smoke500_seed2_w15_stage2.npy
    -> /Users/ziyi_dong_mac/Documents/GitHub/Qubit-Drive-GRAPE/pulses/est/x_X_est_dn_smoke500_seed2_w15_stage2.npy

--- constraints on the saved pulse ---
  max_eps_cavity_rad_per_us: 2.109006281656398
  max_eps_transmon_rad_per_us: 9.205856845623462
  eps_max_rad_per_us: 25.132741228718345
  amplitude_cap_satisfied: True
  out_of_band_fraction: {'cavity': 0.2112699478316079, 'transmon': 0.005156498031615313}
  endpoint_rel_to_mid: [0.06328931062737782, 0.062437193387370984]

saved /Users/ziyi_dong_mac/Documents/GitHub/Qubit-Drive-GRAPE/pulses/est/u_X_est_dn_smoke500_seed2_w15.npy
      /Users/ziyi_dong_mac/Documents/GitHub/Qubit-Drive-GRAPE/pulses/est/x_X_est_dn_smoke500_seed2_w15.npy
      /Users/ziyi_dong_mac/Documents/GitHub/Qubit-Drive-GRAPE/logs/est_X_est_dn_smoke500_seed2_w15.json
