
=== X / est_err / stage 1  weights=(1.0, 0.7, 7.0, 1.0, 0.1, 0.0, 0.0) ===
    N=1000 dt=1.0 ns  trunc_list=[20]  [eigh + analytic adjoint]
    start  c1=0.89628  c2=0.59604  c3=0.13522  c4=0.023581  cerr=0.86036  c5=0.0067087  c6=5261.2   [F1=0.10372  F_ET=0.40396  F_err=0.13964]
    end    c1=0.04731  c2=0.29652  c3=0.010896  c4=1.4363e-05  cerr=0.44293  c5=0.0062455  c6=10234   [F1=0.95269  F_ET=0.70348  F_err=0.55707]
    STOP: TOTAL NO. of ITERATIONS REACHED LIMIT
    nit=500 nfev=549 cost=3.754554e-01 (496.4s)
    -> /Users/ziyi_dong_mac/Documents/GitHub/Qubit-Drive-GRAPE/pulses/est/u_X_est_err_smoke500_seed0_w0.1_stage1.npy
    -> /Users/ziyi_dong_mac/Documents/GitHub/Qubit-Drive-GRAPE/pulses/est/x_X_est_err_smoke500_seed0_w0.1_stage1.npy

=== X / est_err / stage 2  weights=(1.0, 0.1, 0.0, 1.0, 0.1, 0.0, 0.0) ===
    N=1000 dt=1.0 ns  trunc_list=[20]  [eigh + analytic adjoint]
    start  c1=0.04731  c2=0.29652  c3=0.010896  c4=1.4363e-05  cerr=0.44293  c5=0.0062455  c6=10234   [F1=0.95269  F_ET=0.70348  F_err=0.55707]
    end    c1=0.0021405  c2=0.37605  c3=0.096925  c4=8.8556e-06  cerr=0.059435  c5=0.0013324  c6=10704   [F1=0.99786  F_ET=0.62395  F_err=0.94056]
    STOP: TOTAL NO. of ITERATIONS REACHED LIMIT
    nit=500 nfev=535 cost=4.569833e-02 (479.9s)
    -> /Users/ziyi_dong_mac/Documents/GitHub/Qubit-Drive-GRAPE/pulses/est/u_X_est_err_smoke500_seed0_w0.1_stage2.npy
    -> /Users/ziyi_dong_mac/Documents/GitHub/Qubit-Drive-GRAPE/pulses/est/x_X_est_err_smoke500_seed0_w0.1_stage2.npy

--- constraints on the saved pulse ---
  max_eps_cavity_rad_per_us: 25.166019217092
  max_eps_transmon_rad_per_us: 25.16734245338756
  eps_max_rad_per_us: 25.132741228718345
  amplitude_cap_satisfied: True
  out_of_band_fraction: {'cavity': 0.0016342774529472153, 'transmon': 0.0028900692903515127}
  endpoint_rel_to_mid: [0.018115619889181166, 0.017237312873727328]

saved /Users/ziyi_dong_mac/Documents/GitHub/Qubit-Drive-GRAPE/pulses/est/u_X_est_err_smoke500_seed0_w0.1.npy
      /Users/ziyi_dong_mac/Documents/GitHub/Qubit-Drive-GRAPE/pulses/est/x_X_est_err_smoke500_seed0_w0.1.npy
      /Users/ziyi_dong_mac/Documents/GitHub/Qubit-Drive-GRAPE/logs/est_X_est_err_smoke500_seed0_w0.1.json
