
=== X / est_err / stage 1  weights=(1.0, 0.7, 7.0, 1.0, 0.3, 0.0, 0.0) ===
    N=1000 dt=1.0 ns  trunc_list=[20]  [eigh + analytic adjoint]
    start  c1=0.85415  c2=0.45305  c3=0.12295  c4=0  cerr=0.86491  c5=0.0013211  c6=5198.5   [F1=0.14585  F_ET=0.54695  F_err=0.13509]
    end    c1=0.032673  c2=0.32366  c3=0.014133  c4=0.00019878  cerr=0.11146  c5=0.0010302  c6=13802   [F1=0.96733  F_ET=0.67634  F_err=0.88854]
    STOP: TOTAL NO. of ITERATIONS REACHED LIMIT
    nit=500 nfev=528 cost=3.917994e-01 (508.6s)
    -> /Users/ziyi_dong_mac/Documents/GitHub/Qubit-Drive-GRAPE/pulses/est/u_X_est_err_smoke500_w0.3_stage1.npy
    -> /Users/ziyi_dong_mac/Documents/GitHub/Qubit-Drive-GRAPE/pulses/est/x_X_est_err_smoke500_w0.3_stage1.npy

=== X / est_err / stage 2  weights=(1.0, 0.1, 0.0, 1.0, 0.3, 0.0, 0.0) ===
    N=1000 dt=1.0 ns  trunc_list=[20]  [eigh + analytic adjoint]
    start  c1=0.032673  c2=0.32366  c3=0.014133  c4=0.00019878  cerr=0.11146  c5=0.0010302  c6=13802   [F1=0.96733  F_ET=0.67634  F_err=0.88854]
    end    c1=0.0012025  c2=0.31338  c3=0.089026  c4=3.1171e-05  cerr=0.00902  c5=0.001548  c6=11284   [F1=0.99880  F_ET=0.68662  F_err=0.99098]
    STOP: TOTAL NO. of ITERATIONS REACHED LIMIT
    nit=500 nfev=550 cost=3.527730e-02 (532.6s)
    -> /Users/ziyi_dong_mac/Documents/GitHub/Qubit-Drive-GRAPE/pulses/est/u_X_est_err_smoke500_w0.3_stage2.npy
    -> /Users/ziyi_dong_mac/Documents/GitHub/Qubit-Drive-GRAPE/pulses/est/x_X_est_err_smoke500_w0.3_stage2.npy

--- constraints on the saved pulse ---
  max_eps_cavity_rad_per_us: 25.18178787062775
  max_eps_transmon_rad_per_us: 25.213938110423552
  eps_max_rad_per_us: 25.132741228718345
  amplitude_cap_satisfied: True
  out_of_band_fraction: {'cavity': 0.000628081582593497, 'transmon': 0.00022379070550002835}
  endpoint_rel_to_mid: [0.016834325942401668, 0.016367319457071254]

saved /Users/ziyi_dong_mac/Documents/GitHub/Qubit-Drive-GRAPE/pulses/est/u_X_est_err_smoke500_w0.3.npy
      /Users/ziyi_dong_mac/Documents/GitHub/Qubit-Drive-GRAPE/pulses/est/x_X_est_err_smoke500_w0.3.npy
      /Users/ziyi_dong_mac/Documents/GitHub/Qubit-Drive-GRAPE/logs/est_X_est_err_smoke500_w0.3.json
