
=== X / est_dn / stage 1  weights=(1.0, 0.7, 7.0, 1.0, 0.0, 30.0, 0.0) ===
    N=1000 dt=1.0 ns  trunc_list=[20]  [eigh + analytic adjoint]
    start  c1=0.93806  c2=0.50723  c3=0.11152  c4=0  cerr=0.94229  c5=0.0017263  c6=5852   [F1=0.06194  F_ET=0.49277  F_err=0.05771]
    end    c1=0.044625  c2=0.34104  c3=0.0078574  c4=2.3754e-05  cerr=0.8224  c5=0.00010408  c6=7579.6   [F1=0.95538  F_ET=0.65896  F_err=0.17760]
    STOP: TOTAL NO. of ITERATIONS REACHED LIMIT
    nit=500 nfev=528 cost=3.414970e-01 (486.1s)
    -> /Users/ziyi_dong_mac/Documents/GitHub/Qubit-Drive-GRAPE/pulses/est/u_X_est_dn_smoke500_seed5_w30_stage1.npy
    -> /Users/ziyi_dong_mac/Documents/GitHub/Qubit-Drive-GRAPE/pulses/est/x_X_est_dn_smoke500_seed5_w30_stage1.npy

=== X / est_dn / stage 2  weights=(1.0, 0.1, 0.0, 1.0, 0.0, 30.0, 0.0) ===
    N=1000 dt=1.0 ns  trunc_list=[20]  [eigh + analytic adjoint]
    start  c1=0.044625  c2=0.34104  c3=0.0078574  c4=2.3754e-05  cerr=0.8224  c5=0.00010408  c6=7579.6   [F1=0.95538  F_ET=0.65896  F_err=0.17760]
    end    c1=0.0012867  c2=0.38508  c3=0.099658  c4=2.6667e-06  cerr=0.74963  c5=2.4276e-05  c6=7034.5   [F1=0.99871  F_ET=0.61492  F_err=0.25037]
    STOP: TOTAL NO. of ITERATIONS REACHED LIMIT
    nit=500 nfev=556 cost=4.052533e-02 (507.9s)
    -> /Users/ziyi_dong_mac/Documents/GitHub/Qubit-Drive-GRAPE/pulses/est/u_X_est_dn_smoke500_seed5_w30_stage2.npy
    -> /Users/ziyi_dong_mac/Documents/GitHub/Qubit-Drive-GRAPE/pulses/est/x_X_est_dn_smoke500_seed5_w30_stage2.npy

--- constraints on the saved pulse ---
  max_eps_cavity_rad_per_us: 24.73358764325151
  max_eps_transmon_rad_per_us: 25.182818168154
  eps_max_rad_per_us: 25.132741228718345
  amplitude_cap_satisfied: True
  out_of_band_fraction: {'cavity': 0.00503970485974433, 'transmon': 0.0016790120273387017}
  endpoint_rel_to_mid: [0.017177581938983482, 0.016816177550311687]

saved /Users/ziyi_dong_mac/Documents/GitHub/Qubit-Drive-GRAPE/pulses/est/u_X_est_dn_smoke500_seed5_w30.npy
      /Users/ziyi_dong_mac/Documents/GitHub/Qubit-Drive-GRAPE/pulses/est/x_X_est_dn_smoke500_seed5_w30.npy
      /Users/ziyi_dong_mac/Documents/GitHub/Qubit-Drive-GRAPE/logs/est_X_est_dn_smoke500_seed5_w30.json
