
=== X / est_err / stage 1  weights=(1.0, 0.7, 7.0, 1.0, 3.0, 0.0, 0.0) ===
    N=1000 dt=1.0 ns  trunc_list=[20]  [eigh + analytic adjoint]
    start  c1=0.89149  c2=0.53871  c3=0.20517  c4=0  cerr=0.92807  c5=0.00094702  c6=4781.2   [F1=0.10851  F_ET=0.46129  F_err=0.07193]
    end    c1=0.057059  c2=0.60869  c3=0.018389  c4=0.00070115  cerr=0.014293  c5=0.0032882  c6=11565   [F1=0.94294  F_ET=0.39131  F_err=0.98571]
    STOP: TOTAL NO. of ITERATIONS REACHED LIMIT
    nit=500 nfev=525 cost=6.554407e-01 (489.1s)
    -> /Users/ziyi_dong_mac/Documents/GitHub/Qubit-Drive-GRAPE/pulses/est/u_X_est_err_smoke500_seed2_w3_stage1.npy
    -> /Users/ziyi_dong_mac/Documents/GitHub/Qubit-Drive-GRAPE/pulses/est/x_X_est_err_smoke500_seed2_w3_stage1.npy

=== X / est_err / stage 2  weights=(1.0, 0.1, 0.0, 1.0, 3.0, 0.0, 0.0) ===
    N=1000 dt=1.0 ns  trunc_list=[20]  [eigh + analytic adjoint]
    start  c1=0.057059  c2=0.60869  c3=0.018389  c4=0.00070115  cerr=0.014293  c5=0.0032882  c6=11565   [F1=0.94294  F_ET=0.39131  F_err=0.98571]
    end    c1=0.017659  c2=0.57668  c3=0.064943  c4=7.8396e-05  cerr=0.0031201  c5=0.0039128  c6=12344   [F1=0.98234  F_ET=0.42332  F_err=0.99688]
    STOP: TOTAL NO. of ITERATIONS REACHED LIMIT
    nit=500 nfev=536 cost=8.476632e-02 (499.0s)
    -> /Users/ziyi_dong_mac/Documents/GitHub/Qubit-Drive-GRAPE/pulses/est/u_X_est_err_smoke500_seed2_w3_stage2.npy
    -> /Users/ziyi_dong_mac/Documents/GitHub/Qubit-Drive-GRAPE/pulses/est/x_X_est_err_smoke500_seed2_w3_stage2.npy

--- constraints on the saved pulse ---
  max_eps_cavity_rad_per_us: 25.216825659042954
  max_eps_transmon_rad_per_us: 25.20577113163242
  eps_max_rad_per_us: 25.132741228718345
  amplitude_cap_satisfied: True
  out_of_band_fraction: {'cavity': 0.0022769734304288456, 'transmon': 0.0011619102759228624}
  endpoint_rel_to_mid: [0.009401364691430283, 0.00795876089378529]

saved /Users/ziyi_dong_mac/Documents/GitHub/Qubit-Drive-GRAPE/pulses/est/u_X_est_err_smoke500_seed2_w3.npy
      /Users/ziyi_dong_mac/Documents/GitHub/Qubit-Drive-GRAPE/pulses/est/x_X_est_err_smoke500_seed2_w3.npy
      /Users/ziyi_dong_mac/Documents/GitHub/Qubit-Drive-GRAPE/logs/est_X_est_err_smoke500_seed2_w3.json
