
=== X / est_err / stage 1  weights=(1.0, 0.7, 7.0, 1.0, 0.1, 0.0, 0.0) ===
    N=1000 dt=1.0 ns  trunc_list=[20]  [eigh + analytic adjoint]
    start  c1=0.85415  c2=0.45305  c3=0.12295  c4=0  cerr=0.86491  c5=0.0013211  c6=5198.5   [F1=0.14585  F_ET=0.54695  F_err=0.13509]
    end    c1=0.047913  c2=0.28795  c3=0.01319  c4=7.5026e-05  cerr=0.43873  c5=0.011353  c6=11669   [F1=0.95209  F_ET=0.71205  F_err=0.56127]
    STOP: TOTAL NO. of ITERATIONS REACHED LIMIT
    nit=500 nfev=537 cost=3.857607e-01 (500.2s)
    -> /Users/ziyi_dong_mac/Documents/GitHub/Qubit-Drive-GRAPE/pulses/est/u_X_est_err_smoke500_seed6_w0.1_stage1.npy
    -> /Users/ziyi_dong_mac/Documents/GitHub/Qubit-Drive-GRAPE/pulses/est/x_X_est_err_smoke500_seed6_w0.1_stage1.npy

=== X / est_err / stage 2  weights=(1.0, 0.1, 0.0, 1.0, 0.1, 0.0, 0.0) ===
    N=1000 dt=1.0 ns  trunc_list=[20]  [eigh + analytic adjoint]
    start  c1=0.047913  c2=0.28795  c3=0.01319  c4=7.5026e-05  cerr=0.43873  c5=0.011353  c6=11669   [F1=0.95209  F_ET=0.71205  F_err=0.56127]
    end    c1=0.0020567  c2=0.41405  c3=0.083036  c4=1.0219e-05  cerr=0.076139  c5=0.0027779  c6=10447   [F1=0.99794  F_ET=0.58595  F_err=0.92386]
    STOP: TOTAL NO. of ITERATIONS REACHED LIMIT
    nit=500 nfev=543 cost=5.108599e-02 (499.4s)
    -> /Users/ziyi_dong_mac/Documents/GitHub/Qubit-Drive-GRAPE/pulses/est/u_X_est_err_smoke500_seed6_w0.1_stage2.npy
    -> /Users/ziyi_dong_mac/Documents/GitHub/Qubit-Drive-GRAPE/pulses/est/x_X_est_err_smoke500_seed6_w0.1_stage2.npy

--- constraints on the saved pulse ---
  max_eps_cavity_rad_per_us: 25.168086362777597
  max_eps_transmon_rad_per_us: 25.184928147793162
  eps_max_rad_per_us: 25.132741228718345
  amplitude_cap_satisfied: True
  out_of_band_fraction: {'cavity': 0.0008493342958490466, 'transmon': 0.0032811906408483963}
  endpoint_rel_to_mid: [0.016883607654377124, 0.015591073571765743]

saved /Users/ziyi_dong_mac/Documents/GitHub/Qubit-Drive-GRAPE/pulses/est/u_X_est_err_smoke500_seed6_w0.1.npy
      /Users/ziyi_dong_mac/Documents/GitHub/Qubit-Drive-GRAPE/pulses/est/x_X_est_err_smoke500_seed6_w0.1.npy
      /Users/ziyi_dong_mac/Documents/GitHub/Qubit-Drive-GRAPE/logs/est_X_est_err_smoke500_seed6_w0.1.json
