
=== X / est_dn / stage 1  weights=(1.0, 0.7, 7.0, 1.0, 0.0, 10.0, 0.0) ===
    N=1000 dt=1.0 ns  trunc_list=[20]  [eigh + analytic adjoint]
    start  c1=0.81432  c2=0.50909  c3=0.11317  c4=0  cerr=0.91682  c5=0.0005741  c6=4915.1   [F1=0.18568  F_ET=0.49091  F_err=0.08318]
    end    c1=0.061388  c2=0.34392  c3=0.0099834  c4=5.1505e-05  cerr=0.81294  c5=0.00011781  c6=9039   [F1=0.93861  F_ET=0.65608  F_err=0.18706]
    STOP: TOTAL NO. of ITERATIONS REACHED LIMIT
    nit=500 nfev=526 cost=3.732430e-01 (481.5s)
    -> /Users/ziyi_dong_mac/Documents/GitHub/Qubit-Drive-GRAPE/pulses/est/u_X_est_dn_smoke500_seed4_w10_stage1.npy
    -> /Users/ziyi_dong_mac/Documents/GitHub/Qubit-Drive-GRAPE/pulses/est/x_X_est_dn_smoke500_seed4_w10_stage1.npy

=== X / est_dn / stage 2  weights=(1.0, 0.1, 0.0, 1.0, 0.0, 10.0, 0.0) ===
    N=1000 dt=1.0 ns  trunc_list=[20]  [eigh + analytic adjoint]
    start  c1=0.061388  c2=0.34392  c3=0.0099834  c4=5.1505e-05  cerr=0.81294  c5=0.00011781  c6=9039   [F1=0.93861  F_ET=0.65608  F_err=0.18706]
    end    c1=0.00096517  c2=0.42116  c3=0.087486  c4=3.2808e-06  cerr=0.83513  c5=2.0343e-05  c6=8717.5   [F1=0.99903  F_ET=0.57884  F_err=0.16487]
    STOP: TOTAL NO. of ITERATIONS REACHED LIMIT
    nit=500 nfev=537 cost=4.328819e-02 (493.9s)
    -> /Users/ziyi_dong_mac/Documents/GitHub/Qubit-Drive-GRAPE/pulses/est/u_X_est_dn_smoke500_seed4_w10_stage2.npy
    -> /Users/ziyi_dong_mac/Documents/GitHub/Qubit-Drive-GRAPE/pulses/est/x_X_est_dn_smoke500_seed4_w10_stage2.npy

--- constraints on the saved pulse ---
  max_eps_cavity_rad_per_us: 25.09690913397072
  max_eps_transmon_rad_per_us: 25.17207406470062
  eps_max_rad_per_us: 25.132741228718345
  amplitude_cap_satisfied: True
  out_of_band_fraction: {'cavity': 0.003645399988121059, 'transmon': 0.0003896271452276017}
  endpoint_rel_to_mid: [0.011209319702620383, 0.007687402891923152]

saved /Users/ziyi_dong_mac/Documents/GitHub/Qubit-Drive-GRAPE/pulses/est/u_X_est_dn_smoke500_seed4_w10.npy
      /Users/ziyi_dong_mac/Documents/GitHub/Qubit-Drive-GRAPE/pulses/est/x_X_est_dn_smoke500_seed4_w10.npy
      /Users/ziyi_dong_mac/Documents/GitHub/Qubit-Drive-GRAPE/logs/est_X_est_dn_smoke500_seed4_w10.json
