
=== X / est_dn / stage 1  weights=(1.0, 0.7, 7.0, 1.0, 0.0, 1.0, 0.0) ===
    N=1000 dt=1.0 ns  trunc_list=[20]  [eigh + analytic adjoint]
    start  c1=0.89149  c2=0.53871  c3=0.20517  c4=0  cerr=0.92807  c5=0.00094702  c6=4781.2   [F1=0.10851  F_ET=0.46129  F_err=0.07193]
    end    c1=0.058929  c2=0.28916  c3=0.0097209  c4=7.0811e-05  cerr=0.71942  c5=0.0021304  c6=11006   [F1=0.94107  F_ET=0.71084  F_err=0.28058]
    STOP: TOTAL NO. of ITERATIONS REACHED LIMIT
    nit=500 nfev=541 cost=3.315893e-01 (500.8s)
    -> /Users/ziyi_dong_mac/Documents/GitHub/Qubit-Drive-GRAPE/pulses/est/u_X_est_dn_smoke500_seed2_w1_stage1.npy
    -> /Users/ziyi_dong_mac/Documents/GitHub/Qubit-Drive-GRAPE/pulses/est/x_X_est_dn_smoke500_seed2_w1_stage1.npy

=== X / est_dn / stage 2  weights=(1.0, 0.1, 0.0, 1.0, 0.0, 1.0, 0.0) ===
    N=1000 dt=1.0 ns  trunc_list=[20]  [eigh + analytic adjoint]
    start  c1=0.058929  c2=0.28916  c3=0.0097209  c4=7.0811e-05  cerr=0.71942  c5=0.0021304  c6=11006   [F1=0.94107  F_ET=0.71084  F_err=0.28058]
    end    c1=0.0014675  c2=0.34711  c3=0.1041  c4=5.936e-06  cerr=0.62831  c5=0.00034366  c6=10758   [F1=0.99853  F_ET=0.65289  F_err=0.37169]
    STOP: TOTAL NO. of ITERATIONS REACHED LIMIT
    nit=500 nfev=545 cost=3.652793e-02 (498.2s)
    -> /Users/ziyi_dong_mac/Documents/GitHub/Qubit-Drive-GRAPE/pulses/est/u_X_est_dn_smoke500_seed2_w1_stage2.npy
    -> /Users/ziyi_dong_mac/Documents/GitHub/Qubit-Drive-GRAPE/pulses/est/x_X_est_dn_smoke500_seed2_w1_stage2.npy

--- constraints on the saved pulse ---
  max_eps_cavity_rad_per_us: 25.151722823772136
  max_eps_transmon_rad_per_us: 25.184097868009445
  eps_max_rad_per_us: 25.132741228718345
  amplitude_cap_satisfied: True
  out_of_band_fraction: {'cavity': 0.0034077876291947664, 'transmon': 0.0009898010314728272}
  endpoint_rel_to_mid: [0.012592199232155715, 0.010773369518113479]

saved /Users/ziyi_dong_mac/Documents/GitHub/Qubit-Drive-GRAPE/pulses/est/u_X_est_dn_smoke500_seed2_w1.npy
      /Users/ziyi_dong_mac/Documents/GitHub/Qubit-Drive-GRAPE/pulses/est/x_X_est_dn_smoke500_seed2_w1.npy
      /Users/ziyi_dong_mac/Documents/GitHub/Qubit-Drive-GRAPE/logs/est_X_est_dn_smoke500_seed2_w1.json
