
=== X / est_err / stage 1  weights=(1.0, 0.7, 7.0, 1.0, 0.5, 0.0, 0.0) ===
    N=1000 dt=1.0 ns  trunc_list=[20]  [eigh + analytic adjoint]
    start  c1=0.81432  c2=0.50909  c3=0.11317  c4=0  cerr=0.91682  c5=0.0005741  c6=4915.1   [F1=0.18568  F_ET=0.49091  F_err=0.08318]
    end    c1=0.047306  c2=0.40924  c3=0.013616  c4=0.00044901  cerr=0.10211  c5=0.0038905  c6=10039   [F1=0.95269  F_ET=0.59076  F_err=0.89789]
    STOP: TOTAL NO. of ITERATIONS REACHED LIMIT
    nit=500 nfev=532 cost=4.805896e-01 (493.5s)
    -> /Users/ziyi_dong_mac/Documents/GitHub/Qubit-Drive-GRAPE/pulses/est/u_X_est_err_smoke500_seed4_w0.5_stage1.npy
    -> /Users/ziyi_dong_mac/Documents/GitHub/Qubit-Drive-GRAPE/pulses/est/x_X_est_err_smoke500_seed4_w0.5_stage1.npy

=== X / est_err / stage 2  weights=(1.0, 0.1, 0.0, 1.0, 0.5, 0.0, 0.0) ===
    N=1000 dt=1.0 ns  trunc_list=[20]  [eigh + analytic adjoint]
    start  c1=0.047306  c2=0.40924  c3=0.013616  c4=0.00044901  cerr=0.10211  c5=0.0038905  c6=10039   [F1=0.95269  F_ET=0.59076  F_err=0.89789]
    end    c1=0.0031446  c2=0.40234  c3=0.090559  c4=1.7998e-05  cerr=0.0047889  c5=0.0088233  c6=11387   [F1=0.99686  F_ET=0.59766  F_err=0.99521]
    STOP: TOTAL NO. of ITERATIONS REACHED LIMIT
    nit=500 nfev=535 cost=4.579089e-02 (497.6s)
    -> /Users/ziyi_dong_mac/Documents/GitHub/Qubit-Drive-GRAPE/pulses/est/u_X_est_err_smoke500_seed4_w0.5_stage2.npy
    -> /Users/ziyi_dong_mac/Documents/GitHub/Qubit-Drive-GRAPE/pulses/est/x_X_est_err_smoke500_seed4_w0.5_stage2.npy

--- constraints on the saved pulse ---
  max_eps_cavity_rad_per_us: 25.15999321771515
  max_eps_transmon_rad_per_us: 25.179417650519742
  eps_max_rad_per_us: 25.132741228718345
  amplitude_cap_satisfied: True
  out_of_band_fraction: {'cavity': 0.0011135074090435125, 'transmon': 0.0006194968728068113}
  endpoint_rel_to_mid: [0.012315076538952483, 0.009834565313904592]

saved /Users/ziyi_dong_mac/Documents/GitHub/Qubit-Drive-GRAPE/pulses/est/u_X_est_err_smoke500_seed4_w0.5.npy
      /Users/ziyi_dong_mac/Documents/GitHub/Qubit-Drive-GRAPE/pulses/est/x_X_est_err_smoke500_seed4_w0.5.npy
      /Users/ziyi_dong_mac/Documents/GitHub/Qubit-Drive-GRAPE/logs/est_X_est_err_smoke500_seed4_w0.5.json
