
=== X / est_err / stage 1  weights=(1.0, 0.7, 7.0, 1.0, 0.1, 0.0, 0.0) ===
    N=1000 dt=1.0 ns  trunc_list=[20]  [eigh + analytic adjoint]
    start  c1=0.93806  c2=0.50723  c3=0.11152  c4=0  cerr=0.94229  c5=0.0017263  c6=5852   [F1=0.06194  F_ET=0.49277  F_err=0.05771]
    end    c1=0.041748  c2=0.33113  c3=0.011294  c4=7.4936e-05  cerr=0.35061  c5=0.0060715  c6=8992.7   [F1=0.95825  F_ET=0.66887  F_err=0.64939]
    STOP: TOTAL NO. of ITERATIONS REACHED LIMIT
    nit=500 nfev=541 cost=3.877316e-01 (501.9s)
    -> /Users/ziyi_dong_mac/Documents/GitHub/Qubit-Drive-GRAPE/pulses/est/u_X_est_err_smoke500_seed5_w0.1_stage1.npy
    -> /Users/ziyi_dong_mac/Documents/GitHub/Qubit-Drive-GRAPE/pulses/est/x_X_est_err_smoke500_seed5_w0.1_stage1.npy

=== X / est_err / stage 2  weights=(1.0, 0.1, 0.0, 1.0, 0.1, 0.0, 0.0) ===
    N=1000 dt=1.0 ns  trunc_list=[20]  [eigh + analytic adjoint]
    start  c1=0.041748  c2=0.33113  c3=0.011294  c4=7.4936e-05  cerr=0.35061  c5=0.0060715  c6=8992.7   [F1=0.95825  F_ET=0.66887  F_err=0.64939]
    end    c1=0.0012109  c2=0.37157  c3=0.089353  c4=1.4221e-05  cerr=0.032961  c5=0.0037172  c6=9921.5   [F1=0.99879  F_ET=0.62843  F_err=0.96704]
    STOP: TOTAL NO. of ITERATIONS REACHED LIMIT
    nit=500 nfev=545 cost=4.167808e-02 (502.1s)
    -> /Users/ziyi_dong_mac/Documents/GitHub/Qubit-Drive-GRAPE/pulses/est/u_X_est_err_smoke500_seed5_w0.1_stage2.npy
    -> /Users/ziyi_dong_mac/Documents/GitHub/Qubit-Drive-GRAPE/pulses/est/x_X_est_err_smoke500_seed5_w0.1_stage2.npy

--- constraints on the saved pulse ---
  max_eps_cavity_rad_per_us: 25.16097136705893
  max_eps_transmon_rad_per_us: 25.195108486509085
  eps_max_rad_per_us: 25.132741228718345
  amplitude_cap_satisfied: True
  out_of_band_fraction: {'cavity': 0.0020041902207443623, 'transmon': 0.0006691075325154653}
  endpoint_rel_to_mid: [0.014614298197192028, 0.011601284797477197]

saved /Users/ziyi_dong_mac/Documents/GitHub/Qubit-Drive-GRAPE/pulses/est/u_X_est_err_smoke500_seed5_w0.1.npy
      /Users/ziyi_dong_mac/Documents/GitHub/Qubit-Drive-GRAPE/pulses/est/x_X_est_err_smoke500_seed5_w0.1.npy
      /Users/ziyi_dong_mac/Documents/GitHub/Qubit-Drive-GRAPE/logs/est_X_est_err_smoke500_seed5_w0.1.json
