
=== X / est_dn / stage 1  weights=(1.0, 0.7, 7.0, 1.0, 0.0, 15.0, 0.0) ===
    N=1000 dt=1.0 ns  trunc_list=[20]  [eigh + analytic adjoint]
    start  c1=0.93806  c2=0.50723  c3=0.11152  c4=0  cerr=0.94229  c5=0.0017263  c6=5852   [F1=0.06194  F_ET=0.49277  F_err=0.05771]
    end    c1=0.026997  c2=0.33654  c3=0.008474  c4=5.1588e-05  cerr=0.5152  c5=0.00018452  c6=6879.2   [F1=0.97300  F_ET=0.66346  F_err=0.48480]
    STOP: TOTAL NO. of ITERATIONS REACHED LIMIT
    nit=500 nfev=532 cost=3.247122e-01 (489.9s)
    -> /Users/ziyi_dong_mac/Documents/GitHub/Qubit-Drive-GRAPE/pulses/est/u_X_est_dn_smoke500_seed5_w15_stage1.npy
    -> /Users/ziyi_dong_mac/Documents/GitHub/Qubit-Drive-GRAPE/pulses/est/x_X_est_dn_smoke500_seed5_w15_stage1.npy

=== X / est_dn / stage 2  weights=(1.0, 0.1, 0.0, 1.0, 0.0, 15.0, 0.0) ===
    N=1000 dt=1.0 ns  trunc_list=[20]  [eigh + analytic adjoint]
    start  c1=0.026997  c2=0.33654  c3=0.008474  c4=5.1588e-05  cerr=0.5152  c5=0.00018452  c6=6879.2   [F1=0.97300  F_ET=0.66346  F_err=0.48480]
    end    c1=0.00060089  c2=0.32506  c3=0.12799  c4=2.3132e-06  cerr=0.42123  c5=3.3337e-05  c6=6285.3   [F1=0.99940  F_ET=0.67494  F_err=0.57877]
    STOP: TOTAL NO. of ITERATIONS REACHED LIMIT
    nit=500 nfev=537 cost=3.360876e-02 (492.5s)
    -> /Users/ziyi_dong_mac/Documents/GitHub/Qubit-Drive-GRAPE/pulses/est/u_X_est_dn_smoke500_seed5_w15_stage2.npy
    -> /Users/ziyi_dong_mac/Documents/GitHub/Qubit-Drive-GRAPE/pulses/est/x_X_est_dn_smoke500_seed5_w15_stage2.npy

--- constraints on the saved pulse ---
  max_eps_cavity_rad_per_us: 25.17809337307134
  max_eps_transmon_rad_per_us: 25.146408021422197
  eps_max_rad_per_us: 25.132741228718345
  amplitude_cap_satisfied: True
  out_of_band_fraction: {'cavity': 0.008227140823669843, 'transmon': 0.0014273541620053102}
  endpoint_rel_to_mid: [0.013633642213903245, 0.012422295139488584]

saved /Users/ziyi_dong_mac/Documents/GitHub/Qubit-Drive-GRAPE/pulses/est/u_X_est_dn_smoke500_seed5_w15.npy
      /Users/ziyi_dong_mac/Documents/GitHub/Qubit-Drive-GRAPE/pulses/est/x_X_est_dn_smoke500_seed5_w15.npy
      /Users/ziyi_dong_mac/Documents/GitHub/Qubit-Drive-GRAPE/logs/est_X_est_dn_smoke500_seed5_w15.json
