
=== X / est_err / stage 1  weights=(1.0, 0.7, 7.0, 1.0, 0.01, 0.0, 0.0) ===
    N=1000 dt=1.0 ns  trunc_list=[20]  [eigh + analytic adjoint]
    start  c1=0.85415  c2=0.45305  c3=0.12295  c4=0  cerr=0.86491  c5=0.0013211  c6=5198.5   [F1=0.14585  F_ET=0.54695  F_err=0.13509]
    end    c1=0.080398  c2=0.25312  c3=0.011903  c4=4.6908e-05  cerr=0.77456  c5=0.0083659  c6=13334   [F1=0.91960  F_ET=0.74688  F_err=0.22544]
    STOP: TOTAL NO. of ITERATIONS REACHED LIMIT
    nit=500 nfev=531 cost=3.486960e-01 (495.2s)
    -> /Users/ziyi_dong_mac/Documents/GitHub/Qubit-Drive-GRAPE/pulses/est/u_X_est_err_smoke500_seed6_w0.01_stage1.npy
    -> /Users/ziyi_dong_mac/Documents/GitHub/Qubit-Drive-GRAPE/pulses/est/x_X_est_err_smoke500_seed6_w0.01_stage1.npy

=== X / est_err / stage 2  weights=(1.0, 0.1, 0.0, 1.0, 0.01, 0.0, 0.0) ===
    N=1000 dt=1.0 ns  trunc_list=[20]  [eigh + analytic adjoint]
    start  c1=0.080398  c2=0.25312  c3=0.011903  c4=4.6908e-05  cerr=0.77456  c5=0.0083659  c6=13334   [F1=0.91960  F_ET=0.74688  F_err=0.22544]
    end    c1=0.001439  c2=0.28688  c3=0.087593  c4=5.7631e-06  cerr=0.5006  c5=0.0011993  c6=10657   [F1=0.99856  F_ET=0.71312  F_err=0.49940]
    STOP: TOTAL NO. of ITERATIONS REACHED LIMIT
    nit=500 nfev=547 cost=3.513844e-02 (503.3s)
    -> /Users/ziyi_dong_mac/Documents/GitHub/Qubit-Drive-GRAPE/pulses/est/u_X_est_err_smoke500_seed6_w0.01_stage2.npy
    -> /Users/ziyi_dong_mac/Documents/GitHub/Qubit-Drive-GRAPE/pulses/est/x_X_est_err_smoke500_seed6_w0.01_stage2.npy

--- constraints on the saved pulse ---
  max_eps_cavity_rad_per_us: 25.160254184701326
  max_eps_transmon_rad_per_us: 25.16810369026541
  eps_max_rad_per_us: 25.132741228718345
  amplitude_cap_satisfied: True
  out_of_band_fraction: {'cavity': 0.0028551114138148145, 'transmon': 0.001540226366865249}
  endpoint_rel_to_mid: [0.018449514566744936, 0.017127287743148624]

saved /Users/ziyi_dong_mac/Documents/GitHub/Qubit-Drive-GRAPE/pulses/est/u_X_est_err_smoke500_seed6_w0.01.npy
      /Users/ziyi_dong_mac/Documents/GitHub/Qubit-Drive-GRAPE/pulses/est/x_X_est_err_smoke500_seed6_w0.01.npy
      /Users/ziyi_dong_mac/Documents/GitHub/Qubit-Drive-GRAPE/logs/est_X_est_err_smoke500_seed6_w0.01.json
