
=== X / est_dn / stage 1  weights=(1.0, 0.7, 7.0, 1.0, 0.0, 3.0, 0.0) ===
    N=1000 dt=1.0 ns  trunc_list=[20]  [eigh + analytic adjoint]
    start  c1=0.93806  c2=0.50723  c3=0.11152  c4=0  cerr=0.94229  c5=0.0017263  c6=5852   [F1=0.06194  F_ET=0.49277  F_err=0.05771]
    end    c1=0.043531  c2=0.32555  c3=0.009683  c4=5.7464e-05  cerr=0.75836  c5=0.0013792  c6=7916.7   [F1=0.95647  F_ET=0.67445  F_err=0.24164]
    STOP: TOTAL NO. of ITERATIONS REACHED LIMIT
    nit=500 nfev=533 cost=3.433926e-01 (490.9s)
    -> /Users/ziyi_dong_mac/Documents/GitHub/Qubit-Drive-GRAPE/pulses/est/u_X_est_dn_smoke500_seed5_w3_stage1.npy
    -> /Users/ziyi_dong_mac/Documents/GitHub/Qubit-Drive-GRAPE/pulses/est/x_X_est_dn_smoke500_seed5_w3_stage1.npy

=== X / est_dn / stage 2  weights=(1.0, 0.1, 0.0, 1.0, 0.0, 3.0, 0.0) ===
    N=1000 dt=1.0 ns  trunc_list=[20]  [eigh + analytic adjoint]
    start  c1=0.043531  c2=0.32555  c3=0.009683  c4=5.7464e-05  cerr=0.75836  c5=0.0013792  c6=7916.7   [F1=0.95647  F_ET=0.67445  F_err=0.24164]
    end    c1=0.001523  c2=0.32982  c3=0.10242  c4=6.3272e-06  cerr=0.81669  c5=0.00014656  c6=8137.1   [F1=0.99848  F_ET=0.67018  F_err=0.18331]
    STOP: TOTAL NO. of ITERATIONS REACHED LIMIT
    nit=500 nfev=542 cost=3.495092e-02 (496.7s)
    -> /Users/ziyi_dong_mac/Documents/GitHub/Qubit-Drive-GRAPE/pulses/est/u_X_est_dn_smoke500_seed5_w3_stage2.npy
    -> /Users/ziyi_dong_mac/Documents/GitHub/Qubit-Drive-GRAPE/pulses/est/x_X_est_dn_smoke500_seed5_w3_stage2.npy

--- constraints on the saved pulse ---
  max_eps_cavity_rad_per_us: 25.186550505266787
  max_eps_transmon_rad_per_us: 25.156024727661435
  eps_max_rad_per_us: 25.132741228718345
  amplitude_cap_satisfied: True
  out_of_band_fraction: {'cavity': 0.005164645455459745, 'transmon': 0.0005546263899526628}
  endpoint_rel_to_mid: [0.012221760041176824, 0.010979118733934654]

saved /Users/ziyi_dong_mac/Documents/GitHub/Qubit-Drive-GRAPE/pulses/est/u_X_est_dn_smoke500_seed5_w3.npy
      /Users/ziyi_dong_mac/Documents/GitHub/Qubit-Drive-GRAPE/pulses/est/x_X_est_dn_smoke500_seed5_w3.npy
      /Users/ziyi_dong_mac/Documents/GitHub/Qubit-Drive-GRAPE/logs/est_X_est_dn_smoke500_seed5_w3.json
