
=== X / est_err / stage 1  weights=(1.0, 0.7, 7.0, 1.0, 0.01, 0.0, 0.0) ===
    N=1000 dt=1.0 ns  trunc_list=[20]  [eigh + analytic adjoint]
    start  c1=0.93806  c2=0.50723  c3=0.11152  c4=0  cerr=0.94229  c5=0.0017263  c6=5852   [F1=0.06194  F_ET=0.49277  F_err=0.05771]
    end    c1=0.054888  c2=0.32596  c3=0.0093566  c4=3.2357e-05  cerr=0.84962  c5=0.0090402  c6=9788.4   [F1=0.94511  F_ET=0.67404  F_err=0.15038]
    STOP: TOTAL NO. of ITERATIONS REACHED LIMIT
    nit=500 nfev=541 cost=3.570828e-01 (501.5s)
    -> /Users/ziyi_dong_mac/Documents/GitHub/Qubit-Drive-GRAPE/pulses/est/u_X_est_err_smoke500_seed5_w0.01_stage1.npy
    -> /Users/ziyi_dong_mac/Documents/GitHub/Qubit-Drive-GRAPE/pulses/est/x_X_est_err_smoke500_seed5_w0.01_stage1.npy

=== X / est_err / stage 2  weights=(1.0, 0.1, 0.0, 1.0, 0.01, 0.0, 0.0) ===
    N=1000 dt=1.0 ns  trunc_list=[20]  [eigh + analytic adjoint]
    start  c1=0.054888  c2=0.32596  c3=0.0093566  c4=3.2357e-05  cerr=0.84962  c5=0.0090402  c6=9788.4   [F1=0.94511  F_ET=0.67404  F_err=0.15038]
    end    c1=0.0012583  c2=0.39421  c3=0.11196  c4=4.2919e-07  cerr=0.76692  c5=0.00091067  c6=8431.3   [F1=0.99874  F_ET=0.60579  F_err=0.23308]
    STOP: TOTAL NO. of ITERATIONS REACHED LIMIT
    nit=500 nfev=533 cost=4.834875e-02 (492.9s)
    -> /Users/ziyi_dong_mac/Documents/GitHub/Qubit-Drive-GRAPE/pulses/est/u_X_est_err_smoke500_seed5_w0.01_stage2.npy
    -> /Users/ziyi_dong_mac/Documents/GitHub/Qubit-Drive-GRAPE/pulses/est/x_X_est_err_smoke500_seed5_w0.01_stage2.npy

--- constraints on the saved pulse ---
  max_eps_cavity_rad_per_us: 25.14902886006192
  max_eps_transmon_rad_per_us: 25.145543615637276
  eps_max_rad_per_us: 25.132741228718345
  amplitude_cap_satisfied: True
  out_of_band_fraction: {'cavity': 0.005364839274324994, 'transmon': 0.0009327337253225863}
  endpoint_rel_to_mid: [0.02022160332354188, 0.014529769579918297]

saved /Users/ziyi_dong_mac/Documents/GitHub/Qubit-Drive-GRAPE/pulses/est/u_X_est_err_smoke500_seed5_w0.01.npy
      /Users/ziyi_dong_mac/Documents/GitHub/Qubit-Drive-GRAPE/pulses/est/x_X_est_err_smoke500_seed5_w0.01.npy
      /Users/ziyi_dong_mac/Documents/GitHub/Qubit-Drive-GRAPE/logs/est_X_est_err_smoke500_seed5_w0.01.json
