
=== X / est_err / stage 1  weights=(1.0, 0.7, 7.0, 1.0, 0.1, 0.0, 0.0) ===
    N=1000 dt=1.0 ns  trunc_list=[20]  [eigh + analytic adjoint]
    start  c1=0.89149  c2=0.53871  c3=0.20517  c4=0  cerr=0.92807  c5=0.00094702  c6=4781.2   [F1=0.10851  F_ET=0.46129  F_err=0.07193]
    end    c1=0.058058  c2=0.28409  c3=0.010298  c4=5.2012e-05  cerr=0.59066  c5=0.0064745  c6=10001   [F1=0.94194  F_ET=0.71591  F_err=0.40934]
    STOP: TOTAL NO. of ITERATIONS REACHED LIMIT
    nit=500 nfev=539 cost=3.881243e-01 (486.4s)
    -> /Users/ziyi_dong_mac/Documents/GitHub/Qubit-Drive-GRAPE/pulses/est/u_X_est_err_smoke500_seed2_w0.1_stage1.npy
    -> /Users/ziyi_dong_mac/Documents/GitHub/Qubit-Drive-GRAPE/pulses/est/x_X_est_err_smoke500_seed2_w0.1_stage1.npy

=== X / est_err / stage 2  weights=(1.0, 0.1, 0.0, 1.0, 0.1, 0.0, 0.0) ===
    N=1000 dt=1.0 ns  trunc_list=[20]  [eigh + analytic adjoint]
    start  c1=0.058058  c2=0.28409  c3=0.010298  c4=5.2012e-05  cerr=0.59066  c5=0.0064745  c6=10001   [F1=0.94194  F_ET=0.71591  F_err=0.40934]
    end    c1=0.0014883  c2=0.4124  c3=0.080989  c4=1.7314e-05  cerr=0.084084  c5=0.0039716  c6=10247   [F1=0.99851  F_ET=0.58760  F_err=0.91592]
    STOP: TOTAL NO. of ITERATIONS REACHED LIMIT
    nit=500 nfev=539 cost=5.115347e-02 (484.9s)
    -> /Users/ziyi_dong_mac/Documents/GitHub/Qubit-Drive-GRAPE/pulses/est/u_X_est_err_smoke500_seed2_w0.1_stage2.npy
    -> /Users/ziyi_dong_mac/Documents/GitHub/Qubit-Drive-GRAPE/pulses/est/x_X_est_err_smoke500_seed2_w0.1_stage2.npy

--- constraints on the saved pulse ---
  max_eps_cavity_rad_per_us: 25.158845555138026
  max_eps_transmon_rad_per_us: 25.178157159627904
  eps_max_rad_per_us: 25.132741228718345
  amplitude_cap_satisfied: True
  out_of_band_fraction: {'cavity': 0.002919028187510976, 'transmon': 0.00036227957034311537}
  endpoint_rel_to_mid: [0.022555424199448927, 0.022234695763555565]

saved /Users/ziyi_dong_mac/Documents/GitHub/Qubit-Drive-GRAPE/pulses/est/u_X_est_err_smoke500_seed2_w0.1.npy
      /Users/ziyi_dong_mac/Documents/GitHub/Qubit-Drive-GRAPE/pulses/est/x_X_est_err_smoke500_seed2_w0.1.npy
      /Users/ziyi_dong_mac/Documents/GitHub/Qubit-Drive-GRAPE/logs/est_X_est_err_smoke500_seed2_w0.1.json
