
=== X / est_err / stage 1  weights=(1.0, 0.7, 7.0, 1.0, 3.0, 0.0, 0.0) ===
    N=1000 dt=1.0 ns  trunc_list=[20]  [eigh + analytic adjoint]
    start  c1=0.85415  c2=0.45305  c3=0.12295  c4=0  cerr=0.86491  c5=0.0013211  c6=5198.5   [F1=0.14585  F_ET=0.54695  F_err=0.13509]
    end    c1=0.052388  c2=0.51579  c3=0.012236  c4=0.000125  cerr=0.0085193  c5=0.0019647  c6=8345.3   [F1=0.94761  F_ET=0.48421  F_err=0.99148]
    STOP: TOTAL NO. of ITERATIONS REACHED LIMIT
    nit=500 nfev=535 cost=5.247751e-01 (514.8s)
    -> /Users/ziyi_dong_mac/Documents/GitHub/Qubit-Drive-GRAPE/pulses/est/u_X_est_err_smoke500_w3_stage1.npy
    -> /Users/ziyi_dong_mac/Documents/GitHub/Qubit-Drive-GRAPE/pulses/est/x_X_est_err_smoke500_w3_stage1.npy

=== X / est_err / stage 2  weights=(1.0, 0.1, 0.0, 1.0, 3.0, 0.0, 0.0) ===
    N=1000 dt=1.0 ns  trunc_list=[20]  [eigh + analytic adjoint]
    start  c1=0.052388  c2=0.51579  c3=0.012236  c4=0.000125  cerr=0.0085193  c5=0.0019647  c6=8345.3   [F1=0.94761  F_ET=0.48421  F_err=0.99148]
    end    c1=0.0038481  c2=0.55497  c3=0.071275  c4=5.8824e-06  cerr=0.00096005  c5=0.001366  c6=9133.4   [F1=0.99615  F_ET=0.44503  F_err=0.99904]
    STOP: TOTAL NO. of ITERATIONS REACHED LIMIT
    nit=500 nfev=536 cost=6.223083e-02 (519.4s)
    -> /Users/ziyi_dong_mac/Documents/GitHub/Qubit-Drive-GRAPE/pulses/est/u_X_est_err_smoke500_w3_stage2.npy
    -> /Users/ziyi_dong_mac/Documents/GitHub/Qubit-Drive-GRAPE/pulses/est/x_X_est_err_smoke500_w3_stage2.npy

--- constraints on the saved pulse ---
  max_eps_cavity_rad_per_us: 25.16794538409505
  max_eps_transmon_rad_per_us: 25.172679820310876
  eps_max_rad_per_us: 25.132741228718345
  amplitude_cap_satisfied: True
  out_of_band_fraction: {'cavity': 0.0015537844823621508, 'transmon': 0.0010656296565375253}
  endpoint_rel_to_mid: [0.017561064184986198, 0.01675862065283306]

saved /Users/ziyi_dong_mac/Documents/GitHub/Qubit-Drive-GRAPE/pulses/est/u_X_est_err_smoke500_w3.npy
      /Users/ziyi_dong_mac/Documents/GitHub/Qubit-Drive-GRAPE/pulses/est/x_X_est_err_smoke500_w3.npy
      /Users/ziyi_dong_mac/Documents/GitHub/Qubit-Drive-GRAPE/logs/est_X_est_err_smoke500_w3.json
