
=== X / est_dn / stage 1  weights=(1.0, 0.7, 7.0, 1.0, 0.0, 100.0, 0.0) ===
    N=1000 dt=1.0 ns  trunc_list=[20]  [eigh + analytic adjoint]
    start  c1=0.85415  c2=0.45305  c3=0.12295  c4=0  cerr=0.86491  c5=0.0013211  c6=5198.5   [F1=0.14585  F_ET=0.54695  F_err=0.13509]
    end    c1=0.057131  c2=0.3194  c3=0.010673  c4=6.3818e-05  cerr=0.86434  c5=4.5165e-05  c6=13153   [F1=0.94287  F_ET=0.68060  F_err=0.13566]
    STOP: TOTAL NO. of ITERATIONS REACHED LIMIT
    nit=500 nfev=537 cost=3.599969e-01 (517.3s)
    -> /Users/ziyi_dong_mac/Documents/GitHub/Qubit-Drive-GRAPE/pulses/est/u_X_est_dn_smoke500_w100_stage1.npy
    -> /Users/ziyi_dong_mac/Documents/GitHub/Qubit-Drive-GRAPE/pulses/est/x_X_est_dn_smoke500_w100_stage1.npy

=== X / est_dn / stage 2  weights=(1.0, 0.1, 0.0, 1.0, 0.0, 100.0, 0.0) ===
    N=1000 dt=1.0 ns  trunc_list=[20]  [eigh + analytic adjoint]
    start  c1=0.057131  c2=0.3194  c3=0.010673  c4=6.3818e-05  cerr=0.86434  c5=4.5165e-05  c6=13153   [F1=0.94287  F_ET=0.68060  F_err=0.13566]
    end    c1=0.0011842  c2=0.40159  c3=0.093499  c4=3.724e-06  cerr=0.90216  c5=4.4685e-06  c6=11563   [F1=0.99882  F_ET=0.59841  F_err=0.09784]
    STOP: TOTAL NO. of ITERATIONS REACHED LIMIT
    nit=500 nfev=539 cost=4.179397e-02 (521.9s)
    -> /Users/ziyi_dong_mac/Documents/GitHub/Qubit-Drive-GRAPE/pulses/est/u_X_est_dn_smoke500_w100_stage2.npy
    -> /Users/ziyi_dong_mac/Documents/GitHub/Qubit-Drive-GRAPE/pulses/est/x_X_est_dn_smoke500_w100_stage2.npy

--- constraints on the saved pulse ---
  max_eps_cavity_rad_per_us: 25.119990696672534
  max_eps_transmon_rad_per_us: 25.17001086843908
  eps_max_rad_per_us: 25.132741228718345
  amplitude_cap_satisfied: True
  out_of_band_fraction: {'cavity': 0.005741014802839983, 'transmon': 0.0005273636638490997}
  endpoint_rel_to_mid: [0.015600475428417714, 0.011722102785363099]

saved /Users/ziyi_dong_mac/Documents/GitHub/Qubit-Drive-GRAPE/pulses/est/u_X_est_dn_smoke500_w100.npy
      /Users/ziyi_dong_mac/Documents/GitHub/Qubit-Drive-GRAPE/pulses/est/x_X_est_dn_smoke500_w100.npy
      /Users/ziyi_dong_mac/Documents/GitHub/Qubit-Drive-GRAPE/logs/est_X_est_dn_smoke500_w100.json
