
=== X / est_dn / stage 1  weights=(1.0, 0.7, 7.0, 1.0, 0.0, 1.0, 0.0) ===
    N=1000 dt=1.0 ns  trunc_list=[20]  [eigh + analytic adjoint]
    start  c1=0.85415  c2=0.45305  c3=0.12295  c4=0  cerr=0.86491  c5=0.0013211  c6=5198.5   [F1=0.14585  F_ET=0.54695  F_err=0.13509]
    end    c1=0.059568  c2=0.24536  c3=0.010336  c4=5.6912e-05  cerr=0.81007  c5=0.0031515  c6=13909   [F1=0.94043  F_ET=0.75464  F_err=0.18993]
    STOP: TOTAL NO. of ITERATIONS REACHED LIMIT
    nit=500 nfev=536 cost=3.068801e-01 (490.3s)
    -> /Users/ziyi_dong_mac/Documents/GitHub/Qubit-Drive-GRAPE/pulses/est/u_X_est_dn_smoke500_seed6_w1_stage1.npy
    -> /Users/ziyi_dong_mac/Documents/GitHub/Qubit-Drive-GRAPE/pulses/est/x_X_est_dn_smoke500_seed6_w1_stage1.npy

=== X / est_dn / stage 2  weights=(1.0, 0.1, 0.0, 1.0, 0.0, 1.0, 0.0) ===
    N=1000 dt=1.0 ns  trunc_list=[20]  [eigh + analytic adjoint]
    start  c1=0.059568  c2=0.24536  c3=0.010336  c4=5.6912e-05  cerr=0.81007  c5=0.0031515  c6=13909   [F1=0.94043  F_ET=0.75464  F_err=0.18993]
    end    c1=0.001406  c2=0.31542  c3=0.12514  c4=3.6826e-06  cerr=0.81863  c5=0.00049036  c6=11426   [F1=0.99859  F_ET=0.68458  F_err=0.18137]
    STOP: TOTAL NO. of ITERATIONS REACHED LIMIT
    nit=500 nfev=542 cost=3.344225e-02 (493.5s)
    -> /Users/ziyi_dong_mac/Documents/GitHub/Qubit-Drive-GRAPE/pulses/est/u_X_est_dn_smoke500_seed6_w1_stage2.npy
    -> /Users/ziyi_dong_mac/Documents/GitHub/Qubit-Drive-GRAPE/pulses/est/x_X_est_dn_smoke500_seed6_w1_stage2.npy

--- constraints on the saved pulse ---
  max_eps_cavity_rad_per_us: 25.154358834394596
  max_eps_transmon_rad_per_us: 25.169775610210788
  eps_max_rad_per_us: 25.132741228718345
  amplitude_cap_satisfied: True
  out_of_band_fraction: {'cavity': 0.0017632020941737113, 'transmon': 0.003963609741136166}
  endpoint_rel_to_mid: [0.018048031835628555, 0.017373023578285927]

saved /Users/ziyi_dong_mac/Documents/GitHub/Qubit-Drive-GRAPE/pulses/est/u_X_est_dn_smoke500_seed6_w1.npy
      /Users/ziyi_dong_mac/Documents/GitHub/Qubit-Drive-GRAPE/pulses/est/x_X_est_dn_smoke500_seed6_w1.npy
      /Users/ziyi_dong_mac/Documents/GitHub/Qubit-Drive-GRAPE/logs/est_X_est_dn_smoke500_seed6_w1.json
