
=== X / est_err / stage 1  weights=(1.0, 0.7, 7.0, 1.0, 0.5, 0.0, 0.0) ===
    N=1000 dt=1.0 ns  trunc_list=[20]  [eigh + analytic adjoint]
    start  c1=0.93806  c2=0.50723  c3=0.11152  c4=0  cerr=0.94229  c5=0.0017263  c6=5852   [F1=0.06194  F_ET=0.49277  F_err=0.05771]
    end    c1=0.66789  c2=0.0068135  c3=0.0029458  c4=0  cerr=0.66687  c5=3.3584e-08  c6=458.76   [F1=0.33211  F_ET=0.99319  F_err=0.33313]
    STOP: TOTAL NO. of ITERATIONS REACHED LIMIT
    nit=500 nfev=534 cost=1.026716e+00 (491.6s)
    -> /Users/ziyi_dong_mac/Documents/GitHub/Qubit-Drive-GRAPE/pulses/est/u_X_est_err_smoke500_seed5_w0.5_stage1.npy
    -> /Users/ziyi_dong_mac/Documents/GitHub/Qubit-Drive-GRAPE/pulses/est/x_X_est_err_smoke500_seed5_w0.5_stage1.npy

=== X / est_err / stage 2  weights=(1.0, 0.1, 0.0, 1.0, 0.5, 0.0, 0.0) ===
    N=1000 dt=1.0 ns  trunc_list=[20]  [eigh + analytic adjoint]
    start  c1=0.66789  c2=0.0068135  c3=0.0029458  c4=0  cerr=0.66687  c5=3.3584e-08  c6=458.76   [F1=0.33211  F_ET=0.99319  F_err=0.33313]
    end    c1=0.66667  c2=0.0030692  c3=0.12279  c4=0  cerr=0.66667  c5=2.0473e-12  c6=409.78   [F1=0.33333  F_ET=0.99693  F_err=0.33333]
    STOP: TOTAL NO. of ITERATIONS REACHED LIMIT
    nit=500 nfev=547 cost=1.000308e+00 (500.8s)
    -> /Users/ziyi_dong_mac/Documents/GitHub/Qubit-Drive-GRAPE/pulses/est/u_X_est_err_smoke500_seed5_w0.5_stage2.npy
    -> /Users/ziyi_dong_mac/Documents/GitHub/Qubit-Drive-GRAPE/pulses/est/x_X_est_err_smoke500_seed5_w0.5_stage2.npy

--- constraints on the saved pulse ---
  max_eps_cavity_rad_per_us: 2.4559577765028826
  max_eps_transmon_rad_per_us: 11.60475782570354
  eps_max_rad_per_us: 25.132741228718345
  amplitude_cap_satisfied: True
  out_of_band_fraction: {'cavity': 0.1517294320683791, 'transmon': 0.0034485680151147536}
  endpoint_rel_to_mid: [0.04396113723752111, 0.043712410088570096]

saved /Users/ziyi_dong_mac/Documents/GitHub/Qubit-Drive-GRAPE/pulses/est/u_X_est_err_smoke500_seed5_w0.5.npy
      /Users/ziyi_dong_mac/Documents/GitHub/Qubit-Drive-GRAPE/pulses/est/x_X_est_err_smoke500_seed5_w0.5.npy
      /Users/ziyi_dong_mac/Documents/GitHub/Qubit-Drive-GRAPE/logs/est_X_est_err_smoke500_seed5_w0.5.json
