
=== X / est_err / stage 1  weights=(1.0, 0.7, 7.0, 1.0, 0.1, 0.0, 0.0) ===
    N=1000 dt=1.0 ns  trunc_list=[20]  [eigh + analytic adjoint]
    start  c1=0.81432  c2=0.50909  c3=0.11317  c4=0  cerr=0.91682  c5=0.0005741  c6=4915.1   [F1=0.18568  F_ET=0.49091  F_err=0.08318]
    end    c1=0.078987  c2=0.32034  c3=0.0097174  c4=3.2811e-05  cerr=0.57101  c5=0.0066861  c6=8282.7   [F1=0.92101  F_ET=0.67966  F_err=0.42899]
    STOP: TOTAL NO. of ITERATIONS REACHED LIMIT
    nit=500 nfev=534 cost=4.283814e-01 (495.0s)
    -> /Users/ziyi_dong_mac/Documents/GitHub/Qubit-Drive-GRAPE/pulses/est/u_X_est_err_smoke500_seed4_w0.1_stage1.npy
    -> /Users/ziyi_dong_mac/Documents/GitHub/Qubit-Drive-GRAPE/pulses/est/x_X_est_err_smoke500_seed4_w0.1_stage1.npy

=== X / est_err / stage 2  weights=(1.0, 0.1, 0.0, 1.0, 0.1, 0.0, 0.0) ===
    N=1000 dt=1.0 ns  trunc_list=[20]  [eigh + analytic adjoint]
    start  c1=0.078987  c2=0.32034  c3=0.0097174  c4=3.2811e-05  cerr=0.57101  c5=0.0066861  c6=8282.7   [F1=0.92101  F_ET=0.67966  F_err=0.42899]
    end    c1=0.0016769  c2=0.4694  c3=0.088552  c4=1.2193e-05  cerr=0.057117  c5=0.0024916  c6=7616.6   [F1=0.99832  F_ET=0.53060  F_err=0.94288]
    STOP: TOTAL NO. of ITERATIONS REACHED LIMIT
    nit=500 nfev=541 cost=5.434051e-02 (500.5s)
    -> /Users/ziyi_dong_mac/Documents/GitHub/Qubit-Drive-GRAPE/pulses/est/u_X_est_err_smoke500_seed4_w0.1_stage2.npy
    -> /Users/ziyi_dong_mac/Documents/GitHub/Qubit-Drive-GRAPE/pulses/est/x_X_est_err_smoke500_seed4_w0.1_stage2.npy

--- constraints on the saved pulse ---
  max_eps_cavity_rad_per_us: 25.179316556541625
  max_eps_transmon_rad_per_us: 25.194281893480454
  eps_max_rad_per_us: 25.132741228718345
  amplitude_cap_satisfied: True
  out_of_band_fraction: {'cavity': 0.002400994637074883, 'transmon': 0.0004876715241369677}
  endpoint_rel_to_mid: [0.013754200834531861, 0.010120478167770603]

saved /Users/ziyi_dong_mac/Documents/GitHub/Qubit-Drive-GRAPE/pulses/est/u_X_est_err_smoke500_seed4_w0.1.npy
      /Users/ziyi_dong_mac/Documents/GitHub/Qubit-Drive-GRAPE/pulses/est/x_X_est_err_smoke500_seed4_w0.1.npy
      /Users/ziyi_dong_mac/Documents/GitHub/Qubit-Drive-GRAPE/logs/est_X_est_err_smoke500_seed4_w0.1.json
