
=== X / est_err / stage 1  weights=(1.0, 0.7, 7.0, 1.0, 0.3, 0.0, 0.0) ===
    N=1000 dt=1.0 ns  trunc_list=[20]  [eigh + analytic adjoint]
    start  c1=0.93806  c2=0.50723  c3=0.11152  c4=0  cerr=0.94229  c5=0.0017263  c6=5852   [F1=0.06194  F_ET=0.49277  F_err=0.05771]
    end    c1=0.66747  c2=0.0076981  c3=0.0028223  c4=0  cerr=0.66704  c5=6.3979e-08  c6=190.74   [F1=0.33253  F_ET=0.99230  F_err=0.33296]
    STOP: TOTAL NO. of ITERATIONS REACHED LIMIT
    nit=500 nfev=530 cost=8.927248e-01 (481.0s)
    -> /Users/ziyi_dong_mac/Documents/GitHub/Qubit-Drive-GRAPE/pulses/est/u_X_est_err_smoke500_seed5_w0.3_stage1.npy
    -> /Users/ziyi_dong_mac/Documents/GitHub/Qubit-Drive-GRAPE/pulses/est/x_X_est_err_smoke500_seed5_w0.3_stage1.npy

=== X / est_err / stage 2  weights=(1.0, 0.1, 0.0, 1.0, 0.3, 0.0, 0.0) ===
    N=1000 dt=1.0 ns  trunc_list=[20]  [eigh + analytic adjoint]
    start  c1=0.66747  c2=0.0076981  c3=0.0028223  c4=0  cerr=0.66704  c5=6.3979e-08  c6=190.74   [F1=0.33253  F_ET=0.99230  F_err=0.33296]
    end    c1=0.66667  c2=0.0031204  c3=0.21436  c4=0  cerr=0.66667  c5=4.4405e-13  c6=175.41   [F1=0.33333  F_ET=0.99688  F_err=0.33333]
    STOP: TOTAL NO. of ITERATIONS REACHED LIMIT
    nit=500 nfev=556 cost=8.669794e-01 (502.7s)
    -> /Users/ziyi_dong_mac/Documents/GitHub/Qubit-Drive-GRAPE/pulses/est/u_X_est_err_smoke500_seed5_w0.3_stage2.npy
    -> /Users/ziyi_dong_mac/Documents/GitHub/Qubit-Drive-GRAPE/pulses/est/x_X_est_err_smoke500_seed5_w0.3_stage2.npy

--- constraints on the saved pulse ---
  max_eps_cavity_rad_per_us: 2.1044739477039807
  max_eps_transmon_rad_per_us: 9.018813376083648
  eps_max_rad_per_us: 25.132741228718345
  amplitude_cap_satisfied: True
  out_of_band_fraction: {'cavity': 0.16343494391145919, 'transmon': 0.0033378289983938512}
  endpoint_rel_to_mid: [0.03079006982951847, 0.030916478139737497]

saved /Users/ziyi_dong_mac/Documents/GitHub/Qubit-Drive-GRAPE/pulses/est/u_X_est_err_smoke500_seed5_w0.3.npy
      /Users/ziyi_dong_mac/Documents/GitHub/Qubit-Drive-GRAPE/pulses/est/x_X_est_err_smoke500_seed5_w0.3.npy
      /Users/ziyi_dong_mac/Documents/GitHub/Qubit-Drive-GRAPE/logs/est_X_est_err_smoke500_seed5_w0.3.json
