
=== X / est_dn / stage 1  weights=(1.0, 0.7, 7.0, 1.0, 0.0, 6.0, 0.0) ===
    N=1000 dt=1.0 ns  trunc_list=[20]  [eigh + analytic adjoint]
    start  c1=0.83748  c2=0.52205  c3=0.11597  c4=0  cerr=0.84807  c5=0.00037359  c6=5343.4   [F1=0.16252  F_ET=0.47795  F_err=0.15193]
    end    c1=0.057196  c2=0.29857  c3=0.0094864  c4=6.4223e-05  cerr=0.83826  c5=0.0014514  c6=9554.1   [F1=0.94280  F_ET=0.70143  F_err=0.16174]
    STOP: TOTAL NO. of ITERATIONS REACHED LIMIT
    nit=500 nfev=538 cost=3.413734e-01 (486.7s)
    -> /Users/ziyi_dong_mac/Documents/GitHub/Qubit-Drive-GRAPE/pulses/est/u_X_est_dn_smoke500_seed8_w6_stage1.npy
    -> /Users/ziyi_dong_mac/Documents/GitHub/Qubit-Drive-GRAPE/pulses/est/x_X_est_dn_smoke500_seed8_w6_stage1.npy

=== X / est_dn / stage 2  weights=(1.0, 0.1, 0.0, 1.0, 0.0, 6.0, 0.0) ===
    N=1000 dt=1.0 ns  trunc_list=[20]  [eigh + analytic adjoint]
    start  c1=0.057196  c2=0.29857  c3=0.0094864  c4=6.4223e-05  cerr=0.83826  c5=0.0014514  c6=9554.1   [F1=0.94280  F_ET=0.70143  F_err=0.16174]
    end    c1=0.0013876  c2=0.35884  c3=0.1752  c4=1.7967e-06  cerr=0.81829  c5=8.1513e-05  c6=9880.5   [F1=0.99861  F_ET=0.64116  F_err=0.18171]
    STOP: TOTAL NO. of ITERATIONS REACHED LIMIT
    nit=500 nfev=548 cost=3.776280e-02 (497.3s)
    -> /Users/ziyi_dong_mac/Documents/GitHub/Qubit-Drive-GRAPE/pulses/est/u_X_est_dn_smoke500_seed8_w6_stage2.npy
    -> /Users/ziyi_dong_mac/Documents/GitHub/Qubit-Drive-GRAPE/pulses/est/x_X_est_dn_smoke500_seed8_w6_stage2.npy

--- constraints on the saved pulse ---
  max_eps_cavity_rad_per_us: 25.153063197713372
  max_eps_transmon_rad_per_us: 25.158609493516742
  eps_max_rad_per_us: 25.132741228718345
  amplitude_cap_satisfied: True
  out_of_band_fraction: {'cavity': 0.009125695332000573, 'transmon': 0.0004913137952784895}
  endpoint_rel_to_mid: [0.017246468799689874, 0.013707389345364532]

saved /Users/ziyi_dong_mac/Documents/GitHub/Qubit-Drive-GRAPE/pulses/est/u_X_est_dn_smoke500_seed8_w6.npy
      /Users/ziyi_dong_mac/Documents/GitHub/Qubit-Drive-GRAPE/pulses/est/x_X_est_dn_smoke500_seed8_w6.npy
      /Users/ziyi_dong_mac/Documents/GitHub/Qubit-Drive-GRAPE/logs/est_X_est_dn_smoke500_seed8_w6.json
