
=== X / est_dn / stage 1  weights=(1.0, 0.7, 7.0, 1.0, 0.0, 30.0, 0.0) ===
    N=1000 dt=1.0 ns  trunc_list=[20]  [eigh + analytic adjoint]
    start  c1=0.83748  c2=0.52205  c3=0.11597  c4=0  cerr=0.84807  c5=0.00037359  c6=5343.4   [F1=0.16252  F_ET=0.47795  F_err=0.15193]
    end    c1=0.068113  c2=0.3144  c3=0.010621  c4=8.6007e-05  cerr=0.83782  c5=0.0001786  c6=9430.3   [F1=0.93189  F_ET=0.68560  F_err=0.16218]
    STOP: TOTAL NO. of ITERATIONS REACHED LIMIT
    nit=500 nfev=535 cost=3.679804e-01 (484.6s)
    -> /Users/ziyi_dong_mac/Documents/GitHub/Qubit-Drive-GRAPE/pulses/est/u_X_est_dn_smoke500_seed8_w30_stage1.npy
    -> /Users/ziyi_dong_mac/Documents/GitHub/Qubit-Drive-GRAPE/pulses/est/x_X_est_dn_smoke500_seed8_w30_stage1.npy

=== X / est_dn / stage 2  weights=(1.0, 0.1, 0.0, 1.0, 0.0, 30.0, 0.0) ===
    N=1000 dt=1.0 ns  trunc_list=[20]  [eigh + analytic adjoint]
    start  c1=0.068113  c2=0.3144  c3=0.010621  c4=8.6007e-05  cerr=0.83782  c5=0.0001786  c6=9430.3   [F1=0.93189  F_ET=0.68560  F_err=0.16218]
    end    c1=0.0016245  c2=0.36703  c3=0.10147  c4=3.4348e-06  cerr=0.71032  c5=1.1505e-05  c6=9630.5   [F1=0.99838  F_ET=0.63297  F_err=0.28968]
    STOP: TOTAL NO. of ITERATIONS REACHED LIMIT
    nit=500 nfev=538 cost=3.867568e-02 (489.6s)
    -> /Users/ziyi_dong_mac/Documents/GitHub/Qubit-Drive-GRAPE/pulses/est/u_X_est_dn_smoke500_seed8_w30_stage2.npy
    -> /Users/ziyi_dong_mac/Documents/GitHub/Qubit-Drive-GRAPE/pulses/est/x_X_est_dn_smoke500_seed8_w30_stage2.npy

--- constraints on the saved pulse ---
  max_eps_cavity_rad_per_us: 25.11522544455997
  max_eps_transmon_rad_per_us: 25.18631059980277
  eps_max_rad_per_us: 25.132741228718345
  amplitude_cap_satisfied: True
  out_of_band_fraction: {'cavity': 0.0015632602327430452, 'transmon': 0.0021462134467954124}
  endpoint_rel_to_mid: [0.02102668152270307, 0.019602224321544175]

saved /Users/ziyi_dong_mac/Documents/GitHub/Qubit-Drive-GRAPE/pulses/est/u_X_est_dn_smoke500_seed8_w30.npy
      /Users/ziyi_dong_mac/Documents/GitHub/Qubit-Drive-GRAPE/pulses/est/x_X_est_dn_smoke500_seed8_w30.npy
      /Users/ziyi_dong_mac/Documents/GitHub/Qubit-Drive-GRAPE/logs/est_X_est_dn_smoke500_seed8_w30.json
