
=== X / est_dn / stage 1  weights=(1.0, 0.7, 7.0, 1.0, 0.0, 3.0, 0.0) ===
    N=1000 dt=1.0 ns  trunc_list=[20]  [eigh + analytic adjoint]
    start  c1=0.85415  c2=0.45305  c3=0.12295  c4=0  cerr=0.86491  c5=0.0013211  c6=5198.5   [F1=0.14585  F_ET=0.54695  F_err=0.13509]
    end    c1=0.067823  c2=0.24872  c3=0.01173  c4=1.8678e-05  cerr=0.85569  c5=0.0011743  c6=12891   [F1=0.93218  F_ET=0.75128  F_err=0.14431]
    STOP: TOTAL NO. of ITERATIONS REACHED LIMIT
    nit=500 nfev=538 cost=3.275759e-01 (517.1s)
    -> /Users/ziyi_dong_mac/Documents/GitHub/Qubit-Drive-GRAPE/pulses/est/u_X_est_dn_smoke500_w3_stage1.npy
    -> /Users/ziyi_dong_mac/Documents/GitHub/Qubit-Drive-GRAPE/pulses/est/x_X_est_dn_smoke500_w3_stage1.npy

=== X / est_dn / stage 2  weights=(1.0, 0.1, 0.0, 1.0, 0.0, 3.0, 0.0) ===
    N=1000 dt=1.0 ns  trunc_list=[20]  [eigh + analytic adjoint]
    start  c1=0.067823  c2=0.24872  c3=0.01173  c4=1.8678e-05  cerr=0.85569  c5=0.0011743  c6=12891   [F1=0.93218  F_ET=0.75128  F_err=0.14431]
    end    c1=0.0014307  c2=0.30274  c3=0.12519  c4=7.129e-06  cerr=0.83483  c5=0.00020287  c6=10593   [F1=0.99857  F_ET=0.69726  F_err=0.16517]
    STOP: TOTAL NO. of ITERATIONS REACHED LIMIT
    nit=500 nfev=549 cost=3.231998e-02 (529.6s)
    -> /Users/ziyi_dong_mac/Documents/GitHub/Qubit-Drive-GRAPE/pulses/est/u_X_est_dn_smoke500_w3_stage2.npy
    -> /Users/ziyi_dong_mac/Documents/GitHub/Qubit-Drive-GRAPE/pulses/est/x_X_est_dn_smoke500_w3_stage2.npy

--- constraints on the saved pulse ---
  max_eps_cavity_rad_per_us: 25.14940708287352
  max_eps_transmon_rad_per_us: 25.17647680339515
  eps_max_rad_per_us: 25.132741228718345
  amplitude_cap_satisfied: True
  out_of_band_fraction: {'cavity': 0.000714260224048849, 'transmon': 0.0018822487649961584}
  endpoint_rel_to_mid: [0.01859581149323353, 0.017559771309943357]

saved /Users/ziyi_dong_mac/Documents/GitHub/Qubit-Drive-GRAPE/pulses/est/u_X_est_dn_smoke500_w3.npy
      /Users/ziyi_dong_mac/Documents/GitHub/Qubit-Drive-GRAPE/pulses/est/x_X_est_dn_smoke500_w3.npy
      /Users/ziyi_dong_mac/Documents/GitHub/Qubit-Drive-GRAPE/logs/est_X_est_dn_smoke500_w3.json
