
=== X / est_dn / stage 1  weights=(1.0, 0.7, 7.0, 1.0, 0.0, 6.0, 0.0) ===
    N=1000 dt=1.0 ns  trunc_list=[20]  [eigh + analytic adjoint]
    start  c1=0.85415  c2=0.45305  c3=0.12295  c4=0  cerr=0.86491  c5=0.0013211  c6=5198.5   [F1=0.14585  F_ET=0.54695  F_err=0.13509]
    end    c1=0.053897  c2=0.30796  c3=0.011672  c4=3.1057e-05  cerr=0.56036  c5=0.00025829  c6=10640   [F1=0.94610  F_ET=0.69204  F_err=0.43964]
    STOP: TOTAL NO. of ITERATIONS REACHED LIMIT
    nit=500 nfev=521 cost=3.527587e-01 (477.0s)
    -> /Users/ziyi_dong_mac/Documents/GitHub/Qubit-Drive-GRAPE/pulses/est/u_X_est_dn_smoke500_seed6_w6_stage1.npy
    -> /Users/ziyi_dong_mac/Documents/GitHub/Qubit-Drive-GRAPE/pulses/est/x_X_est_dn_smoke500_seed6_w6_stage1.npy

=== X / est_dn / stage 2  weights=(1.0, 0.1, 0.0, 1.0, 0.0, 6.0, 0.0) ===
    N=1000 dt=1.0 ns  trunc_list=[20]  [eigh + analytic adjoint]
    start  c1=0.053897  c2=0.30796  c3=0.011672  c4=3.1057e-05  cerr=0.56036  c5=0.00025829  c6=10640   [F1=0.94610  F_ET=0.69204  F_err=0.43964]
    end    c1=0.00105  c2=0.33177  c3=0.078628  c4=2.982e-06  cerr=0.36127  c5=7.1124e-05  c6=10480   [F1=0.99895  F_ET=0.66823  F_err=0.63873]
    STOP: TOTAL NO. of ITERATIONS REACHED LIMIT
    nit=500 nfev=542 cost=3.465718e-02 (496.6s)
    -> /Users/ziyi_dong_mac/Documents/GitHub/Qubit-Drive-GRAPE/pulses/est/u_X_est_dn_smoke500_seed6_w6_stage2.npy
    -> /Users/ziyi_dong_mac/Documents/GitHub/Qubit-Drive-GRAPE/pulses/est/x_X_est_dn_smoke500_seed6_w6_stage2.npy

--- constraints on the saved pulse ---
  max_eps_cavity_rad_per_us: 25.119343053405093
  max_eps_transmon_rad_per_us: 25.155297535060118
  eps_max_rad_per_us: 25.132741228718345
  amplitude_cap_satisfied: True
  out_of_band_fraction: {'cavity': 0.0030216308940163254, 'transmon': 0.0007080995483936151}
  endpoint_rel_to_mid: [0.018797451155539907, 0.016671030753164024]

saved /Users/ziyi_dong_mac/Documents/GitHub/Qubit-Drive-GRAPE/pulses/est/u_X_est_dn_smoke500_seed6_w6.npy
      /Users/ziyi_dong_mac/Documents/GitHub/Qubit-Drive-GRAPE/pulses/est/x_X_est_dn_smoke500_seed6_w6.npy
      /Users/ziyi_dong_mac/Documents/GitHub/Qubit-Drive-GRAPE/logs/est_X_est_dn_smoke500_seed6_w6.json
