
=== X / est_err / stage 1  weights=(1.0, 0.7, 7.0, 1.0, 0.3, 0.0, 0.0) ===
    N=1000 dt=1.0 ns  trunc_list=[20]  [eigh + analytic adjoint]
    start  c1=0.89149  c2=0.53871  c3=0.20517  c4=0  cerr=0.92807  c5=0.00094702  c6=4781.2   [F1=0.10851  F_ET=0.46129  F_err=0.07193]
    end    c1=0.021141  c2=0.37787  c3=0.011936  c4=4.5961e-05  cerr=0.09808  c5=0.0036919  c6=11708   [F1=0.97886  F_ET=0.62213  F_err=0.90192]
    STOP: TOTAL NO. of ITERATIONS REACHED LIMIT
    nit=500 nfev=540 cost=3.986713e-01 (504.1s)
    -> /Users/ziyi_dong_mac/Documents/GitHub/Qubit-Drive-GRAPE/pulses/est/u_X_est_err_smoke500_seed2_w0.3_stage1.npy
    -> /Users/ziyi_dong_mac/Documents/GitHub/Qubit-Drive-GRAPE/pulses/est/x_X_est_err_smoke500_seed2_w0.3_stage1.npy

=== X / est_err / stage 2  weights=(1.0, 0.1, 0.0, 1.0, 0.3, 0.0, 0.0) ===
    N=1000 dt=1.0 ns  trunc_list=[20]  [eigh + analytic adjoint]
    start  c1=0.021141  c2=0.37787  c3=0.011936  c4=4.5961e-05  cerr=0.09808  c5=0.0036919  c6=11708   [F1=0.97886  F_ET=0.62213  F_err=0.90192]
    end    c1=0.0010894  c2=0.36801  c3=0.081694  c4=8.1511e-06  cerr=0.0079141  c5=0.0031906  c6=12067   [F1=0.99891  F_ET=0.63199  F_err=0.99209]
    STOP: TOTAL NO. of ITERATIONS REACHED LIMIT
    nit=500 nfev=550 cost=4.027309e-02 (507.2s)
    -> /Users/ziyi_dong_mac/Documents/GitHub/Qubit-Drive-GRAPE/pulses/est/u_X_est_err_smoke500_seed2_w0.3_stage2.npy
    -> /Users/ziyi_dong_mac/Documents/GitHub/Qubit-Drive-GRAPE/pulses/est/x_X_est_err_smoke500_seed2_w0.3_stage2.npy

--- constraints on the saved pulse ---
  max_eps_cavity_rad_per_us: 25.18476900654464
  max_eps_transmon_rad_per_us: 25.171736678227084
  eps_max_rad_per_us: 25.132741228718345
  amplitude_cap_satisfied: True
  out_of_band_fraction: {'cavity': 0.002755451428678293, 'transmon': 0.0007766181373569522}
  endpoint_rel_to_mid: [0.014183959274210808, 0.01452305950160061]

saved /Users/ziyi_dong_mac/Documents/GitHub/Qubit-Drive-GRAPE/pulses/est/u_X_est_err_smoke500_seed2_w0.3.npy
      /Users/ziyi_dong_mac/Documents/GitHub/Qubit-Drive-GRAPE/pulses/est/x_X_est_err_smoke500_seed2_w0.3.npy
      /Users/ziyi_dong_mac/Documents/GitHub/Qubit-Drive-GRAPE/logs/est_X_est_err_smoke500_seed2_w0.3.json
