
=== X / est_err / stage 1  weights=(1.0, 0.7, 7.0, 1.0, 0.1, 0.0, 0.0) ===
    N=1000 dt=1.0 ns  trunc_list=[20]  [eigh + analytic adjoint]
    start  c1=0.83748  c2=0.52205  c3=0.11597  c4=0  cerr=0.84807  c5=0.00037359  c6=5343.4   [F1=0.16252  F_ET=0.47795  F_err=0.15193]
    end    c1=0.05338  c2=0.29441  c3=0.0090339  c4=2.9967e-05  cerr=0.71858  c5=0.0077814  c6=11206   [F1=0.94662  F_ET=0.70559  F_err=0.28142]
    STOP: TOTAL NO. of ITERATIONS REACHED LIMIT
    nit=500 nfev=532 cost=3.945935e-01 (494.2s)
    -> /Users/ziyi_dong_mac/Documents/GitHub/Qubit-Drive-GRAPE/pulses/est/u_X_est_err_smoke500_seed8_w0.1_stage1.npy
    -> /Users/ziyi_dong_mac/Documents/GitHub/Qubit-Drive-GRAPE/pulses/est/x_X_est_err_smoke500_seed8_w0.1_stage1.npy

=== X / est_err / stage 2  weights=(1.0, 0.1, 0.0, 1.0, 0.1, 0.0, 0.0) ===
    N=1000 dt=1.0 ns  trunc_list=[20]  [eigh + analytic adjoint]
    start  c1=0.05338  c2=0.29441  c3=0.0090339  c4=2.9967e-05  cerr=0.71858  c5=0.0077814  c6=11206   [F1=0.94662  F_ET=0.70559  F_err=0.28142]
    end    c1=0.0012114  c2=0.37011  c3=0.10474  c4=1.6698e-05  cerr=0.062169  c5=0.0037025  c6=10815   [F1=0.99879  F_ET=0.62989  F_err=0.93783]
    STOP: TOTAL NO. of ITERATIONS REACHED LIMIT
    nit=500 nfev=550 cost=4.445549e-02 (506.1s)
    -> /Users/ziyi_dong_mac/Documents/GitHub/Qubit-Drive-GRAPE/pulses/est/u_X_est_err_smoke500_seed8_w0.1_stage2.npy
    -> /Users/ziyi_dong_mac/Documents/GitHub/Qubit-Drive-GRAPE/pulses/est/x_X_est_err_smoke500_seed8_w0.1_stage2.npy

--- constraints on the saved pulse ---
  max_eps_cavity_rad_per_us: 25.204310956225214
  max_eps_transmon_rad_per_us: 25.204477104510524
  eps_max_rad_per_us: 25.132741228718345
  amplitude_cap_satisfied: True
  out_of_band_fraction: {'cavity': 0.005081353274286678, 'transmon': 0.0004022932962384647}
  endpoint_rel_to_mid: [0.01861722357191285, 0.01525473944179829]

saved /Users/ziyi_dong_mac/Documents/GitHub/Qubit-Drive-GRAPE/pulses/est/u_X_est_err_smoke500_seed8_w0.1.npy
      /Users/ziyi_dong_mac/Documents/GitHub/Qubit-Drive-GRAPE/pulses/est/x_X_est_err_smoke500_seed8_w0.1.npy
      /Users/ziyi_dong_mac/Documents/GitHub/Qubit-Drive-GRAPE/logs/est_X_est_err_smoke500_seed8_w0.1.json
