
=== X / est_dn / stage 1  weights=(1.0, 0.7, 7.0, 1.0, 0.0, 10.0, 0.0) ===
    N=1000 dt=1.0 ns  trunc_list=[20]  [eigh + analytic adjoint]
    start  c1=0.85415  c2=0.45305  c3=0.12295  c4=0  cerr=0.86491  c5=0.0013211  c6=5198.5   [F1=0.14585  F_ET=0.54695  F_err=0.13509]
    end    c1=0.038906  c2=0.26642  c3=0.01132  c4=7.7718e-05  cerr=0.81239  c5=0.00039833  c6=12359   [F1=0.96109  F_ET=0.73358  F_err=0.18761]
    STOP: TOTAL NO. of ITERATIONS REACHED LIMIT
    nit=500 nfev=541 cost=3.087035e-01 (521.2s)
    -> /Users/ziyi_dong_mac/Documents/GitHub/Qubit-Drive-GRAPE/pulses/est/u_X_est_dn_smoke500_w10_stage1.npy
    -> /Users/ziyi_dong_mac/Documents/GitHub/Qubit-Drive-GRAPE/pulses/est/x_X_est_dn_smoke500_w10_stage1.npy

=== X / est_dn / stage 2  weights=(1.0, 0.1, 0.0, 1.0, 0.0, 10.0, 0.0) ===
    N=1000 dt=1.0 ns  trunc_list=[20]  [eigh + analytic adjoint]
    start  c1=0.038906  c2=0.26642  c3=0.01132  c4=7.7718e-05  cerr=0.81239  c5=0.00039833  c6=12359   [F1=0.96109  F_ET=0.73358  F_err=0.18761]
    end    c1=0.0025388  c2=0.31051  c3=0.090288  c4=4.6315e-06  cerr=0.79993  c5=7.9633e-05  c6=11929   [F1=0.99746  F_ET=0.68949  F_err=0.20007]
    STOP: TOTAL NO. of ITERATIONS REACHED LIMIT
    nit=500 nfev=551 cost=3.439044e-02 (529.6s)
    -> /Users/ziyi_dong_mac/Documents/GitHub/Qubit-Drive-GRAPE/pulses/est/u_X_est_dn_smoke500_w10_stage2.npy
    -> /Users/ziyi_dong_mac/Documents/GitHub/Qubit-Drive-GRAPE/pulses/est/x_X_est_dn_smoke500_w10_stage2.npy

--- constraints on the saved pulse ---
  max_eps_cavity_rad_per_us: 25.155138704391103
  max_eps_transmon_rad_per_us: 25.1626391746775
  eps_max_rad_per_us: 25.132741228718345
  amplitude_cap_satisfied: True
  out_of_band_fraction: {'cavity': 0.002789319176845667, 'transmon': 0.0012047262072796302}
  endpoint_rel_to_mid: [0.021291544641718157, 0.020674385328801472]

saved /Users/ziyi_dong_mac/Documents/GitHub/Qubit-Drive-GRAPE/pulses/est/u_X_est_dn_smoke500_w10.npy
      /Users/ziyi_dong_mac/Documents/GitHub/Qubit-Drive-GRAPE/pulses/est/x_X_est_dn_smoke500_w10.npy
      /Users/ziyi_dong_mac/Documents/GitHub/Qubit-Drive-GRAPE/logs/est_X_est_dn_smoke500_w10.json
