
=== X / est_err / stage 1  weights=(1.0, 0.7, 7.0, 1.0, 1.0, 0.0, 0.0) ===
    N=1000 dt=1.0 ns  trunc_list=[20]  [eigh + analytic adjoint]
    start  c1=0.89628  c2=0.59604  c3=0.13522  c4=0.023581  cerr=0.86036  c5=0.0067087  c6=5261.2   [F1=0.10372  F_ET=0.40396  F_err=0.13964]
    end    c1=0.66754  c2=0.0083682  c3=0.0030984  c4=0  cerr=0.66686  c5=1.4884e-07  c6=267.3   [F1=0.33246  F_ET=0.99163  F_err=0.33314]
    STOP: TOTAL NO. of ITERATIONS REACHED LIMIT
    nit=500 nfev=522 cost=1.361946e+00 (471.5s)
    -> /Users/ziyi_dong_mac/Documents/GitHub/Qubit-Drive-GRAPE/pulses/est/u_X_est_err_smoke500_seed0_w1_stage1.npy
    -> /Users/ziyi_dong_mac/Documents/GitHub/Qubit-Drive-GRAPE/pulses/est/x_X_est_err_smoke500_seed0_w1_stage1.npy

=== X / est_err / stage 2  weights=(1.0, 0.1, 0.0, 1.0, 1.0, 0.0, 0.0) ===
    N=1000 dt=1.0 ns  trunc_list=[20]  [eigh + analytic adjoint]
    start  c1=0.66754  c2=0.0083682  c3=0.0030984  c4=0  cerr=0.66686  c5=1.4884e-07  c6=267.3   [F1=0.33246  F_ET=0.99163  F_err=0.33314]
    end    c1=0.66667  c2=0.0030655  c3=0.15372  c4=0  cerr=0.66667  c5=8.4499e-12  c6=243.4   [F1=0.33333  F_ET=0.99693  F_err=0.33333]
    STOP: TOTAL NO. of ITERATIONS REACHED LIMIT
    nit=500 nfev=558 cost=1.333641e+00 (504.3s)
    -> /Users/ziyi_dong_mac/Documents/GitHub/Qubit-Drive-GRAPE/pulses/est/u_X_est_err_smoke500_seed0_w1_stage2.npy
    -> /Users/ziyi_dong_mac/Documents/GitHub/Qubit-Drive-GRAPE/pulses/est/x_X_est_err_smoke500_seed0_w1_stage2.npy

--- constraints on the saved pulse ---
  max_eps_cavity_rad_per_us: 2.5262753750943108
  max_eps_transmon_rad_per_us: 12.485637110304337
  eps_max_rad_per_us: 25.132741228718345
  amplitude_cap_satisfied: True
  out_of_band_fraction: {'cavity': 0.11303083117148566, 'transmon': 0.004234806031659768}
  endpoint_rel_to_mid: [0.033887302874524704, 0.03365621353209117]

saved /Users/ziyi_dong_mac/Documents/GitHub/Qubit-Drive-GRAPE/pulses/est/u_X_est_err_smoke500_seed0_w1.npy
      /Users/ziyi_dong_mac/Documents/GitHub/Qubit-Drive-GRAPE/pulses/est/x_X_est_err_smoke500_seed0_w1.npy
      /Users/ziyi_dong_mac/Documents/GitHub/Qubit-Drive-GRAPE/logs/est_X_est_err_smoke500_seed0_w1.json
