
=== X / est_dn / stage 1  weights=(1.0, 0.7, 7.0, 1.0, 0.0, 30.0, 0.0) ===
    N=1000 dt=1.0 ns  trunc_list=[20]  [eigh + analytic adjoint]
    start  c1=0.85415  c2=0.45305  c3=0.12295  c4=0  cerr=0.86491  c5=0.0013211  c6=5198.5   [F1=0.14585  F_ET=0.54695  F_err=0.13509]
    end    c1=0.044559  c2=0.32625  c3=0.010422  c4=6.8272e-05  cerr=0.62163  c5=0.00011202  c6=12287   [F1=0.95544  F_ET=0.67375  F_err=0.37837]
    STOP: TOTAL NO. of ITERATIONS REACHED LIMIT
    nit=500 nfev=534 cost=3.493168e-01 (514.8s)
    -> /Users/ziyi_dong_mac/Documents/GitHub/Qubit-Drive-GRAPE/pulses/est/u_X_est_dn_smoke500_w30_stage1.npy
    -> /Users/ziyi_dong_mac/Documents/GitHub/Qubit-Drive-GRAPE/pulses/est/x_X_est_dn_smoke500_w30_stage1.npy

=== X / est_dn / stage 2  weights=(1.0, 0.1, 0.0, 1.0, 0.0, 30.0, 0.0) ===
    N=1000 dt=1.0 ns  trunc_list=[20]  [eigh + analytic adjoint]
    start  c1=0.044559  c2=0.32625  c3=0.010422  c4=6.8272e-05  cerr=0.62163  c5=0.00011202  c6=12287   [F1=0.95544  F_ET=0.67375  F_err=0.37837]
    end    c1=0.0010472  c2=0.33033  c3=0.10161  c4=3.9634e-06  cerr=0.62651  c5=1.7323e-05  c6=11485   [F1=0.99895  F_ET=0.66967  F_err=0.37349]
    STOP: TOTAL NO. of ITERATIONS REACHED LIMIT
    nit=500 nfev=544 cost=3.460414e-02 (526.8s)
    -> /Users/ziyi_dong_mac/Documents/GitHub/Qubit-Drive-GRAPE/pulses/est/u_X_est_dn_smoke500_w30_stage2.npy
    -> /Users/ziyi_dong_mac/Documents/GitHub/Qubit-Drive-GRAPE/pulses/est/x_X_est_dn_smoke500_w30_stage2.npy

--- constraints on the saved pulse ---
  max_eps_cavity_rad_per_us: 25.157525625606606
  max_eps_transmon_rad_per_us: 25.17406659463552
  eps_max_rad_per_us: 25.132741228718345
  amplitude_cap_satisfied: True
  out_of_band_fraction: {'cavity': 0.0024619885767626143, 'transmon': 0.000686969190639205}
  endpoint_rel_to_mid: [0.02080951264983186, 0.017379998050422275]

saved /Users/ziyi_dong_mac/Documents/GitHub/Qubit-Drive-GRAPE/pulses/est/u_X_est_dn_smoke500_w30.npy
      /Users/ziyi_dong_mac/Documents/GitHub/Qubit-Drive-GRAPE/pulses/est/x_X_est_dn_smoke500_w30.npy
      /Users/ziyi_dong_mac/Documents/GitHub/Qubit-Drive-GRAPE/logs/est_X_est_dn_smoke500_w30.json
