
=== X / est_dn / stage 1  weights=(1.0, 0.7, 7.0, 1.0, 0.0, 1.0, 0.0) ===
    N=1000 dt=1.0 ns  trunc_list=[20]  [eigh + analytic adjoint]
    start  c1=0.89628  c2=0.59604  c3=0.13522  c4=0.023581  cerr=0.86036  c5=0.0067087  c6=5261.2   [F1=0.10372  F_ET=0.40396  F_err=0.13964]
    end    c1=0.043812  c2=0.30345  c3=0.01061  c4=7.256e-05  cerr=0.6883  c5=0.00062404  c6=9289.2   [F1=0.95619  F_ET=0.69655  F_err=0.31170]
    STOP: TOTAL NO. of ITERATIONS REACHED LIMIT
    nit=500 nfev=536 cost=3.311901e-01 (490.5s)
    -> /Users/ziyi_dong_mac/Documents/GitHub/Qubit-Drive-GRAPE/pulses/est/u_X_est_dn_smoke500_seed0_w1_stage1.npy
    -> /Users/ziyi_dong_mac/Documents/GitHub/Qubit-Drive-GRAPE/pulses/est/x_X_est_dn_smoke500_seed0_w1_stage1.npy

=== X / est_dn / stage 2  weights=(1.0, 0.1, 0.0, 1.0, 0.0, 1.0, 0.0) ===
    N=1000 dt=1.0 ns  trunc_list=[20]  [eigh + analytic adjoint]
    start  c1=0.043812  c2=0.30345  c3=0.01061  c4=7.256e-05  cerr=0.6883  c5=0.00062404  c6=9289.2   [F1=0.95619  F_ET=0.69655  F_err=0.31170]
    end    c1=0.0012421  c2=0.33866  c3=0.082393  c4=1.8824e-06  cerr=0.56284  c5=0.0005229  c6=7694.2   [F1=0.99876  F_ET=0.66134  F_err=0.43716]
    STOP: TOTAL NO. of ITERATIONS REACHED LIMIT
    nit=500 nfev=538 cost=3.563317e-02 (491.9s)
    -> /Users/ziyi_dong_mac/Documents/GitHub/Qubit-Drive-GRAPE/pulses/est/u_X_est_dn_smoke500_seed0_w1_stage2.npy
    -> /Users/ziyi_dong_mac/Documents/GitHub/Qubit-Drive-GRAPE/pulses/est/x_X_est_dn_smoke500_seed0_w1_stage2.npy

--- constraints on the saved pulse ---
  max_eps_cavity_rad_per_us: 25.144658621837127
  max_eps_transmon_rad_per_us: 25.152510149579175
  eps_max_rad_per_us: 25.132741228718345
  amplitude_cap_satisfied: True
  out_of_band_fraction: {'cavity': 0.005238452935048064, 'transmon': 0.0022963017503428843}
  endpoint_rel_to_mid: [0.015596729719475167, 0.01164754734875453]

saved /Users/ziyi_dong_mac/Documents/GitHub/Qubit-Drive-GRAPE/pulses/est/u_X_est_dn_smoke500_seed0_w1.npy
      /Users/ziyi_dong_mac/Documents/GitHub/Qubit-Drive-GRAPE/pulses/est/x_X_est_dn_smoke500_seed0_w1.npy
      /Users/ziyi_dong_mac/Documents/GitHub/Qubit-Drive-GRAPE/logs/est_X_est_dn_smoke500_seed0_w1.json
