
=== X / est_err / stage 1  weights=(1.0, 0.7, 7.0, 1.0, 1.0, 0.0, 0.0) ===
    N=1000 dt=1.0 ns  trunc_list=[20]  [eigh + analytic adjoint]
    start  c1=0.81432  c2=0.50909  c3=0.11317  c4=0  cerr=0.91682  c5=0.0005741  c6=4915.1   [F1=0.18568  F_ET=0.49091  F_err=0.08318]
    end    c1=0.029615  c2=0.43669  c3=0.013877  c4=6.5263e-05  cerr=0.025396  c5=0.0034148  c6=11348   [F1=0.97038  F_ET=0.56331  F_err=0.97460]
    STOP: TOTAL NO. of ITERATIONS REACHED LIMIT
    nit=500 nfev=525 cost=4.578930e-01 (479.3s)
    -> /Users/ziyi_dong_mac/Documents/GitHub/Qubit-Drive-GRAPE/pulses/est/u_X_est_err_smoke500_seed4_w1_stage1.npy
    -> /Users/ziyi_dong_mac/Documents/GitHub/Qubit-Drive-GRAPE/pulses/est/x_X_est_err_smoke500_seed4_w1_stage1.npy

=== X / est_err / stage 2  weights=(1.0, 0.1, 0.0, 1.0, 1.0, 0.0, 0.0) ===
    N=1000 dt=1.0 ns  trunc_list=[20]  [eigh + analytic adjoint]
    start  c1=0.029615  c2=0.43669  c3=0.013877  c4=6.5263e-05  cerr=0.025396  c5=0.0034148  c6=11348   [F1=0.97038  F_ET=0.56331  F_err=0.97460]
    end    c1=0.0017333  c2=0.47126  c3=0.0838  c4=1.0358e-05  cerr=0.0021638  c5=0.0025782  c6=11246   [F1=0.99827  F_ET=0.52874  F_err=0.99784]
    STOP: TOTAL NO. of ITERATIONS REACHED LIMIT
    nit=500 nfev=535 cost=5.103319e-02 (490.0s)
    -> /Users/ziyi_dong_mac/Documents/GitHub/Qubit-Drive-GRAPE/pulses/est/u_X_est_err_smoke500_seed4_w1_stage2.npy
    -> /Users/ziyi_dong_mac/Documents/GitHub/Qubit-Drive-GRAPE/pulses/est/x_X_est_err_smoke500_seed4_w1_stage2.npy

--- constraints on the saved pulse ---
  max_eps_cavity_rad_per_us: 25.176542780870946
  max_eps_transmon_rad_per_us: 25.17358475319164
  eps_max_rad_per_us: 25.132741228718345
  amplitude_cap_satisfied: True
  out_of_band_fraction: {'cavity': 0.0013568204748748349, 'transmon': 0.0019950013683174275}
  endpoint_rel_to_mid: [0.011726177198237202, 0.00939929965470892]

saved /Users/ziyi_dong_mac/Documents/GitHub/Qubit-Drive-GRAPE/pulses/est/u_X_est_err_smoke500_seed4_w1.npy
      /Users/ziyi_dong_mac/Documents/GitHub/Qubit-Drive-GRAPE/pulses/est/x_X_est_err_smoke500_seed4_w1.npy
      /Users/ziyi_dong_mac/Documents/GitHub/Qubit-Drive-GRAPE/logs/est_X_est_err_smoke500_seed4_w1.json
