
=== X / est_err / stage 1  weights=(1.0, 0.7, 7.0, 1.0, 3.0, 0.0, 0.0) ===
    N=1000 dt=1.0 ns  trunc_list=[20]  [eigh + analytic adjoint]
    start  c1=0.83748  c2=0.52205  c3=0.11597  c4=0  cerr=0.84807  c5=0.00037359  c6=5343.4   [F1=0.16252  F_ET=0.47795  F_err=0.15193]
    end    c1=0.044463  c2=0.50828  c3=0.015959  c4=9.7951e-05  cerr=0.0040898  c5=0.0024019  c6=13212   [F1=0.95554  F_ET=0.49172  F_err=0.99591]
    STOP: TOTAL NO. of ITERATIONS REACHED LIMIT
    nit=500 nfev=526 cost=5.243400e-01 (481.7s)
    -> /Users/ziyi_dong_mac/Documents/GitHub/Qubit-Drive-GRAPE/pulses/est/u_X_est_err_smoke500_seed8_w3_stage1.npy
    -> /Users/ziyi_dong_mac/Documents/GitHub/Qubit-Drive-GRAPE/pulses/est/x_X_est_err_smoke500_seed8_w3_stage1.npy

=== X / est_err / stage 2  weights=(1.0, 0.1, 0.0, 1.0, 3.0, 0.0, 0.0) ===
    N=1000 dt=1.0 ns  trunc_list=[20]  [eigh + analytic adjoint]
    start  c1=0.044463  c2=0.50828  c3=0.015959  c4=9.7951e-05  cerr=0.0040898  c5=0.0024019  c6=13212   [F1=0.95554  F_ET=0.49172  F_err=0.99591]
    end    c1=0.0035703  c2=0.51606  c3=0.067968  c4=1.1698e-05  cerr=0.00078567  c5=0.0054057  c6=12583   [F1=0.99643  F_ET=0.48394  F_err=0.99921]
    STOP: TOTAL NO. of ITERATIONS REACHED LIMIT
    nit=500 nfev=530 cost=5.754490e-02 (487.1s)
    -> /Users/ziyi_dong_mac/Documents/GitHub/Qubit-Drive-GRAPE/pulses/est/u_X_est_err_smoke500_seed8_w3_stage2.npy
    -> /Users/ziyi_dong_mac/Documents/GitHub/Qubit-Drive-GRAPE/pulses/est/x_X_est_err_smoke500_seed8_w3_stage2.npy

--- constraints on the saved pulse ---
  max_eps_cavity_rad_per_us: 25.1634279664913
  max_eps_transmon_rad_per_us: 25.19269897152217
  eps_max_rad_per_us: 25.132741228718345
  amplitude_cap_satisfied: True
  out_of_band_fraction: {'cavity': 0.00043104106428641084, 'transmon': 0.0013757258561299904}
  endpoint_rel_to_mid: [0.00770346485028849, 0.00824447485237929]

saved /Users/ziyi_dong_mac/Documents/GitHub/Qubit-Drive-GRAPE/pulses/est/u_X_est_err_smoke500_seed8_w3.npy
      /Users/ziyi_dong_mac/Documents/GitHub/Qubit-Drive-GRAPE/pulses/est/x_X_est_err_smoke500_seed8_w3.npy
      /Users/ziyi_dong_mac/Documents/GitHub/Qubit-Drive-GRAPE/logs/est_X_est_err_smoke500_seed8_w3.json
