
=== X / est_dn / stage 1  weights=(1.0, 0.7, 7.0, 1.0, 0.0, 1.0, 0.0) ===
    N=1000 dt=1.0 ns  trunc_list=[20]  [eigh + analytic adjoint]
    start  c1=0.81432  c2=0.50909  c3=0.11317  c4=0  cerr=0.91682  c5=0.0005741  c6=4915.1   [F1=0.18568  F_ET=0.49091  F_err=0.08318]
    end    c1=0.064584  c2=0.29593  c3=0.009674  c4=5.0069e-05  cerr=0.84405  c5=0.0029494  c6=9161.3   [F1=0.93542  F_ET=0.70407  F_err=0.15595]
    STOP: TOTAL NO. of ITERATIONS REACHED LIMIT
    nit=500 nfev=531 cost=3.424485e-01 (485.8s)
    -> /Users/ziyi_dong_mac/Documents/GitHub/Qubit-Drive-GRAPE/pulses/est/u_X_est_dn_smoke500_seed4_w1_stage1.npy
    -> /Users/ziyi_dong_mac/Documents/GitHub/Qubit-Drive-GRAPE/pulses/est/x_X_est_dn_smoke500_seed4_w1_stage1.npy

=== X / est_dn / stage 2  weights=(1.0, 0.1, 0.0, 1.0, 0.0, 1.0, 0.0) ===
    N=1000 dt=1.0 ns  trunc_list=[20]  [eigh + analytic adjoint]
    start  c1=0.064584  c2=0.29593  c3=0.009674  c4=5.0069e-05  cerr=0.84405  c5=0.0029494  c6=9161.3   [F1=0.93542  F_ET=0.70407  F_err=0.15595]
    end    c1=0.00088947  c2=0.36752  c3=0.10097  c4=4.2377e-06  cerr=0.81029  c5=0.00015631  c6=8763.2   [F1=0.99911  F_ET=0.63248  F_err=0.18971]
    STOP: TOTAL NO. of ITERATIONS REACHED LIMIT
    nit=500 nfev=543 cost=3.780235e-02 (495.8s)
    -> /Users/ziyi_dong_mac/Documents/GitHub/Qubit-Drive-GRAPE/pulses/est/u_X_est_dn_smoke500_seed4_w1_stage2.npy
    -> /Users/ziyi_dong_mac/Documents/GitHub/Qubit-Drive-GRAPE/pulses/est/x_X_est_dn_smoke500_seed4_w1_stage2.npy

--- constraints on the saved pulse ---
  max_eps_cavity_rad_per_us: 25.176189784207814
  max_eps_transmon_rad_per_us: 25.167902742159477
  eps_max_rad_per_us: 25.132741228718345
  amplitude_cap_satisfied: True
  out_of_band_fraction: {'cavity': 0.004042711612478071, 'transmon': 0.0007140093978061794}
  endpoint_rel_to_mid: [0.016020954381294396, 0.013084563391414561]

saved /Users/ziyi_dong_mac/Documents/GitHub/Qubit-Drive-GRAPE/pulses/est/u_X_est_dn_smoke500_seed4_w1.npy
      /Users/ziyi_dong_mac/Documents/GitHub/Qubit-Drive-GRAPE/pulses/est/x_X_est_dn_smoke500_seed4_w1.npy
      /Users/ziyi_dong_mac/Documents/GitHub/Qubit-Drive-GRAPE/logs/est_X_est_dn_smoke500_seed4_w1.json
