
=== X / est_err / stage 1  weights=(1.0, 0.7, 7.0, 1.0, 3.0, 0.0, 0.0) ===
    N=1000 dt=1.0 ns  trunc_list=[20]  [eigh + analytic adjoint]
    start  c1=0.81432  c2=0.50909  c3=0.11317  c4=0  cerr=0.91682  c5=0.0005741  c6=4915.1   [F1=0.18568  F_ET=0.49091  F_err=0.08318]
    end    c1=0.033422  c2=0.51522  c3=0.013435  c4=1.6521e-05  cerr=0.0058841  c5=0.004541  c6=6729.9   [F1=0.96658  F_ET=0.48478  F_err=0.99412]
    STOP: TOTAL NO. of ITERATIONS REACHED LIMIT
    nit=500 nfev=534 cost=5.057859e-01 (488.4s)
    -> /Users/ziyi_dong_mac/Documents/GitHub/Qubit-Drive-GRAPE/pulses/est/u_X_est_err_smoke500_seed4_w3_stage1.npy
    -> /Users/ziyi_dong_mac/Documents/GitHub/Qubit-Drive-GRAPE/pulses/est/x_X_est_err_smoke500_seed4_w3_stage1.npy

=== X / est_err / stage 2  weights=(1.0, 0.1, 0.0, 1.0, 3.0, 0.0, 0.0) ===
    N=1000 dt=1.0 ns  trunc_list=[20]  [eigh + analytic adjoint]
    start  c1=0.033422  c2=0.51522  c3=0.013435  c4=1.6521e-05  cerr=0.0058841  c5=0.004541  c6=6729.9   [F1=0.96658  F_ET=0.48478  F_err=0.99412]
    end    c1=0.0032418  c2=0.50517  c3=0.091685  c4=2.023e-05  cerr=0.00050388  c5=0.011543  c6=7565.7   [F1=0.99676  F_ET=0.49483  F_err=0.99950]
    STOP: TOTAL NO. of ITERATIONS REACHED LIMIT
    nit=500 nfev=535 cost=5.529108e-02 (489.2s)
    -> /Users/ziyi_dong_mac/Documents/GitHub/Qubit-Drive-GRAPE/pulses/est/u_X_est_err_smoke500_seed4_w3_stage2.npy
    -> /Users/ziyi_dong_mac/Documents/GitHub/Qubit-Drive-GRAPE/pulses/est/x_X_est_err_smoke500_seed4_w3_stage2.npy

--- constraints on the saved pulse ---
  max_eps_cavity_rad_per_us: 25.22171430574278
  max_eps_transmon_rad_per_us: 25.17792224911148
  eps_max_rad_per_us: 25.132741228718345
  amplitude_cap_satisfied: True
  out_of_band_fraction: {'cavity': 0.0010191141879543927, 'transmon': 0.0016215812006763774}
  endpoint_rel_to_mid: [0.02530919498778042, 0.01845232758265974]

saved /Users/ziyi_dong_mac/Documents/GitHub/Qubit-Drive-GRAPE/pulses/est/u_X_est_err_smoke500_seed4_w3.npy
      /Users/ziyi_dong_mac/Documents/GitHub/Qubit-Drive-GRAPE/pulses/est/x_X_est_err_smoke500_seed4_w3.npy
      /Users/ziyi_dong_mac/Documents/GitHub/Qubit-Drive-GRAPE/logs/est_X_est_err_smoke500_seed4_w3.json
