
=== X / est_dn / stage 1  weights=(1.0, 0.7, 7.0, 1.0, 0.0, 30.0, 0.0) ===
    N=1000 dt=1.0 ns  trunc_list=[20]  [eigh + analytic adjoint]
    start  c1=0.89149  c2=0.53871  c3=0.20517  c4=0  cerr=0.92807  c5=0.00094702  c6=4781.2   [F1=0.10851  F_ET=0.46129  F_err=0.07193]
    end    c1=0.66737  c2=0.0082473  c3=0.0025223  c4=0  cerr=0.66778  c5=6.3061e-08  c6=92.398   [F1=0.33263  F_ET=0.99175  F_err=0.33222]
    STOP: TOTAL NO. of ITERATIONS REACHED LIMIT
    nit=500 nfev=527 cost=6.908006e-01 (482.4s)
    -> /Users/ziyi_dong_mac/Documents/GitHub/Qubit-Drive-GRAPE/pulses/est/u_X_est_dn_smoke500_seed2_w30_stage1.npy
    -> /Users/ziyi_dong_mac/Documents/GitHub/Qubit-Drive-GRAPE/pulses/est/x_X_est_dn_smoke500_seed2_w30_stage1.npy

=== X / est_dn / stage 2  weights=(1.0, 0.1, 0.0, 1.0, 0.0, 30.0, 0.0) ===
    N=1000 dt=1.0 ns  trunc_list=[20]  [eigh + analytic adjoint]
    start  c1=0.66737  c2=0.0082473  c3=0.0025223  c4=0  cerr=0.66778  c5=6.3061e-08  c6=92.398   [F1=0.33263  F_ET=0.99175  F_err=0.33222]
    end    c1=0.66667  c2=0.0029609  c3=0.28939  c4=0  cerr=0.66722  c5=1.1988e-11  c6=100.58   [F1=0.33333  F_ET=0.99704  F_err=0.33278]
    STOP: TOTAL NO. of ITERATIONS REACHED LIMIT
    nit=500 nfev=552 cost=6.669631e-01 (501.3s)
    -> /Users/ziyi_dong_mac/Documents/GitHub/Qubit-Drive-GRAPE/pulses/est/u_X_est_dn_smoke500_seed2_w30_stage2.npy
    -> /Users/ziyi_dong_mac/Documents/GitHub/Qubit-Drive-GRAPE/pulses/est/x_X_est_dn_smoke500_seed2_w30_stage2.npy

--- constraints on the saved pulse ---
  max_eps_cavity_rad_per_us: 1.9748642556997758
  max_eps_transmon_rad_per_us: 10.596605399857252
  eps_max_rad_per_us: 25.132741228718345
  amplitude_cap_satisfied: True
  out_of_band_fraction: {'cavity': 0.2227025166065144, 'transmon': 0.0038273895346650163}
  endpoint_rel_to_mid: [0.05312912079227064, 0.05275123187040559]

saved /Users/ziyi_dong_mac/Documents/GitHub/Qubit-Drive-GRAPE/pulses/est/u_X_est_dn_smoke500_seed2_w30.npy
      /Users/ziyi_dong_mac/Documents/GitHub/Qubit-Drive-GRAPE/pulses/est/x_X_est_dn_smoke500_seed2_w30.npy
      /Users/ziyi_dong_mac/Documents/GitHub/Qubit-Drive-GRAPE/logs/est_X_est_dn_smoke500_seed2_w30.json
