
=== X / est_err / stage 1  weights=(1.0, 0.7, 7.0, 1.0, 0.01, 0.0, 0.0) ===
    N=1000 dt=1.0 ns  trunc_list=[20]  [eigh + analytic adjoint]
    start  c1=0.89628  c2=0.59604  c3=0.13522  c4=0.023581  cerr=0.86036  c5=0.0067087  c6=5261.2   [F1=0.10372  F_ET=0.40396  F_err=0.13964]
    end    c1=0.041502  c2=0.34354  c3=0.011775  c4=0.00013329  cerr=0.60901  c5=0.0034635  c6=10901   [F1=0.95850  F_ET=0.65646  F_err=0.39099]
    STOP: TOTAL NO. of ITERATIONS REACHED LIMIT
    nit=500 nfev=527 cost=3.706306e-01 (476.4s)
    -> /Users/ziyi_dong_mac/Documents/GitHub/Qubit-Drive-GRAPE/pulses/est/u_X_est_err_smoke500_seed0_w0.01_stage1.npy
    -> /Users/ziyi_dong_mac/Documents/GitHub/Qubit-Drive-GRAPE/pulses/est/x_X_est_err_smoke500_seed0_w0.01_stage1.npy

=== X / est_err / stage 2  weights=(1.0, 0.1, 0.0, 1.0, 0.01, 0.0, 0.0) ===
    N=1000 dt=1.0 ns  trunc_list=[20]  [eigh + analytic adjoint]
    start  c1=0.041502  c2=0.34354  c3=0.011775  c4=0.00013329  cerr=0.60901  c5=0.0034635  c6=10901   [F1=0.95850  F_ET=0.65646  F_err=0.39099]
    end    c1=0.00091169  c2=0.33088  c3=0.11189  c4=1.2442e-05  cerr=0.44288  c5=0.0019448  c6=10405   [F1=0.99909  F_ET=0.66912  F_err=0.55712]
    STOP: TOTAL NO. of ITERATIONS REACHED LIMIT
    nit=500 nfev=541 cost=3.844068e-02 (489.0s)
    -> /Users/ziyi_dong_mac/Documents/GitHub/Qubit-Drive-GRAPE/pulses/est/u_X_est_err_smoke500_seed0_w0.01_stage2.npy
    -> /Users/ziyi_dong_mac/Documents/GitHub/Qubit-Drive-GRAPE/pulses/est/x_X_est_err_smoke500_seed0_w0.01_stage2.npy

--- constraints on the saved pulse ---
  max_eps_cavity_rad_per_us: 25.201383784292474
  max_eps_transmon_rad_per_us: 25.158982536811752
  eps_max_rad_per_us: 25.132741228718345
  amplitude_cap_satisfied: True
  out_of_band_fraction: {'cavity': 0.0051132076403279485, 'transmon': 0.0010408151979712343}
  endpoint_rel_to_mid: [0.013038946299721885, 0.01406951100857448]

saved /Users/ziyi_dong_mac/Documents/GitHub/Qubit-Drive-GRAPE/pulses/est/u_X_est_err_smoke500_seed0_w0.01.npy
      /Users/ziyi_dong_mac/Documents/GitHub/Qubit-Drive-GRAPE/pulses/est/x_X_est_err_smoke500_seed0_w0.01.npy
      /Users/ziyi_dong_mac/Documents/GitHub/Qubit-Drive-GRAPE/logs/est_X_est_err_smoke500_seed0_w0.01.json
