
=== X / est_dn / stage 1  weights=(1.0, 0.7, 7.0, 1.0, 0.0, 10.0, 0.0) ===
    N=1000 dt=1.0 ns  trunc_list=[20]  [eigh + analytic adjoint]
    start  c1=0.89149  c2=0.53871  c3=0.20517  c4=0  cerr=0.92807  c5=0.00094702  c6=4781.2   [F1=0.10851  F_ET=0.46129  F_err=0.07193]
    end    c1=0.042982  c2=0.28618  c3=0.0096631  c4=0.00013084  cerr=0.71928  c5=0.00029264  c6=11126   [F1=0.95702  F_ET=0.71382  F_err=0.28072]
    STOP: TOTAL NO. of ITERATIONS REACHED LIMIT
    nit=500 nfev=527 cost=3.140069e-01 (488.4s)
    -> /Users/ziyi_dong_mac/Documents/GitHub/Qubit-Drive-GRAPE/pulses/est/u_X_est_dn_smoke500_seed2_w10_stage1.npy
    -> /Users/ziyi_dong_mac/Documents/GitHub/Qubit-Drive-GRAPE/pulses/est/x_X_est_dn_smoke500_seed2_w10_stage1.npy

=== X / est_dn / stage 2  weights=(1.0, 0.1, 0.0, 1.0, 0.0, 10.0, 0.0) ===
    N=1000 dt=1.0 ns  trunc_list=[20]  [eigh + analytic adjoint]
    start  c1=0.042982  c2=0.28618  c3=0.0096631  c4=0.00013084  cerr=0.71928  c5=0.00029264  c6=11126   [F1=0.95702  F_ET=0.71382  F_err=0.28072]
    end    c1=0.0014105  c2=0.30271  c3=0.074568  c4=3.6746e-06  cerr=0.52058  c5=9.404e-05  c6=8404.3   [F1=0.99859  F_ET=0.69729  F_err=0.47942]
    STOP: TOTAL NO. of ITERATIONS REACHED LIMIT
    nit=500 nfev=538 cost=3.262586e-02 (495.2s)
    -> /Users/ziyi_dong_mac/Documents/GitHub/Qubit-Drive-GRAPE/pulses/est/u_X_est_dn_smoke500_seed2_w10_stage2.npy
    -> /Users/ziyi_dong_mac/Documents/GitHub/Qubit-Drive-GRAPE/pulses/est/x_X_est_dn_smoke500_seed2_w10_stage2.npy

--- constraints on the saved pulse ---
  max_eps_cavity_rad_per_us: 25.15054431284467
  max_eps_transmon_rad_per_us: 25.163077100787604
  eps_max_rad_per_us: 25.132741228718345
  amplitude_cap_satisfied: True
  out_of_band_fraction: {'cavity': 0.006034199692810262, 'transmon': 0.0006875579915238994}
  endpoint_rel_to_mid: [0.01996583304746759, 0.018561764774510145]

saved /Users/ziyi_dong_mac/Documents/GitHub/Qubit-Drive-GRAPE/pulses/est/u_X_est_dn_smoke500_seed2_w10.npy
      /Users/ziyi_dong_mac/Documents/GitHub/Qubit-Drive-GRAPE/pulses/est/x_X_est_dn_smoke500_seed2_w10.npy
      /Users/ziyi_dong_mac/Documents/GitHub/Qubit-Drive-GRAPE/logs/est_X_est_dn_smoke500_seed2_w10.json
