
=== X / est_err / stage 1  weights=(1.0, 0.7, 7.0, 1.0, 0.5, 0.0, 0.0) ===
    N=1000 dt=1.0 ns  trunc_list=[20]  [eigh + analytic adjoint]
    start  c1=0.89628  c2=0.59604  c3=0.13522  c4=0.023581  cerr=0.86036  c5=0.0067087  c6=5261.2   [F1=0.10372  F_ET=0.40396  F_err=0.13964]
    end    c1=0.034748  c2=0.38418  c3=0.012883  c4=0.00018429  cerr=0.083672  c5=0.0020203  c6=10802   [F1=0.96525  F_ET=0.61582  F_err=0.91633]
    STOP: TOTAL NO. of ITERATIONS REACHED LIMIT
    nit=500 nfev=530 cost=4.358689e-01 (479.1s)
    -> /Users/ziyi_dong_mac/Documents/GitHub/Qubit-Drive-GRAPE/pulses/est/u_X_est_err_smoke500_seed0_w0.5_stage1.npy
    -> /Users/ziyi_dong_mac/Documents/GitHub/Qubit-Drive-GRAPE/pulses/est/x_X_est_err_smoke500_seed0_w0.5_stage1.npy

=== X / est_err / stage 2  weights=(1.0, 0.1, 0.0, 1.0, 0.5, 0.0, 0.0) ===
    N=1000 dt=1.0 ns  trunc_list=[20]  [eigh + analytic adjoint]
    start  c1=0.034748  c2=0.38418  c3=0.012883  c4=0.00018429  cerr=0.083672  c5=0.0020203  c6=10802   [F1=0.96525  F_ET=0.61582  F_err=0.91633]
    end    c1=0.0030479  c2=0.46182  c3=0.078865  c4=6.7273e-06  cerr=0.0064631  c5=0.0031112  c6=13130   [F1=0.99695  F_ET=0.53818  F_err=0.99354]
    STOP: TOTAL NO. of ITERATIONS REACHED LIMIT
    nit=500 nfev=537 cost=5.246770e-02 (485.6s)
    -> /Users/ziyi_dong_mac/Documents/GitHub/Qubit-Drive-GRAPE/pulses/est/u_X_est_err_smoke500_seed0_w0.5_stage2.npy
    -> /Users/ziyi_dong_mac/Documents/GitHub/Qubit-Drive-GRAPE/pulses/est/x_X_est_err_smoke500_seed0_w0.5_stage2.npy

--- constraints on the saved pulse ---
  max_eps_cavity_rad_per_us: 25.157569002223873
  max_eps_transmon_rad_per_us: 25.160588588584694
  eps_max_rad_per_us: 25.132741228718345
  amplitude_cap_satisfied: True
  out_of_band_fraction: {'cavity': 0.0008363757795254209, 'transmon': 0.00032485736234970895}
  endpoint_rel_to_mid: [0.012418325229597103, 0.009177060776140954]

saved /Users/ziyi_dong_mac/Documents/GitHub/Qubit-Drive-GRAPE/pulses/est/u_X_est_err_smoke500_seed0_w0.5.npy
      /Users/ziyi_dong_mac/Documents/GitHub/Qubit-Drive-GRAPE/pulses/est/x_X_est_err_smoke500_seed0_w0.5.npy
      /Users/ziyi_dong_mac/Documents/GitHub/Qubit-Drive-GRAPE/logs/est_X_est_err_smoke500_seed0_w0.5.json
