
=== X / est_dn / stage 1  weights=(1.0, 0.7, 7.0, 1.0, 0.0, 30.0, 0.0) ===
    N=1000 dt=1.0 ns  trunc_list=[20]  [eigh + analytic adjoint]
    start  c1=0.89628  c2=0.59604  c3=0.13522  c4=0.023581  cerr=0.86036  c5=0.0067087  c6=5261.2   [F1=0.10372  F_ET=0.40396  F_err=0.13964]
    end    c1=0.055565  c2=0.28294  c3=0.010849  c4=9.236e-05  cerr=0.75107  c5=3.7184e-05  c6=13031   [F1=0.94444  F_ET=0.71706  F_err=0.24893]
    STOP: TOTAL NO. of ITERATIONS REACHED LIMIT
    nit=500 nfev=548 cost=3.307708e-01 (512.9s)
    -> /Users/ziyi_dong_mac/Documents/GitHub/Qubit-Drive-GRAPE/pulses/est/u_X_est_dn_smoke500_seed0_w30_stage1.npy
    -> /Users/ziyi_dong_mac/Documents/GitHub/Qubit-Drive-GRAPE/pulses/est/x_X_est_dn_smoke500_seed0_w30_stage1.npy

=== X / est_dn / stage 2  weights=(1.0, 0.1, 0.0, 1.0, 0.0, 30.0, 0.0) ===
    N=1000 dt=1.0 ns  trunc_list=[20]  [eigh + analytic adjoint]
    start  c1=0.055565  c2=0.28294  c3=0.010849  c4=9.236e-05  cerr=0.75107  c5=3.7184e-05  c6=13031   [F1=0.94444  F_ET=0.71706  F_err=0.24893]
    end    c1=0.0013686  c2=0.33705  c3=0.09388  c4=3.9566e-06  cerr=0.82374  c5=2.977e-05  c6=10757   [F1=0.99863  F_ET=0.66295  F_err=0.17626]
    STOP: TOTAL NO. of ITERATIONS REACHED LIMIT
    nit=500 nfev=545 cost=3.597073e-02 (500.0s)
    -> /Users/ziyi_dong_mac/Documents/GitHub/Qubit-Drive-GRAPE/pulses/est/u_X_est_dn_smoke500_seed0_w30_stage2.npy
    -> /Users/ziyi_dong_mac/Documents/GitHub/Qubit-Drive-GRAPE/pulses/est/x_X_est_dn_smoke500_seed0_w30_stage2.npy

--- constraints on the saved pulse ---
  max_eps_cavity_rad_per_us: 25.155198322432977
  max_eps_transmon_rad_per_us: 25.18418265328149
  eps_max_rad_per_us: 25.132741228718345
  amplitude_cap_satisfied: True
  out_of_band_fraction: {'cavity': 0.0039571306758497205, 'transmon': 0.003536557240251567}
  endpoint_rel_to_mid: [0.014757150451849044, 0.01672602683634199]

saved /Users/ziyi_dong_mac/Documents/GitHub/Qubit-Drive-GRAPE/pulses/est/u_X_est_dn_smoke500_seed0_w30.npy
      /Users/ziyi_dong_mac/Documents/GitHub/Qubit-Drive-GRAPE/pulses/est/x_X_est_dn_smoke500_seed0_w30.npy
      /Users/ziyi_dong_mac/Documents/GitHub/Qubit-Drive-GRAPE/logs/est_X_est_dn_smoke500_seed0_w30.json
