
=== X / est_err / stage 1  weights=(1.0, 0.7, 7.0, 1.0, 1.0, 0.0, 0.0) ===
    N=1000 dt=1.0 ns  trunc_list=[20]  [eigh + analytic adjoint]
    start  c1=0.93806  c2=0.50723  c3=0.11152  c4=0  cerr=0.94229  c5=0.0017263  c6=5852   [F1=0.06194  F_ET=0.49277  F_err=0.05771]
    end    c1=0.036565  c2=0.41214  c3=0.013504  c4=0.00028892  cerr=0.026627  c5=0.0020392  c6=8005.8   [F1=0.96344  F_ET=0.58786  F_err=0.97337]
    STOP: TOTAL NO. of ITERATIONS REACHED LIMIT
    nit=500 nfev=530 cost=4.465051e-01 (484.2s)
    -> /Users/ziyi_dong_mac/Documents/GitHub/Qubit-Drive-GRAPE/pulses/est/u_X_est_err_smoke500_seed5_w1_stage1.npy
    -> /Users/ziyi_dong_mac/Documents/GitHub/Qubit-Drive-GRAPE/pulses/est/x_X_est_err_smoke500_seed5_w1_stage1.npy

=== X / est_err / stage 2  weights=(1.0, 0.1, 0.0, 1.0, 1.0, 0.0, 0.0) ===
    N=1000 dt=1.0 ns  trunc_list=[20]  [eigh + analytic adjoint]
    start  c1=0.036565  c2=0.41214  c3=0.013504  c4=0.00028892  cerr=0.026627  c5=0.0020392  c6=8005.8   [F1=0.96344  F_ET=0.58786  F_err=0.97337]
    end    c1=0.0013884  c2=0.42222  c3=0.09432  c4=1.3945e-05  cerr=0.0018365  c5=0.00084425  c6=6988.6   [F1=0.99861  F_ET=0.57778  F_err=0.99816]
    STOP: TOTAL NO. of ITERATIONS REACHED LIMIT
    nit=500 nfev=544 cost=4.546080e-02 (498.5s)
    -> /Users/ziyi_dong_mac/Documents/GitHub/Qubit-Drive-GRAPE/pulses/est/u_X_est_err_smoke500_seed5_w1_stage2.npy
    -> /Users/ziyi_dong_mac/Documents/GitHub/Qubit-Drive-GRAPE/pulses/est/x_X_est_err_smoke500_seed5_w1_stage2.npy

--- constraints on the saved pulse ---
  max_eps_cavity_rad_per_us: 25.177447111735937
  max_eps_transmon_rad_per_us: 25.17729305235596
  eps_max_rad_per_us: 25.132741228718345
  amplitude_cap_satisfied: True
  out_of_band_fraction: {'cavity': 0.0034314424269666615, 'transmon': 0.00029758664162755146}
  endpoint_rel_to_mid: [0.010022302781585439, 0.006634411627536242]

saved /Users/ziyi_dong_mac/Documents/GitHub/Qubit-Drive-GRAPE/pulses/est/u_X_est_err_smoke500_seed5_w1.npy
      /Users/ziyi_dong_mac/Documents/GitHub/Qubit-Drive-GRAPE/pulses/est/x_X_est_err_smoke500_seed5_w1.npy
      /Users/ziyi_dong_mac/Documents/GitHub/Qubit-Drive-GRAPE/logs/est_X_est_err_smoke500_seed5_w1.json
