
============================================================
Optimizing pulse | Truncations: [22, 24, 26]
Training objective: F_coh (process) [coherent_fidelity_multi_state]
============================================================
assert_coherent_inputs passed for trunc_list=[22, 24, 26]
Starting from smooth random controls (peak |u| = 4.0000 <= 4.0)
Using best-seen pulse (F_coh (process) = 0.999792) instead of final L-BFGS point (F_coh (process) = 0.999785)
Saved optimized pulse to /Users/ziyi_dong_mac/Documents/GitHub/Qubit-Drive-GRAPE/pulses/u_T_coh_fresh.npy

============================================================
Post-optimization bare F_coh (process) per training truncation
============================================================
  n_c=22: F_coh (process) = 0.999792
  n_c=24: F_coh (process) = 0.999792
  n_c=26: F_coh (process) = 0.999792
  max pairwise |F_i - F_j| across training truncations: 4.722e-12
============================================================

Finished: STOP: TOTAL NO. of ITERATIONS REACHED LIMIT
Final optimizer objective F_coh (process) (at max trunc): 0.999792
Best bare multi-trunc F_coh (process) seen during optimization: 0.999792
Note: F_coh is the process objective; report Pedersen gate fidelity separately.
