
============================================================
Optimizing pulse | Truncations: [22, 24, 26]
Training objective: F_coh (process) [coherent_fidelity_multi_state]
============================================================
assert_coherent_inputs passed for trunc_list=[22, 24, 26]
Starting from smooth random controls (peak |u| = 4.0000 <= 4.0)
Using best-seen pulse (F_coh (process) = 0.998153) instead of final L-BFGS point (F_coh (process) = 0.998088)
Saved optimized pulse to /Users/ziyi_dong_mac/Documents/GitHub/Qubit-Drive-GRAPE/pulses/u_H_coh_fresh.npy

============================================================
Post-optimization bare F_coh (process) per training truncation
============================================================
  n_c=22: F_coh (process) = 0.998153
  n_c=24: F_coh (process) = 0.998153
  n_c=26: F_coh (process) = 0.998153
  max pairwise |F_i - F_j| across training truncations: 6.216e-09
============================================================

Finished: STOP: TOTAL NO. of ITERATIONS REACHED LIMIT
Final optimizer objective F_coh (process) (at max trunc): 0.998153
Best bare multi-trunc F_coh (process) seen during optimization: 0.998153
Note: F_coh is the process objective; report Pedersen gate fidelity separately.
