Using training objective: F_coh (process) [coherent_fidelity_multi_state]
assert_coherent_inputs passed for trunc_list=[22, 24, 26]

============================================================
Optimizing pulse | Truncations: [22, 24, 26]
Training objective: F_coh (process) [coherent_fidelity_multi_state]
============================================================
assert_coherent_inputs passed for trunc_list=[22, 24, 26]
Starting from smooth random controls (peak |u| = 4.0000 <= 4.0)
Saved optimized pulse to pulses/staging_umax25/u_Y_main_seed43.npy
Saved raw pre-image to pulses/staging_umax25/x_Y_main_seed43.npy (resume with init_x)

============================================================
Post-optimization bare F_coh (process) per training truncation
============================================================
  n_c=22: F_coh (process) = 0.996691
  n_c=24: F_coh (process) = 0.996691
  n_c=26: F_coh (process) = 0.996691
  max pairwise |F_i - F_j| across training truncations: 3.806e-07
============================================================

Finished: STOP: TOTAL NO. of ITERATIONS REACHED LIMIT
Final optimizer objective F_coh (process) (at max trunc): 0.996691
Best bare multi-trunc F_coh (process) seen during optimization: 0.996691
Note: F_coh is the process objective; report Pedersen gate fidelity separately.
Constraint check: endpoints 2.560% of mid-pulse RMS, peak |u| = 20.41 rad/us, max|x| = 24.97
  peak drive modulus |I+iQ|: cavity 15.52, transmon 20.47 rad/us (amp_max = 25.0, amp_norm = modulus)
  residual out-of-band: cavity 1.07e-04, transmon 3.23e-04

Gate: U_Y
Optimization info: {'message': 'STOP: TOTAL NO. of ITERATIONS REACHED LIMIT', 'success': False, 'iterations': 1500, 'final_fidelity': np.float64(0.9966907403070534), 'objective_label': 'F_coh (process)', 'best_bare_F_during_opt': np.float64(0.996690888476882), 'trunc_list': [22, 24, 26], 'disc_penalty_weight': 0.5, 'snapshots': {}, 'x_preimage': array([[12.48675825,  3.28614473, -6.47986838,  6.74008488],
       [12.52546391,  3.23121001, -7.91439594, 13.89834516],
       [12.43397911,  3.1237301 , -9.08607626, 21.84817983],
       ...,
       [11.62440205,  3.07955238, -1.85901762, -7.67808235],
       [12.02762724,  3.21356074, -3.32926082, -4.14718988],
       [12.31876868,  3.28175645, -4.90882053,  0.66968702]]), 'ramp_ns': 48.0, 'warm_start_kind': 'cold', 'roundtrip_err': None, 'max_abs_preimage': 24.965932997587014, 'amp_norm': 'modulus', 'max_drive_modulus': {'cav': 15.51990902123022, 'tra': 20.46791334912215}, 'constraints': {'peak_amp': 20.40902686644788, 'peak_modulus_cav': 15.51990902123022, 'peak_modulus_tra': 20.46791334912215, 'mid_rms': 6.569770997141895, 'endpoint_start': 0.16815969935629171, 'endpoint_end': 0.16593788415223637, 'endpoint_rel_to_mid': 0.02559597578506887, 'endpoint_rel_to_peak': 0.008239476603009603, 'out_of_band_cavity': 0.00010678163692797514, 'out_of_band_transmon': 0.00032305330830709243}}
  optimizer objective F_coh (process) = 0.996691
  reported gate fidelity (Pedersen, n_c=24) = 0.996701
