Using training objective: F_coh (process) [coherent_fidelity_multi_state]
assert_coherent_inputs passed for trunc_list=[22, 24, 26]

============================================================
Optimizing pulse | Truncations: [22, 24, 26]
Training objective: F_coh (process) [coherent_fidelity_multi_state]
============================================================
assert_coherent_inputs passed for trunc_list=[22, 24, 26]
Starting from smooth random controls (peak |u| = 4.0000 <= 4.0)
Using best-seen pulse (F_coh (process) = 0.999239) instead of final L-BFGS point (F_coh (process) = 0.999230)
Saved optimized pulse to pulses/staging_umax25/u_enc_main_seed47.npy
Saved raw pre-image to pulses/staging_umax25/x_enc_main_seed47.npy (resume with init_x)

============================================================
Post-optimization bare F_coh (process) per training truncation
============================================================
  n_c=22: F_coh (process) = 0.999239
  n_c=24: F_coh (process) = 0.999239
  n_c=26: F_coh (process) = 0.999239
  max pairwise |F_i - F_j| across training truncations: 2.373e-07
============================================================

Finished: STOP: TOTAL NO. of ITERATIONS REACHED LIMIT
Final optimizer objective F_coh (process) (at max trunc): 0.999239
Best bare multi-trunc F_coh (process) seen during optimization: 0.999239
Note: F_coh is the process objective; report Pedersen gate fidelity separately.
Constraint check: endpoints 4.820% of mid-pulse RMS, peak |u| = 16.58 rad/us, max|x| = 25.00
  peak drive modulus |I+iQ|: cavity 16.79, transmon 15.52 rad/us (amp_max = 25.0, amp_norm = modulus)
  residual out-of-band: cavity 2.79e-04, transmon 9.26e-05

Gate: U_enc
Optimization info: {'message': 'STOP: TOTAL NO. of ITERATIONS REACHED LIMIT', 'success': False, 'iterations': 1500, 'final_fidelity': np.float64(0.9992387617341271), 'objective_label': 'F_coh (process)', 'best_bare_F_during_opt': np.float64(0.9992388550994659), 'trunc_list': [22, 24, 26], 'disc_penalty_weight': 0.5, 'snapshots': {}, 'x_preimage': array([[25.        , -2.61214125,  2.70155451, 11.21124053],
       [25.        , -1.72032464,  3.19040813,  8.1401728 ],
       [25.        , -0.83640902,  3.54807934,  5.26573723],
       ...,
       [25.        , -5.0369041 ,  0.62823595, 15.14625656],
       [25.        , -4.29901135,  1.39419943, 17.17899405],
       [25.        , -3.48160385,  2.09530224, 14.2925151 ]]), 'ramp_ns': 48.0, 'warm_start_kind': 'cold', 'roundtrip_err': None, 'max_abs_preimage': 25.0, 'amp_norm': 'modulus', 'max_drive_modulus': {'cav': 16.786011755569728, 'tra': 15.5243854133982}, 'constraints': {'peak_amp': 16.584648666434553, 'peak_modulus_cav': 16.786011755569728, 'peak_modulus_tra': 15.5243854133982, 'mid_rms': 7.387943329324528, 'endpoint_start': 0.35207492596763035, 'endpoint_end': 0.35613292731414886, 'endpoint_rel_to_mid': 0.04820461005711447, 'endpoint_rel_to_peak': 0.021473649184677725, 'out_of_band_cavity': 0.0002794773402578093, 'out_of_band_transmon': 9.264243955388172e-05}}
  optimizer objective F_coh (process) = 0.999239
  reported gate fidelity (Pedersen, cross-subspace, n_c=24) = 0.999239   L1 = 7.612e-04
