Using training objective: F_coh (process) [coherent_fidelity_multi_state]
assert_coherent_inputs passed for trunc_list=[22, 24, 26]

============================================================
Optimizing pulse | Truncations: [22, 24, 26]
Training objective: F_coh (process) [coherent_fidelity_multi_state]
============================================================
assert_coherent_inputs passed for trunc_list=[22, 24, 26]
Starting from smooth random controls (peak |u| = 4.0000 <= 4.0)
Using best-seen pulse (F_coh (process) = 0.999051) instead of final L-BFGS point (F_coh (process) = 0.998995)
Saved optimized pulse to pulses/staging_umax25/u_enc_main_seed45.npy
Saved raw pre-image to pulses/staging_umax25/x_enc_main_seed45.npy (resume with init_x)

============================================================
Post-optimization bare F_coh (process) per training truncation
============================================================
  n_c=22: F_coh (process) = 0.999051
  n_c=24: F_coh (process) = 0.999051
  n_c=26: F_coh (process) = 0.999051
  max pairwise |F_i - F_j| across training truncations: 7.500e-07
============================================================

Finished: STOP: TOTAL NO. of ITERATIONS REACHED LIMIT
Final optimizer objective F_coh (process) (at max trunc): 0.999051
Best bare multi-trunc F_coh (process) seen during optimization: 0.999051
Note: F_coh is the process objective; report Pedersen gate fidelity separately.
Constraint check: endpoints 5.493% of mid-pulse RMS, peak |u| = 19.35 rad/us, max|x| = 25.00
  peak drive modulus |I+iQ|: cavity 20.83, transmon 19.18 rad/us (amp_max = 25.0, amp_norm = modulus)
  residual out-of-band: cavity 5.82e-04, transmon 2.59e-04

Gate: U_enc
Optimization info: {'message': 'STOP: TOTAL NO. of ITERATIONS REACHED LIMIT', 'success': False, 'iterations': 1500, 'final_fidelity': np.float64(0.9990512963459389), 'objective_label': 'F_coh (process)', 'best_bare_F_during_opt': np.float64(0.9990510185616709), 'trunc_list': [22, 24, 26], 'disc_penalty_weight': 0.5, 'snapshots': {}, 'x_preimage': array([[  5.48718413,   7.71521133,  -2.20386249, -25.        ],
       [  9.58949938,   8.64169985,   0.70659308, -25.        ],
       [ 13.64764571,   9.42884156,   3.35394773, -24.26907743],
       ...,
       [ -5.79314927,   4.33001854, -10.9699533 , -20.62999517],
       [ -2.3226595 ,   5.53158619,  -8.20169115, -23.4158581 ],
       [  1.47453894,   6.66989403,  -5.22698208, -25.        ]]), 'ramp_ns': 48.0, 'warm_start_kind': 'cold', 'roundtrip_err': None, 'max_abs_preimage': 25.0, 'amp_norm': 'modulus', 'max_drive_modulus': {'cav': 20.82901737764095, 'tra': 19.18085623798218}, 'constraints': {'peak_amp': 19.35002713158707, 'peak_modulus_cav': 20.82901737764095, 'peak_modulus_tra': 19.18085623798218, 'mid_rms': 6.021417710288151, 'endpoint_start': 0.3228484972352916, 'endpoint_end': 0.33073135554777067, 'endpoint_rel_to_mid': 0.05492582834482408, 'endpoint_rel_to_peak': 0.017092035752646742, 'out_of_band_cavity': 0.0005820805959356831, 'out_of_band_transmon': 0.00025877284335293967}}
  optimizer objective F_coh (process) = 0.999051
  reported gate fidelity (Pedersen, cross-subspace, n_c=24) = 0.999051   L1 = 9.481e-04
